14:42:47 **** Build of configuration Debug for project blinnktest1 ****
make -r -j4 all 
Building target: blinnktest1.axf
Invoking: MCU Linker
arm-none-eabi-gcc -nostdlib -L"/home/parichey/Documents/MCUXpresso_10.3.0_2200/workspace/lpc_chip_175x_6x/Debug" -Xlinker -Map="blinnktest1.map" -Xlinker --gc-sections -Xlinker -print-memory-usage -mcpu=cortex-m3 -mthumb -T "blinnktest1_Debug.ld" -o "blinnktest1.axf"  ./src/blinnktest1.o ./src/cr_startup_lpc175x_6x.o ./src/crp.o ./src/sysinit.o   -llpc_chip_175x_6x
Memory region         Used Size  Region Size  %age Used
       MFlash512:        2376 B       512 KB      0.45%
        RamLoc32:          20 B        32 KB      0.06%
        RamAHB32:          0 GB        32 KB      0.00%
Finished building target: blinnktest1.axf
 
make --no-print-directory post-build
Performing post-build steps
arm-none-eabi-size "blinnktest1.axf"; # arm-none-eabi-objcopy -v -O binary "blinnktest1.axf" "blinnktest1.bin" ; # checksum -p LPC1769 -d "blinnktest1.bin";
   text	   data	    bss	    dec	    hex	filename
   2376	      0	     20	   2396	    95c	blinnktest1.axf
 

14:42:48 Build Finished (took 685ms)

