15:08:19 **** Incremental Build of configuration Debug for project lpc_chip_175x_6x ****
make -r all 
make: Nothing to be done for 'all'.
15:08:20 **** Incremental Build of configuration Debug for project led-color ****
make -r -j4 all 
Building file: ../src/led-color.c
Invoking: MCU C Compiler
arm-none-eabi-gcc -DDEBUG -D__CODE_RED -DCORE_M3 -D__USE_LPCOPEN -DNO_BOARD_LIB -D__LPC17XX__ -D__REDLIB__ -I"/home/parichey/Documents/MCUXpresso_10.3.0_2200/workspace/lpc_chip_175x_6x/inc" -O0 -fno-common -g3 -Wall -c -fmessage-length=0 -fno-builtin -ffunction-sections -fdata-sections -mcpu=cortex-m3 -mthumb -specs=redlib.specs -MMD -MP -MF"src/led-color.d" -MT"src/led-color.o" -MT"src/led-color.d" -o "src/led-color.o" "../src/led-color.c"
../src/led-color.c: In function 'main':
../src/led-color.c:48:6: warning: implicit declaration of function 'Board_LED_Set' [-Wimplicit-function-declaration]
      Board_LED_Set(Red,on_l);
      ^~~~~~~~~~~~~
../src/led-color.c:48:20: error: 'Red' undeclared (first use in this function)
      Board_LED_Set(Red,on_l);
                    ^~~
../src/led-color.c:48:20: note: each undeclared identifier is reported only once for each function it appears in
../src/led-color.c:48:24: error: 'on_l' undeclared (first use in this function)
      Board_LED_Set(Red,on_l);
                        ^~~~
../src/led-color.c:45:25: warning: unused variable 'i' [-Wunused-variable]
     volatile static int i = 0 ;
                         ^
make: *** [src/led-color.o] Error 1
src/subdir.mk:27: recipe for target 'src/led-color.o' failed
15:13:05 **** Incremental Build of configuration Debug for project lpc_chip_175x_6x ****
make -r all 
make: Nothing to be done for 'all'.
15:13:06 **** Incremental Build of configuration Debug for project led-color ****
make -r -j4 all 
Building file: ../src/led-color.c
Invoking: MCU C Compiler
arm-none-eabi-gcc -DDEBUG -D__CODE_RED -DCORE_M3 -D__USE_LPCOPEN -DNO_BOARD_LIB -D__LPC17XX__ -D__REDLIB__ -I"/home/parichey/Documents/MCUXpresso_10.3.0_2200/workspace/lpc_chip_175x_6x/inc" -O0 -fno-common -g3 -Wall -c -fmessage-length=0 -fno-builtin -ffunction-sections -fdata-sections -mcpu=cortex-m3 -mthumb -specs=redlib.specs -MMD -MP -MF"src/led-color.d" -MT"src/led-color.o" -MT"src/led-color.d" -o "src/led-color.o" "../src/led-color.c"
../src/led-color.c: In function 'main':
../src/led-color.c:48:6: warning: implicit declaration of function 'Board_LED_Set' [-Wimplicit-function-declaration]
      Board_LED_Set(Red,on_l);
      ^~~~~~~~~~~~~
../src/led-color.c:48:20: error: 'Red' undeclared (first use in this function)
      Board_LED_Set(Red,on_l);
                    ^~~
../src/led-color.c:48:20: note: each undeclared identifier is reported only once for each function it appears in
src/subdir.mk:27: recipe for target 'src/led-color.o' failed
../src/led-color.c:48:24: error: 'on_l' undeclared (first use in this function)
      Board_LED_Set(Red,on_l);
                        ^~~~
../src/led-color.c:45:25: warning: unused variable 'i' [-Wunused-variable]
     volatile static int i = 0 ;
                         ^
make: *** [src/led-color.o] Error 1
15:13:45 **** Incremental Build of configuration Debug for project lpc_chip_175x_6x ****
make -r all 
make: Nothing to be done for 'all'.
15:13:45 **** Incremental Build of configuration Debug for project led-color ****
make -r -j4 all 
Building file: ../src/led-color.c
Invoking: MCU C Compiler
arm-none-eabi-gcc -DDEBUG -D__CODE_RED -DCORE_M3 -D__USE_LPCOPEN -DNO_BOARD_LIB -D__LPC17XX__ -D__REDLIB__ -I"/home/parichey/Documents/MCUXpresso_10.3.0_2200/workspace/lpc_chip_175x_6x/inc" -O0 -fno-common -g3 -Wall -c -fmessage-length=0 -fno-builtin -ffunction-sections -fdata-sections -mcpu=cortex-m3 -mthumb -specs=redlib.specs -MMD -MP -MF"src/led-color.d" -MT"src/led-color.o" -MT"src/led-color.d" -o "src/led-color.o" "../src/led-color.c"
../src/led-color.c: In function 'main':
../src/led-color.c:48:6: warning: implicit declaration of function 'Board_LED_Set' [-Wimplicit-function-declaration]
      Board_LED_Set(Red,off_l);
      ^~~~~~~~~~~~~
../src/led-color.c:48:20: error: 'Red' undeclared (first use in this function)
      Board_LED_Set(Red,off_l);
                    ^~~
../src/led-color.c:48:20: note: each undeclared identifier is reported only once for each function it appears in
../src/led-color.c:48:24: error: 'off_l' undeclared (first use in this function)
      Board_LED_Set(Red,off_l);
                        ^~~~~
../src/led-color.c:45:25: warning: unused variable 'i' [-Wunused-variable]
     volatile static int i = 0 ;
                         ^
src/subdir.mk:27: recipe for target 'src/led-color.o' failed
make: *** [src/led-color.o] Error 1
15:38:03 **** Build of configuration Debug for project lpc_board_nxp_lpcxpresso_1769 ****
make -r all 
Building file: ../src/board.c
Invoking: MCU C Compiler
arm-none-eabi-gcc -D__REDLIB__ -DDEBUG -D__CODE_RED -D__USE_LPCOPEN -DCORE_M3 -I"/home/parichey/Documents/MCUXpresso_10.3.0_2200/workspace/lpc_chip_175x_6x/inc" -I"/home/parichey/Documents/MCUXpresso_10.3.0_2200/workspace/lpc_board_nxp_lpcxpresso_1769/inc" -O0 -g3 -Wall -c -fmessage-length=0 -fno-builtin -ffunction-sections -fdata-sections -mcpu=cortex-m3 -mthumb -specs=redlib.specs -MMD -MP -MF"src/board.d" -MT"src/board.o" -MT"src/board.d" -o "src/board.o" "../src/board.c"
../src/board.c: In function 'Board_I2C_Init':
../src/board.c:267:2: warning: enumeration value 'I2C_NUM_INTERFACE' not handled in switch [-Wswitch]
  switch (id) {
  ^~~~~~
Finished building: ../src/board.c
 
Building file: ../src/board_sysinit.c
Invoking: MCU C Compiler
arm-none-eabi-gcc -D__REDLIB__ -DDEBUG -D__CODE_RED -D__USE_LPCOPEN -DCORE_M3 -I"/home/parichey/Documents/MCUXpresso_10.3.0_2200/workspace/lpc_chip_175x_6x/inc" -I"/home/parichey/Documents/MCUXpresso_10.3.0_2200/workspace/lpc_board_nxp_lpcxpresso_1769/inc" -O0 -g3 -Wall -c -fmessage-length=0 -fno-builtin -ffunction-sections -fdata-sections -mcpu=cortex-m3 -mthumb -specs=redlib.specs -MMD -MP -MF"src/board_sysinit.d" -MT"src/board_sysinit.o" -MT"src/board_sysinit.d" -o "src/board_sysinit.o" "../src/board_sysinit.c"
Finished building: ../src/board_sysinit.c
 
Building file: ../src/lpc_phy_smsc87x0.c
Invoking: MCU C Compiler
arm-none-eabi-gcc -D__REDLIB__ -DDEBUG -D__CODE_RED -D__USE_LPCOPEN -DCORE_M3 -I"/home/parichey/Documents/MCUXpresso_10.3.0_2200/workspace/lpc_chip_175x_6x/inc" -I"/home/parichey/Documents/MCUXpresso_10.3.0_2200/workspace/lpc_board_nxp_lpcxpresso_1769/inc" -O0 -g3 -Wall -c -fmessage-length=0 -fno-builtin -ffunction-sections -fdata-sections -mcpu=cortex-m3 -mthumb -specs=redlib.specs -MMD -MP -MF"src/lpc_phy_smsc87x0.d" -MT"src/lpc_phy_smsc87x0.o" -MT"src/lpc_phy_smsc87x0.d" -o "src/lpc_phy_smsc87x0.o" "../src/lpc_phy_smsc87x0.c"
Finished building: ../src/lpc_phy_smsc87x0.c
 
Building target: liblpc_board_nxp_lpcxpresso_1769.a
Invoking: MCU Archiver
arm-none-eabi-ar -r  "liblpc_board_nxp_lpcxpresso_1769.a"  ./src/board.o ./src/board_sysinit.o ./src/lpc_phy_smsc87x0.o   
Finished building target: liblpc_board_nxp_lpcxpresso_1769.a
 
make --no-print-directory post-build
Performing post-build steps
arm-none-eabi-size "liblpc_board_nxp_lpcxpresso_1769.a" ; # arm-none-eabi-objdump -h -S "liblpc_board_nxp_lpcxpresso_1769.a" >"liblpc_board_nxp_lpcxpresso_1769.lss"
   text	   data	    bss	    dec	    hex	filename
   2203	      0	      0	   2203	    89b	board.o (ex liblpc_board_nxp_lpcxpresso_1769.a)
    202	      0	      0	    202	     ca	board_sysinit.o (ex liblpc_board_nxp_lpcxpresso_1769.a)
    856	      0	     18	    874	    36a	lpc_phy_smsc87x0.o (ex liblpc_board_nxp_lpcxpresso_1769.a)
 
15:38:06 **** Incremental Build of configuration Debug for project lpc_chip_175x_6x ****
make -r all 
make: Nothing to be done for 'all'.
15:38:08 **** Build of configuration Debug for project testle ****
make -r -j4 all 
Building file: ../src/cr_startup_lpc175x_6x.c
Building file: ../src/crp.c
Building file: ../src/testle.c
Building file: ../src/sysinit.c
Invoking: MCU C Compiler
arm-none-eabi-gcc -DDEBUG -D__CODE_RED -DCORE_M3 -D__USE_LPCOPEN -D__LPC17XX__ -D__REDLIB__ -I"/home/parichey/Documents/MCUXpresso_10.3.0_2200/workspace/lpc_board_nxp_lpcxpresso_1769/inc" -I"/home/parichey/Documents/MCUXpresso_10.3.0_2200/workspace/lpc_chip_175x_6x/inc" -O0 -fno-common -g3 -Wall -c -fmessage-length=0 -fno-builtin -ffunction-sections -fdata-sections -mcpu=cortex-m3 -mthumb -specs=redlib.specs -MMD -MP -MF"src/crp.d" -MT"src/crp.o" -MT"src/crp.d" -o "src/crp.o" "../src/crp.c"
Invoking: MCU C Compiler
arm-none-eabi-gcc -DDEBUG -D__CODE_RED -DCORE_M3 -D__USE_LPCOPEN -D__LPC17XX__ -D__REDLIB__ -I"/home/parichey/Documents/MCUXpresso_10.3.0_2200/workspace/lpc_board_nxp_lpcxpresso_1769/inc" -I"/home/parichey/Documents/MCUXpresso_10.3.0_2200/workspace/lpc_chip_175x_6x/inc" -O0 -fno-common -g3 -Wall -c -fmessage-length=0 -fno-builtin -ffunction-sections -fdata-sections -mcpu=cortex-m3 -mthumb -specs=redlib.specs -MMD -MP -MF"src/testle.d" -MT"src/testle.o" -MT"src/testle.d" -o "src/testle.o" "../src/testle.c"
Invoking: MCU C Compiler
arm-none-eabi-gcc -DDEBUG -D__CODE_RED -DCORE_M3 -D__USE_LPCOPEN -D__LPC17XX__ -D__REDLIB__ -I"/home/parichey/Documents/MCUXpresso_10.3.0_2200/workspace/lpc_board_nxp_lpcxpresso_1769/inc" -I"/home/parichey/Documents/MCUXpresso_10.3.0_2200/workspace/lpc_chip_175x_6x/inc" -O0 -fno-common -g3 -Wall -c -fmessage-length=0 -fno-builtin -ffunction-sections -fdata-sections -mcpu=cortex-m3 -mthumb -specs=redlib.specs -MMD -MP -MF"src/cr_startup_lpc175x_6x.d" -MT"src/cr_startup_lpc175x_6x.o" -MT"src/cr_startup_lpc175x_6x.d" -o "src/cr_startup_lpc175x_6x.o" "../src/cr_startup_lpc175x_6x.c"
Invoking: MCU C Compiler
arm-none-eabi-gcc -DDEBUG -D__CODE_RED -DCORE_M3 -D__USE_LPCOPEN -D__LPC17XX__ -D__REDLIB__ -I"/home/parichey/Documents/MCUXpresso_10.3.0_2200/workspace/lpc_board_nxp_lpcxpresso_1769/inc" -I"/home/parichey/Documents/MCUXpresso_10.3.0_2200/workspace/lpc_chip_175x_6x/inc" -O0 -fno-common -g3 -Wall -c -fmessage-length=0 -fno-builtin -ffunction-sections -fdata-sections -mcpu=cortex-m3 -mthumb -specs=redlib.specs -MMD -MP -MF"src/sysinit.d" -MT"src/sysinit.o" -MT"src/sysinit.d" -o "src/sysinit.o" "../src/sysinit.c"
Finished building: ../src/cr_startup_lpc175x_6x.c
 
Finished building: ../src/testle.c
 
Finished building: ../src/crp.c
 
Finished building: ../src/sysinit.c
 
Building target: testle.axf
Invoking: MCU Linker
arm-none-eabi-gcc -nostdlib -L"/home/parichey/Documents/MCUXpresso_10.3.0_2200/workspace/lpc_board_nxp_lpcxpresso_1769/Debug" -L"/home/parichey/Documents/MCUXpresso_10.3.0_2200/workspace/lpc_chip_175x_6x/Debug" -Xlinker -Map="testle.map" -Xlinker --gc-sections -Xlinker -print-memory-usage -mcpu=cortex-m3 -mthumb -T "testle_Debug.ld" -o "testle.axf"  ./src/cr_startup_lpc175x_6x.o ./src/crp.o ./src/sysinit.o ./src/testle.o   -llpc_board_nxp_lpcxpresso_1769 -llpc_chip_175x_6x
Memory region         Used Size  Region Size  %age Used
       MFlash512:        3920 B       512 KB      0.75%
        RamLoc32:           8 B        32 KB      0.02%
        RamAHB32:          0 GB        32 KB      0.00%
Finished building target: testle.axf
 
make --no-print-directory post-build
Performing post-build steps
arm-none-eabi-size "testle.axf"; # arm-none-eabi-objcopy -v -O binary "testle.axf" "testle.bin" ; # checksum -p LPC1769 -d "testle.bin";
   text	   data	    bss	    dec	    hex	filename
   3920	      0	      8	   3928	    f58	testle.axf
 
15:38:10 **** Incremental Build of configuration Debug for project testle ****
make -r -j4 all 
make: Nothing to be done for 'all'.
15:38:46 **** Incremental Build of configuration Debug for project lpc_board_nxp_lpcxpresso_1769 ****
make -r all 
make: Nothing to be done for 'all'.
15:38:47 **** Incremental Build of configuration Debug for project lpc_chip_175x_6x ****
make -r all 
make: Nothing to be done for 'all'.
15:38:48 **** Incremental Build of configuration Debug for project testle ****
make -r -j4 all 
Building file: ../src/testle.c
Invoking: MCU C Compiler
arm-none-eabi-gcc -DDEBUG -D__CODE_RED -DCORE_M3 -D__USE_LPCOPEN -D__LPC17XX__ -D__REDLIB__ -I"/home/parichey/Documents/MCUXpresso_10.3.0_2200/workspace/lpc_board_nxp_lpcxpresso_1769/inc" -I"/home/parichey/Documents/MCUXpresso_10.3.0_2200/workspace/lpc_chip_175x_6x/inc" -O0 -fno-common -g3 -Wall -c -fmessage-length=0 -fno-builtin -ffunction-sections -fdata-sections -mcpu=cortex-m3 -mthumb -specs=redlib.specs -MMD -MP -MF"src/testle.d" -MT"src/testle.o" -MT"src/testle.d" -o "src/testle.o" "../src/testle.c"
Finished building: ../src/testle.c
 
Building target: testle.axf
Invoking: MCU Linker
arm-none-eabi-gcc -nostdlib -L"/home/parichey/Documents/MCUXpresso_10.3.0_2200/workspace/lpc_board_nxp_lpcxpresso_1769/Debug" -L"/home/parichey/Documents/MCUXpresso_10.3.0_2200/workspace/lpc_chip_175x_6x/Debug" -Xlinker -Map="testle.map" -Xlinker --gc-sections -Xlinker -print-memory-usage -mcpu=cortex-m3 -mthumb -T "testle_Debug.ld" -o "testle.axf"  ./src/cr_startup_lpc175x_6x.o ./src/crp.o ./src/sysinit.o ./src/testle.o   -llpc_board_nxp_lpcxpresso_1769 -llpc_chip_175x_6x
Memory region         Used Size  Region Size  %age Used
       MFlash512:        3920 B       512 KB      0.75%
        RamLoc32:           8 B        32 KB      0.02%
        RamAHB32:          0 GB        32 KB      0.00%
Finished building target: testle.axf
 
make --no-print-directory post-build
Performing post-build steps
arm-none-eabi-size "testle.axf"; # arm-none-eabi-objcopy -v -O binary "testle.axf" "testle.bin" ; # checksum -p LPC1769 -d "testle.bin";
   text	   data	    bss	    dec	    hex	filename
   3920	      0	      8	   3928	    f58	testle.axf
 
15:41:22 **** Incremental Build of configuration Debug for project lpc_board_nxp_lpcxpresso_1769 ****
make -r all 
make: Nothing to be done for 'all'.
15:41:23 **** Incremental Build of configuration Debug for project lpc_chip_175x_6x ****
make -r all 
make: Nothing to be done for 'all'.
15:41:24 **** Incremental Build of configuration Debug for project testle ****
make -r -j4 all 
Building file: ../src/testle.c
Invoking: MCU C Compiler
arm-none-eabi-gcc -DDEBUG -D__CODE_RED -DCORE_M3 -D__USE_LPCOPEN -D__LPC17XX__ -D__REDLIB__ -I"/home/parichey/Documents/MCUXpresso_10.3.0_2200/workspace/lpc_board_nxp_lpcxpresso_1769/inc" -I"/home/parichey/Documents/MCUXpresso_10.3.0_2200/workspace/lpc_chip_175x_6x/inc" -O0 -fno-common -g3 -Wall -c -fmessage-length=0 -fno-builtin -ffunction-sections -fdata-sections -mcpu=cortex-m3 -mthumb -specs=redlib.specs -MMD -MP -MF"src/testle.d" -MT"src/testle.o" -MT"src/testle.d" -o "src/testle.o" "../src/testle.c"
../src/testle.c: In function 'main':
../src/testle.c:35:5: warning: implicit declaration of function 'Board_LEDS_LED1'; did you mean 'Board_LED_Test'? [-Wimplicit-function-declaration]
     Board_LEDS_LED1(0, false);
     ^~~~~~~~~~~~~~~
     Board_LED_Test
Finished building: ../src/testle.c
 
Building target: testle.axf
Invoking: MCU Linker
arm-none-eabi-gcc -nostdlib -L"/home/parichey/Documents/MCUXpresso_10.3.0_2200/workspace/lpc_board_nxp_lpcxpresso_1769/Debug" -L"/home/parichey/Documents/MCUXpresso_10.3.0_2200/workspace/lpc_chip_175x_6x/Debug" -Xlinker -Map="testle.map" -Xlinker --gc-sections -Xlinker -print-memory-usage -mcpu=cortex-m3 -mthumb -T "testle_Debug.ld" -o "testle.axf"  ./src/cr_startup_lpc175x_6x.o ./src/crp.o ./src/sysinit.o ./src/testle.o   -llpc_board_nxp_lpcxpresso_1769 -llpc_chip_175x_6x
Memory region         Used Size  Region Size  %age Used
       MFlash512:        3728 B       512 KB      0.71%
        RamLoc32:           8 B        32 KB      0.02%
./src/testle.o: In function `main':
/home/parichey/Documents/MCUXpresso_10.3.0_2200/workspace/testle/Debug/../src/testle.c:35: undefined reference to `Board_LEDS_LED1'
        RamAHB32:          0 GB        32 KB      0.00%
collect2: error: ld returned 1 exit status
makefile:30: recipe for target 'testle.axf' failed
make: *** [testle.axf] Error 1
15:41:25 **** Incremental Build of configuration Debug for project testle ****
make -r -j4 all 
Building target: testle.axf
Invoking: MCU Linker
arm-none-eabi-gcc -nostdlib -L"/home/parichey/Documents/MCUXpresso_10.3.0_2200/workspace/lpc_board_nxp_lpcxpresso_1769/Debug" -L"/home/parichey/Documents/MCUXpresso_10.3.0_2200/workspace/lpc_chip_175x_6x/Debug" -Xlinker -Map="testle.map" -Xlinker --gc-sections -Xlinker -print-memory-usage -mcpu=cortex-m3 -mthumb -T "testle_Debug.ld" -o "testle.axf"  ./src/cr_startup_lpc175x_6x.o ./src/crp.o ./src/sysinit.o ./src/testle.o   -llpc_board_nxp_lpcxpresso_1769 -llpc_chip_175x_6x
Memory region         Used Size  Region Size  %age Used
       MFlash512:        3728 B       512 KB      0.71%
        RamLoc32:           8 B        32 KB      0.02%
./src/testle.o: In function `main':
/home/parichey/Documents/MCUXpresso_10.3.0_2200/workspace/testle/Debug/../src/testle.c:35: undefined reference to `Board_LEDS_LED1'
collect2: error: ld returned 1 exit status
        RamAHB32:          0 GB        32 KB      0.00%
make: *** [testle.axf] Error 1
makefile:30: recipe for target 'testle.axf' failed
15:42:21 **** Incremental Build of configuration Debug for project lpc_board_nxp_lpcxpresso_1769 ****
make -r all 
make: Nothing to be done for 'all'.
15:42:22 **** Incremental Build of configuration Debug for project lpc_chip_175x_6x ****
make -r all 
make: Nothing to be done for 'all'.
15:42:23 **** Incremental Build of configuration Debug for project testle ****
make -r -j4 all 
Building file: ../src/testle.c
Invoking: MCU C Compiler
arm-none-eabi-gcc -DDEBUG -D__CODE_RED -DCORE_M3 -D__USE_LPCOPEN -D__LPC17XX__ -D__REDLIB__ -I"/home/parichey/Documents/MCUXpresso_10.3.0_2200/workspace/lpc_board_nxp_lpcxpresso_1769/inc" -I"/home/parichey/Documents/MCUXpresso_10.3.0_2200/workspace/lpc_chip_175x_6x/inc" -O0 -fno-common -g3 -Wall -c -fmessage-length=0 -fno-builtin -ffunction-sections -fdata-sections -mcpu=cortex-m3 -mthumb -specs=redlib.specs -MMD -MP -MF"src/testle.d" -MT"src/testle.o" -MT"src/testle.d" -o "src/testle.o" "../src/testle.c"
Finished building: ../src/testle.c
 
Building target: testle.axf
Invoking: MCU Linker
arm-none-eabi-gcc -nostdlib -L"/home/parichey/Documents/MCUXpresso_10.3.0_2200/workspace/lpc_board_nxp_lpcxpresso_1769/Debug" -L"/home/parichey/Documents/MCUXpresso_10.3.0_2200/workspace/lpc_chip_175x_6x/Debug" -Xlinker -Map="testle.map" -Xlinker --gc-sections -Xlinker -print-memory-usage -mcpu=cortex-m3 -mthumb -T "testle_Debug.ld" -o "testle.axf"  ./src/cr_startup_lpc175x_6x.o ./src/crp.o ./src/sysinit.o ./src/testle.o   -llpc_board_nxp_lpcxpresso_1769 -llpc_chip_175x_6x
Memory region         Used Size  Region Size  %age Used
       MFlash512:        3920 B       512 KB      0.75%
        RamLoc32:           8 B        32 KB      0.02%
        RamAHB32:          0 GB        32 KB      0.00%
Finished building target: testle.axf
 
make --no-print-directory post-build
Performing post-build steps
arm-none-eabi-size "testle.axf"; # arm-none-eabi-objcopy -v -O binary "testle.axf" "testle.bin" ; # checksum -p LPC1769 -d "testle.bin";
   text	   data	    bss	    dec	    hex	filename
   3920	      0	      8	   3928	    f58	testle.axf
 
15:42:24 **** Incremental Build of configuration Debug for project testle ****
make -r -j4 all 
make: Nothing to be done for 'all'.
15:43:03 **** Incremental Build of configuration Debug for project lpc_board_nxp_lpcxpresso_1769 ****
make -r all 
make: Nothing to be done for 'all'.
15:43:04 **** Incremental Build of configuration Debug for project lpc_chip_175x_6x ****
make -r all 
make: Nothing to be done for 'all'.
15:43:05 **** Incremental Build of configuration Debug for project testle ****
make -r -j4 all 
Building file: ../src/testle.c
Invoking: MCU C Compiler
arm-none-eabi-gcc -DDEBUG -D__CODE_RED -DCORE_M3 -D__USE_LPCOPEN -D__LPC17XX__ -D__REDLIB__ -I"/home/parichey/Documents/MCUXpresso_10.3.0_2200/workspace/lpc_board_nxp_lpcxpresso_1769/inc" -I"/home/parichey/Documents/MCUXpresso_10.3.0_2200/workspace/lpc_chip_175x_6x/inc" -O0 -fno-common -g3 -Wall -c -fmessage-length=0 -fno-builtin -ffunction-sections -fdata-sections -mcpu=cortex-m3 -mthumb -specs=redlib.specs -MMD -MP -MF"src/testle.d" -MT"src/testle.o" -MT"src/testle.d" -o "src/testle.o" "../src/testle.c"
Finished building: ../src/testle.c
 
Building target: testle.axf
Invoking: MCU Linker
arm-none-eabi-gcc -nostdlib -L"/home/parichey/Documents/MCUXpresso_10.3.0_2200/workspace/lpc_board_nxp_lpcxpresso_1769/Debug" -L"/home/parichey/Documents/MCUXpresso_10.3.0_2200/workspace/lpc_chip_175x_6x/Debug" -Xlinker -Map="testle.map" -Xlinker --gc-sections -Xlinker -print-memory-usage -mcpu=cortex-m3 -mthumb -T "testle_Debug.ld" -o "testle.axf"  ./src/cr_startup_lpc175x_6x.o ./src/crp.o ./src/sysinit.o ./src/testle.o   -llpc_board_nxp_lpcxpresso_1769 -llpc_chip_175x_6x
Memory region         Used Size  Region Size  %age Used
       MFlash512:        3920 B       512 KB      0.75%
        RamLoc32:           8 B        32 KB      0.02%
        RamAHB32:          0 GB        32 KB      0.00%
Finished building target: testle.axf
 
make --no-print-directory post-build
Performing post-build steps
arm-none-eabi-size "testle.axf"; # arm-none-eabi-objcopy -v -O binary "testle.axf" "testle.bin" ; # checksum -p LPC1769 -d "testle.bin";
   text	   data	    bss	    dec	    hex	filename
   3920	      0	      8	   3928	    f58	testle.axf
 
15:43:06 **** Incremental Build of configuration Debug for project testle ****
make -r -j4 all 
make: Nothing to be done for 'all'.
15:47:09 **** Incremental Build of configuration Debug for project lpc_board_nxp_lpcxpresso_1769 ****
make -r all 
make: Nothing to be done for 'all'.
15:47:10 **** Incremental Build of configuration Debug for project lpc_chip_175x_6x ****
make -r all 
make: Nothing to be done for 'all'.
15:47:10 **** Incremental Build of configuration Debug for project testle ****
make -r -j4 all 
Building file: ../src/testle.c
Invoking: MCU C Compiler
arm-none-eabi-gcc -DDEBUG -D__CODE_RED -DCORE_M3 -D__USE_LPCOPEN -D__LPC17XX__ -D__REDLIB__ -I"/home/parichey/Documents/MCUXpresso_10.3.0_2200/workspace/lpc_board_nxp_lpcxpresso_1769/inc" -I"/home/parichey/Documents/MCUXpresso_10.3.0_2200/workspace/lpc_chip_175x_6x/inc" -O0 -fno-common -g3 -Wall -c -fmessage-length=0 -fno-builtin -ffunction-sections -fdata-sections -mcpu=cortex-m3 -mthumb -specs=redlib.specs -MMD -MP -MF"src/testle.d" -MT"src/testle.o" -MT"src/testle.d" -o "src/testle.o" "../src/testle.c"
Finished building: ../src/testle.c
 
Building target: testle.axf
Invoking: MCU Linker
arm-none-eabi-gcc -nostdlib -L"/home/parichey/Documents/MCUXpresso_10.3.0_2200/workspace/lpc_board_nxp_lpcxpresso_1769/Debug" -L"/home/parichey/Documents/MCUXpresso_10.3.0_2200/workspace/lpc_chip_175x_6x/Debug" -Xlinker -Map="testle.map" -Xlinker --gc-sections -Xlinker -print-memory-usage -mcpu=cortex-m3 -mthumb -T "testle_Debug.ld" -o "testle.axf"  ./src/cr_startup_lpc175x_6x.o ./src/crp.o ./src/sysinit.o ./src/testle.o   -llpc_board_nxp_lpcxpresso_1769 -llpc_chip_175x_6x
Memory region         Used Size  Region Size  %age Used
       MFlash512:        3920 B       512 KB      0.75%
        RamLoc32:           8 B        32 KB      0.02%
        RamAHB32:          0 GB        32 KB      0.00%
Finished building target: testle.axf
 
make --no-print-directory post-build
Performing post-build steps
arm-none-eabi-size "testle.axf"; # arm-none-eabi-objcopy -v -O binary "testle.axf" "testle.bin" ; # checksum -p LPC1769 -d "testle.bin";
   text	   data	    bss	    dec	    hex	filename
   3920	      0	      8	   3928	    f58	testle.axf
 
15:47:12 **** Incremental Build of configuration Debug for project testle ****
make -r -j4 all 
make: Nothing to be done for 'all'.
15:47:46 **** Incremental Build of configuration Debug for project lpc_board_nxp_lpcxpresso_1769 ****
make -r all 
make: Nothing to be done for 'all'.
15:47:47 **** Incremental Build of configuration Debug for project lpc_chip_175x_6x ****
make -r all 
make: Nothing to be done for 'all'.
15:47:48 **** Incremental Build of configuration Debug for project testle ****
make -r -j4 all 
Building file: ../src/testle.c
Invoking: MCU C Compiler
arm-none-eabi-gcc -DDEBUG -D__CODE_RED -DCORE_M3 -D__USE_LPCOPEN -D__LPC17XX__ -D__REDLIB__ -I"/home/parichey/Documents/MCUXpresso_10.3.0_2200/workspace/lpc_board_nxp_lpcxpresso_1769/inc" -I"/home/parichey/Documents/MCUXpresso_10.3.0_2200/workspace/lpc_chip_175x_6x/inc" -O0 -fno-common -g3 -Wall -c -fmessage-length=0 -fno-builtin -ffunction-sections -fdata-sections -mcpu=cortex-m3 -mthumb -specs=redlib.specs -MMD -MP -MF"src/testle.d" -MT"src/testle.o" -MT"src/testle.d" -o "src/testle.o" "../src/testle.c"
Finished building: ../src/testle.c
 
Building target: testle.axf
Invoking: MCU Linker
arm-none-eabi-gcc -nostdlib -L"/home/parichey/Documents/MCUXpresso_10.3.0_2200/workspace/lpc_board_nxp_lpcxpresso_1769/Debug" -L"/home/parichey/Documents/MCUXpresso_10.3.0_2200/workspace/lpc_chip_175x_6x/Debug" -Xlinker -Map="testle.map" -Xlinker --gc-sections -Xlinker -print-memory-usage -mcpu=cortex-m3 -mthumb -T "testle_Debug.ld" -o "testle.axf"  ./src/cr_startup_lpc175x_6x.o ./src/crp.o ./src/sysinit.o ./src/testle.o   -llpc_board_nxp_lpcxpresso_1769 -llpc_chip_175x_6x
Memory region         Used Size  Region Size  %age Used
       MFlash512:        3920 B       512 KB      0.75%
        RamLoc32:           8 B        32 KB      0.02%
        RamAHB32:          0 GB        32 KB      0.00%
Finished building target: testle.axf
 
make --no-print-directory post-build
Performing post-build steps
arm-none-eabi-size "testle.axf"; # arm-none-eabi-objcopy -v -O binary "testle.axf" "testle.bin" ; # checksum -p LPC1769 -d "testle.bin";
   text	   data	    bss	    dec	    hex	filename
   3920	      0	      8	   3928	    f58	testle.axf
 
15:47:49 **** Incremental Build of configuration Debug for project testle ****
make -r -j4 all 
make: Nothing to be done for 'all'.
15:48:34 **** Incremental Build of configuration Debug for project lpc_board_nxp_lpcxpresso_1769 ****
make -r all 
make: Nothing to be done for 'all'.
15:48:35 **** Incremental Build of configuration Debug for project lpc_chip_175x_6x ****
make -r all 
make: Nothing to be done for 'all'.
15:48:35 **** Incremental Build of configuration Debug for project testle ****
make -r -j4 all 
Building file: ../src/testle.c
Invoking: MCU C Compiler
arm-none-eabi-gcc -DDEBUG -D__CODE_RED -DCORE_M3 -D__USE_LPCOPEN -D__LPC17XX__ -D__REDLIB__ -I"/home/parichey/Documents/MCUXpresso_10.3.0_2200/workspace/lpc_board_nxp_lpcxpresso_1769/inc" -I"/home/parichey/Documents/MCUXpresso_10.3.0_2200/workspace/lpc_chip_175x_6x/inc" -O0 -fno-common -g3 -Wall -c -fmessage-length=0 -fno-builtin -ffunction-sections -fdata-sections -mcpu=cortex-m3 -mthumb -specs=redlib.specs -MMD -MP -MF"src/testle.d" -MT"src/testle.o" -MT"src/testle.d" -o "src/testle.o" "../src/testle.c"
Finished building: ../src/testle.c
 
Building target: testle.axf
Invoking: MCU Linker
arm-none-eabi-gcc -nostdlib -L"/home/parichey/Documents/MCUXpresso_10.3.0_2200/workspace/lpc_board_nxp_lpcxpresso_1769/Debug" -L"/home/parichey/Documents/MCUXpresso_10.3.0_2200/workspace/lpc_chip_175x_6x/Debug" -Xlinker -Map="testle.map" -Xlinker --gc-sections -Xlinker -print-memory-usage -mcpu=cortex-m3 -mthumb -T "testle_Debug.ld" -o "testle.axf"  ./src/cr_startup_lpc175x_6x.o ./src/crp.o ./src/sysinit.o ./src/testle.o   -llpc_board_nxp_lpcxpresso_1769 -llpc_chip_175x_6x
Memory region         Used Size  Region Size  %age Used
       MFlash512:        3920 B       512 KB      0.75%
        RamLoc32:           8 B        32 KB      0.02%
        RamAHB32:          0 GB        32 KB      0.00%
Finished building target: testle.axf
 
make --no-print-directory post-build
Performing post-build steps
arm-none-eabi-size "testle.axf"; # arm-none-eabi-objcopy -v -O binary "testle.axf" "testle.bin" ; # checksum -p LPC1769 -d "testle.bin";
   text	   data	    bss	    dec	    hex	filename
   3920	      0	      8	   3928	    f58	testle.axf
 
15:48:36 **** Incremental Build of configuration Debug for project testle ****
make -r -j4 all 
make: Nothing to be done for 'all'.
15:49:10 **** Incremental Build of configuration Debug for project lpc_board_nxp_lpcxpresso_1769 ****
make -r all 
make: Nothing to be done for 'all'.
15:49:10 **** Incremental Build of configuration Debug for project lpc_chip_175x_6x ****
make -r all 
make: Nothing to be done for 'all'.
15:49:11 **** Incremental Build of configuration Debug for project testle ****
make -r -j4 all 
make: Nothing to be done for 'all'.
15:49:12 **** Incremental Build of configuration Debug for project testle ****
make -r -j4 all 
make: Nothing to be done for 'all'.
15:52:22 **** Incremental Build of configuration Debug for project lpc_board_nxp_lpcxpresso_1769 ****
make -r all 
make: Nothing to be done for 'all'.
15:52:23 **** Incremental Build of configuration Debug for project lpc_chip_175x_6x ****
make -r all 
make: Nothing to be done for 'all'.
15:52:24 **** Incremental Build of configuration Debug for project testle ****
make -r -j4 all 
Building file: ../src/testle.c
Invoking: MCU C Compiler
arm-none-eabi-gcc -DDEBUG -D__CODE_RED -DCORE_M3 -D__USE_LPCOPEN -D__LPC17XX__ -D__REDLIB__ -I"/home/parichey/Documents/MCUXpresso_10.3.0_2200/workspace/lpc_board_nxp_lpcxpresso_1769/inc" -I"/home/parichey/Documents/MCUXpresso_10.3.0_2200/workspace/lpc_chip_175x_6x/inc" -O0 -fno-common -g3 -Wall -c -fmessage-length=0 -fno-builtin -ffunction-sections -fdata-sections -mcpu=cortex-m3 -mthumb -specs=redlib.specs -MMD -MP -MF"src/testle.d" -MT"src/testle.o" -MT"src/testle.d" -o "src/testle.o" "../src/testle.c"
Finished building: ../src/testle.c
 
Building target: testle.axf
Invoking: MCU Linker
arm-none-eabi-gcc -nostdlib -L"/home/parichey/Documents/MCUXpresso_10.3.0_2200/workspace/lpc_board_nxp_lpcxpresso_1769/Debug" -L"/home/parichey/Documents/MCUXpresso_10.3.0_2200/workspace/lpc_chip_175x_6x/Debug" -Xlinker -Map="testle.map" -Xlinker --gc-sections -Xlinker -print-memory-usage -mcpu=cortex-m3 -mthumb -T "testle_Debug.ld" -o "testle.axf"  ./src/cr_startup_lpc175x_6x.o ./src/crp.o ./src/sysinit.o ./src/testle.o   -llpc_board_nxp_lpcxpresso_1769 -llpc_chip_175x_6x
Memory region         Used Size  Region Size  %age Used
       MFlash512:        3976 B       512 KB      0.76%
        RamLoc32:           8 B        32 KB      0.02%
        RamAHB32:          0 GB        32 KB      0.00%
Finished building target: testle.axf
 
make --no-print-directory post-build
Performing post-build steps
arm-none-eabi-size "testle.axf"; # arm-none-eabi-objcopy -v -O binary "testle.axf" "testle.bin" ; # checksum -p LPC1769 -d "testle.bin";
   text	   data	    bss	    dec	    hex	filename
   3976	      0	      8	   3984	    f90	testle.axf
 
15:52:25 **** Incremental Build of configuration Debug for project testle ****
make -r -j4 all 
make: Nothing to be done for 'all'.
15:54:23 **** Incremental Build of configuration Debug for project lpc_chip_175x_6x ****
make -r all 
make: Nothing to be done for 'all'.
15:54:24 **** Build of configuration Debug for project activity1 ****
make -r -j4 all 
Building file: ../src/activity1.c
Building file: ../src/cr_startup_lpc175x_6x.c
Building file: ../src/crp.c
Invoking: MCU C Compiler
arm-none-eabi-gcc -DDEBUG -D__CODE_RED -DCORE_M3 -D__USE_LPCOPEN -DNO_BOARD_LIB -D__LPC17XX__ -D__REDLIB__ -I"/home/parichey/Documents/MCUXpresso_10.3.0_2200/workspace/lpc_chip_175x_6x/inc" -O0 -fno-common -g3 -Wall -c -fmessage-length=0 -fno-builtin -ffunction-sections -fdata-sections -mcpu=cortex-m3 -mthumb -specs=redlib.specs -MMD -MP -MF"src/activity1.d" -MT"src/activity1.o" -MT"src/activity1.d" -o "src/activity1.o" "../src/activity1.c"
Building file: ../src/sysinit.c
Invoking: MCU C Compiler
arm-none-eabi-gcc -DDEBUG -D__CODE_RED -DCORE_M3 -D__USE_LPCOPEN -DNO_BOARD_LIB -D__LPC17XX__ -D__REDLIB__ -I"/home/parichey/Documents/MCUXpresso_10.3.0_2200/workspace/lpc_chip_175x_6x/inc" -O0 -fno-common -g3 -Wall -c -fmessage-length=0 -fno-builtin -ffunction-sections -fdata-sections -mcpu=cortex-m3 -mthumb -specs=redlib.specs -MMD -MP -MF"src/cr_startup_lpc175x_6x.d" -MT"src/cr_startup_lpc175x_6x.o" -MT"src/cr_startup_lpc175x_6x.d" -o "src/cr_startup_lpc175x_6x.o" "../src/cr_startup_lpc175x_6x.c"
Invoking: MCU C Compiler
arm-none-eabi-gcc -DDEBUG -D__CODE_RED -DCORE_M3 -D__USE_LPCOPEN -DNO_BOARD_LIB -D__LPC17XX__ -D__REDLIB__ -I"/home/parichey/Documents/MCUXpresso_10.3.0_2200/workspace/lpc_chip_175x_6x/inc" -O0 -fno-common -g3 -Wall -c -fmessage-length=0 -fno-builtin -ffunction-sections -fdata-sections -mcpu=cortex-m3 -mthumb -specs=redlib.specs -MMD -MP -MF"src/crp.d" -MT"src/crp.o" -MT"src/crp.d" -o "src/crp.o" "../src/crp.c"
Invoking: MCU C Compiler
arm-none-eabi-gcc -DDEBUG -D__CODE_RED -DCORE_M3 -D__USE_LPCOPEN -DNO_BOARD_LIB -D__LPC17XX__ -D__REDLIB__ -I"/home/parichey/Documents/MCUXpresso_10.3.0_2200/workspace/lpc_chip_175x_6x/inc" -O0 -fno-common -g3 -Wall -c -fmessage-length=0 -fno-builtin -ffunction-sections -fdata-sections -mcpu=cortex-m3 -mthumb -specs=redlib.specs -MMD -MP -MF"src/sysinit.d" -MT"src/sysinit.o" -MT"src/sysinit.d" -o "src/sysinit.o" "../src/sysinit.c"
Finished building: ../src/crp.c
 
Finished building: ../src/cr_startup_lpc175x_6x.c
 
Finished building: ../src/activity1.c
 
Finished building: ../src/sysinit.c
 
Building target: activity1.axf
Invoking: MCU Linker
arm-none-eabi-gcc -nostdlib -L"/home/parichey/Documents/MCUXpresso_10.3.0_2200/workspace/lpc_chip_175x_6x/Debug" -Xlinker -Map="activity1.map" -Xlinker --gc-sections -Xlinker -print-memory-usage -mcpu=cortex-m3 -mthumb -T "activity1_Debug.ld" -o "activity1.axf"  ./src/activity1.o ./src/cr_startup_lpc175x_6x.o ./src/crp.o ./src/sysinit.o   -llpc_chip_175x_6x
Memory region         Used Size  Region Size  %age Used
       MFlash512:        1884 B       512 KB      0.36%
        RamLoc32:           8 B        32 KB      0.02%
        RamAHB32:          0 GB        32 KB      0.00%
Finished building target: activity1.axf
 
make --no-print-directory post-build
Performing post-build steps
arm-none-eabi-size "activity1.axf"; # arm-none-eabi-objcopy -v -O binary "activity1.axf" "activity1.bin" ; # checksum -p LPC1769 -d "activity1.bin";
   text	   data	    bss	    dec	    hex	filename
   1884	      0	      8	   1892	    764	activity1.axf
 
15:54:25 **** Incremental Build of configuration Debug for project activity1 ****
make -r -j4 all 
make: Nothing to be done for 'all'.
15:54:49 **** Incremental Build of configuration Debug for project lpc_chip_175x_6x ****
make -r all 
make: Nothing to be done for 'all'.
15:54:50 **** Incremental Build of configuration Debug for project activity1 ****
make -r -j4 all 
Building file: ../src/activity1.c
Invoking: MCU C Compiler
arm-none-eabi-gcc -DDEBUG -D__CODE_RED -DCORE_M3 -D__USE_LPCOPEN -DNO_BOARD_LIB -D__LPC17XX__ -D__REDLIB__ -I"/home/parichey/Documents/MCUXpresso_10.3.0_2200/workspace/lpc_chip_175x_6x/inc" -O0 -fno-common -g3 -Wall -c -fmessage-length=0 -fno-builtin -ffunction-sections -fdata-sections -mcpu=cortex-m3 -mthumb -specs=redlib.specs -MMD -MP -MF"src/activity1.d" -MT"src/activity1.o" -MT"src/activity1.d" -o "src/activity1.o" "../src/activity1.c"
Finished building: ../src/activity1.c
 
Building target: activity1.axf
Invoking: MCU Linker
arm-none-eabi-gcc -nostdlib -L"/home/parichey/Documents/MCUXpresso_10.3.0_2200/workspace/lpc_chip_175x_6x/Debug" -Xlinker -Map="activity1.map" -Xlinker --gc-sections -Xlinker -print-memory-usage -mcpu=cortex-m3 -mthumb -T "activity1_Debug.ld" -o "activity1.axf"  ./src/activity1.o ./src/cr_startup_lpc175x_6x.o ./src/crp.o ./src/sysinit.o   -llpc_chip_175x_6x
Memory region         Used Size  Region Size  %age Used
       MFlash512:        1884 B       512 KB      0.36%
        RamLoc32:           8 B        32 KB      0.02%
        RamAHB32:          0 GB        32 KB      0.00%
Finished building target: activity1.axf
 
make --no-print-directory post-build
Performing post-build steps
arm-none-eabi-size "activity1.axf"; # arm-none-eabi-objcopy -v -O binary "activity1.axf" "activity1.bin" ; # checksum -p LPC1769 -d "activity1.bin";
   text	   data	    bss	    dec	    hex	filename
   1884	      0	      8	   1892	    764	activity1.axf
 
15:54:51 **** Incremental Build of configuration Debug for project activity1 ****
make -r -j4 all 
make: Nothing to be done for 'all'.
15:55:49 **** Incremental Build of configuration Debug for project lpc_board_nxp_lpcxpresso_1769 ****
make -r all 
make: Nothing to be done for 'all'.
15:55:50 **** Incremental Build of configuration Debug for project lpc_chip_175x_6x ****
make -r all 
make: Nothing to be done for 'all'.
15:55:51 **** Incremental Build of configuration Debug for project testle ****
make -r -j4 all 
make: Nothing to be done for 'all'.
15:55:58 **** Incremental Build of configuration Debug for project lpc_board_nxp_lpcxpresso_1769 ****
make -r all 
make: Nothing to be done for 'all'.
15:55:58 **** Incremental Build of configuration Debug for project lpc_chip_175x_6x ****
make -r all 
make: Nothing to be done for 'all'.
15:55:59 **** Incremental Build of configuration Debug for project testle ****
make -r -j4 all 
make: Nothing to be done for 'all'.
15:56:00 **** Incremental Build of configuration Debug for project testle ****
make -r -j4 all 
make: Nothing to be done for 'all'.
15:56:34 **** Incremental Build of configuration Debug for project lpc_board_nxp_lpcxpresso_1769 ****
make -r all 
make: Nothing to be done for 'all'.
15:56:35 **** Incremental Build of configuration Debug for project lpc_chip_175x_6x ****
make -r all 
make: Nothing to be done for 'all'.
15:56:35 **** Incremental Build of configuration Debug for project testle ****
make -r -j4 all 
Building file: ../src/testle.c
Invoking: MCU C Compiler
arm-none-eabi-gcc -DDEBUG -D__CODE_RED -DCORE_M3 -D__USE_LPCOPEN -D__LPC17XX__ -D__REDLIB__ -I"/home/parichey/Documents/MCUXpresso_10.3.0_2200/workspace/lpc_board_nxp_lpcxpresso_1769/inc" -I"/home/parichey/Documents/MCUXpresso_10.3.0_2200/workspace/lpc_chip_175x_6x/inc" -O0 -fno-common -g3 -Wall -c -fmessage-length=0 -fno-builtin -ffunction-sections -fdata-sections -mcpu=cortex-m3 -mthumb -specs=redlib.specs -MMD -MP -MF"src/testle.d" -MT"src/testle.o" -MT"src/testle.d" -o "src/testle.o" "../src/testle.c"
Finished building: ../src/testle.c
 
Building target: testle.axf
Invoking: MCU Linker
arm-none-eabi-gcc -nostdlib -L"/home/parichey/Documents/MCUXpresso_10.3.0_2200/workspace/lpc_board_nxp_lpcxpresso_1769/Debug" -L"/home/parichey/Documents/MCUXpresso_10.3.0_2200/workspace/lpc_chip_175x_6x/Debug" -Xlinker -Map="testle.map" -Xlinker --gc-sections -Xlinker -print-memory-usage -mcpu=cortex-m3 -mthumb -T "testle_Debug.ld" -o "testle.axf"  ./src/cr_startup_lpc175x_6x.o ./src/crp.o ./src/sysinit.o ./src/testle.o   -llpc_board_nxp_lpcxpresso_1769 -llpc_chip_175x_6x
Memory region         Used Size  Region Size  %age Used
       MFlash512:        3980 B       512 KB      0.76%
        RamLoc32:           8 B        32 KB      0.02%
        RamAHB32:          0 GB        32 KB      0.00%
Finished building target: testle.axf
 
make --no-print-directory post-build
Performing post-build steps
arm-none-eabi-size "testle.axf"; # arm-none-eabi-objcopy -v -O binary "testle.axf" "testle.bin" ; # checksum -p LPC1769 -d "testle.bin";
   text	   data	    bss	    dec	    hex	filename
   3980	      0	      8	   3988	    f94	testle.axf
 
15:56:46 **** Incremental Build of configuration Debug for project lpc_board_nxp_lpcxpresso_1769 ****
make -r all 
make: Nothing to be done for 'all'.
15:56:47 **** Incremental Build of configuration Debug for project lpc_chip_175x_6x ****
make -r all 
make: Nothing to be done for 'all'.
15:56:48 **** Incremental Build of configuration Debug for project testle ****
make -r -j4 all 
make: Nothing to be done for 'all'.
15:56:49 **** Incremental Build of configuration Debug for project testle ****
make -r -j4 all 
make: Nothing to be done for 'all'.
15:57:13 **** Incremental Build of configuration Debug for project lpc_board_nxp_lpcxpresso_1769 ****
make -r all 
make: Nothing to be done for 'all'.
15:57:14 **** Incremental Build of configuration Debug for project lpc_chip_175x_6x ****
make -r all 
make: Nothing to be done for 'all'.
15:57:15 **** Incremental Build of configuration Debug for project testle ****
make -r -j4 all 
Building file: ../src/testle.c
Invoking: MCU C Compiler
arm-none-eabi-gcc -DDEBUG -D__CODE_RED -DCORE_M3 -D__USE_LPCOPEN -D__LPC17XX__ -D__REDLIB__ -I"/home/parichey/Documents/MCUXpresso_10.3.0_2200/workspace/lpc_board_nxp_lpcxpresso_1769/inc" -I"/home/parichey/Documents/MCUXpresso_10.3.0_2200/workspace/lpc_chip_175x_6x/inc" -O0 -fno-common -g3 -Wall -c -fmessage-length=0 -fno-builtin -ffunction-sections -fdata-sections -mcpu=cortex-m3 -mthumb -specs=redlib.specs -MMD -MP -MF"src/testle.d" -MT"src/testle.o" -MT"src/testle.d" -o "src/testle.o" "../src/testle.c"
Finished building: ../src/testle.c
 
Building target: testle.axf
Invoking: MCU Linker
arm-none-eabi-gcc -nostdlib -L"/home/parichey/Documents/MCUXpresso_10.3.0_2200/workspace/lpc_board_nxp_lpcxpresso_1769/Debug" -L"/home/parichey/Documents/MCUXpresso_10.3.0_2200/workspace/lpc_chip_175x_6x/Debug" -Xlinker -Map="testle.map" -Xlinker --gc-sections -Xlinker -print-memory-usage -mcpu=cortex-m3 -mthumb -T "testle_Debug.ld" -o "testle.axf"  ./src/cr_startup_lpc175x_6x.o ./src/crp.o ./src/sysinit.o ./src/testle.o   -llpc_board_nxp_lpcxpresso_1769 -llpc_chip_175x_6x
Memory region         Used Size  Region Size  %age Used
       MFlash512:        3988 B       512 KB      0.76%
        RamLoc32:           8 B        32 KB      0.02%
        RamAHB32:          0 GB        32 KB      0.00%
Finished building target: testle.axf
 
make --no-print-directory post-build
Performing post-build steps
arm-none-eabi-size "testle.axf"; # arm-none-eabi-objcopy -v -O binary "testle.axf" "testle.bin" ; # checksum -p LPC1769 -d "testle.bin";
   text	   data	    bss	    dec	    hex	filename
   3988	      0	      8	   3996	    f9c	testle.axf
 
15:57:21 **** Incremental Build of configuration Debug for project lpc_board_nxp_lpcxpresso_1769 ****
make -r all 
make: Nothing to be done for 'all'.
15:57:21 **** Incremental Build of configuration Debug for project lpc_chip_175x_6x ****
make -r all 
make: Nothing to be done for 'all'.
15:57:22 **** Incremental Build of configuration Debug for project testle ****
make -r -j4 all 
make: Nothing to be done for 'all'.
15:57:34 **** Incremental Build of configuration Debug for project lpc_board_nxp_lpcxpresso_1769 ****
make -r all 
make: Nothing to be done for 'all'.
15:57:34 **** Incremental Build of configuration Debug for project lpc_chip_175x_6x ****
make -r all 
make: Nothing to be done for 'all'.
15:57:35 **** Incremental Build of configuration Debug for project testle ****
make -r -j4 all 
make: Nothing to be done for 'all'.
15:57:36 **** Incremental Build of configuration Debug for project testle ****
make -r -j4 all 
make: Nothing to be done for 'all'.
15:58:39 **** Incremental Build of configuration Debug for project lpc_board_nxp_lpcxpresso_1769 ****
make -r all 
make: Nothing to be done for 'all'.
15:58:39 **** Incremental Build of configuration Debug for project lpc_chip_175x_6x ****
make -r all 
make: Nothing to be done for 'all'.
15:58:40 **** Incremental Build of configuration Debug for project testle ****
make -r -j4 all 
make: Nothing to be done for 'all'.
15:58:41 **** Incremental Build of configuration Debug for project testle ****
make -r -j4 all 
make: Nothing to be done for 'all'.
16:10:00 **** Incremental Build of configuration Debug for project lpc_board_nxp_lpcxpresso_1769 ****
make -r all 
Building file: ../src/board.c
Invoking: MCU C Compiler
arm-none-eabi-gcc -D__REDLIB__ -DDEBUG -D__CODE_RED -D__USE_LPCOPEN -DCORE_M3 -I"/home/parichey/Documents/MCUXpresso_10.3.0_2200/workspace/lpc_chip_175x_6x/inc" -I"/home/parichey/Documents/MCUXpresso_10.3.0_2200/workspace/lpc_board_nxp_lpcxpresso_1769/inc" -O0 -g3 -Wall -c -fmessage-length=0 -fno-builtin -ffunction-sections -fdata-sections -mcpu=cortex-m3 -mthumb -specs=redlib.specs -MMD -MP -MF"src/board.d" -MT"src/board.o" -MT"src/board.d" -o "src/board.o" "../src/board.c"
../src/board.c: In function 'Board_I2C_Init':
../src/board.c:267:2: warning: enumeration value 'I2C_NUM_INTERFACE' not handled in switch [-Wswitch]
  switch (id) {
  ^~~~~~
Finished building: ../src/board.c
 
Building file: ../src/board_sysinit.c
Invoking: MCU C Compiler
arm-none-eabi-gcc -D__REDLIB__ -DDEBUG -D__CODE_RED -D__USE_LPCOPEN -DCORE_M3 -I"/home/parichey/Documents/MCUXpresso_10.3.0_2200/workspace/lpc_chip_175x_6x/inc" -I"/home/parichey/Documents/MCUXpresso_10.3.0_2200/workspace/lpc_board_nxp_lpcxpresso_1769/inc" -O0 -g3 -Wall -c -fmessage-length=0 -fno-builtin -ffunction-sections -fdata-sections -mcpu=cortex-m3 -mthumb -specs=redlib.specs -MMD -MP -MF"src/board_sysinit.d" -MT"src/board_sysinit.o" -MT"src/board_sysinit.d" -o "src/board_sysinit.o" "../src/board_sysinit.c"
Finished building: ../src/board_sysinit.c
 
Building file: ../src/lpc_phy_smsc87x0.c
Invoking: MCU C Compiler
arm-none-eabi-gcc -D__REDLIB__ -DDEBUG -D__CODE_RED -D__USE_LPCOPEN -DCORE_M3 -I"/home/parichey/Documents/MCUXpresso_10.3.0_2200/workspace/lpc_chip_175x_6x/inc" -I"/home/parichey/Documents/MCUXpresso_10.3.0_2200/workspace/lpc_board_nxp_lpcxpresso_1769/inc" -O0 -g3 -Wall -c -fmessage-length=0 -fno-builtin -ffunction-sections -fdata-sections -mcpu=cortex-m3 -mthumb -specs=redlib.specs -MMD -MP -MF"src/lpc_phy_smsc87x0.d" -MT"src/lpc_phy_smsc87x0.o" -MT"src/lpc_phy_smsc87x0.d" -o "src/lpc_phy_smsc87x0.o" "../src/lpc_phy_smsc87x0.c"
Finished building: ../src/lpc_phy_smsc87x0.c
 
Building target: liblpc_board_nxp_lpcxpresso_1769.a
Invoking: MCU Archiver
arm-none-eabi-ar -r  "liblpc_board_nxp_lpcxpresso_1769.a"  ./src/board.o ./src/board_sysinit.o ./src/lpc_phy_smsc87x0.o   
arm-none-eabi-ar: creating liblpc_board_nxp_lpcxpresso_1769.a
Finished building target: liblpc_board_nxp_lpcxpresso_1769.a
 
make --no-print-directory post-build
Performing post-build steps
arm-none-eabi-size "liblpc_board_nxp_lpcxpresso_1769.a" ; # arm-none-eabi-objdump -h -S "liblpc_board_nxp_lpcxpresso_1769.a" >"liblpc_board_nxp_lpcxpresso_1769.lss"
   text	   data	    bss	    dec	    hex	filename
   2203	      0	      0	   2203	    89b	board.o (ex liblpc_board_nxp_lpcxpresso_1769.a)
    202	      0	      0	    202	     ca	board_sysinit.o (ex liblpc_board_nxp_lpcxpresso_1769.a)
    856	      0	     18	    874	    36a	lpc_phy_smsc87x0.o (ex liblpc_board_nxp_lpcxpresso_1769.a)
 
16:10:01 **** Incremental Build of configuration Debug for project lpc_chip_175x_6x ****
make -r all 
make: Nothing to be done for 'all'.
16:10:01 **** Incremental Build of configuration Debug for project testle ****
make -r -j4 all 
Building file: ../src/sysinit.c
Building file: ../src/testle.c
Invoking: MCU C Compiler
arm-none-eabi-gcc -DDEBUG -D__CODE_RED -DCORE_M3 -D__USE_LPCOPEN -D__LPC17XX__ -D__REDLIB__ -I"/home/parichey/Documents/MCUXpresso_10.3.0_2200/workspace/lpc_board_nxp_lpcxpresso_1769/inc" -I"/home/parichey/Documents/MCUXpresso_10.3.0_2200/workspace/lpc_chip_175x_6x/inc" -O0 -fno-common -g3 -Wall -c -fmessage-length=0 -fno-builtin -ffunction-sections -fdata-sections -mcpu=cortex-m3 -mthumb -specs=redlib.specs -MMD -MP -MF"src/testle.d" -MT"src/testle.o" -MT"src/testle.d" -o "src/testle.o" "../src/testle.c"
Invoking: MCU C Compiler
arm-none-eabi-gcc -DDEBUG -D__CODE_RED -DCORE_M3 -D__USE_LPCOPEN -D__LPC17XX__ -D__REDLIB__ -I"/home/parichey/Documents/MCUXpresso_10.3.0_2200/workspace/lpc_board_nxp_lpcxpresso_1769/inc" -I"/home/parichey/Documents/MCUXpresso_10.3.0_2200/workspace/lpc_chip_175x_6x/inc" -O0 -fno-common -g3 -Wall -c -fmessage-length=0 -fno-builtin -ffunction-sections -fdata-sections -mcpu=cortex-m3 -mthumb -specs=redlib.specs -MMD -MP -MF"src/sysinit.d" -MT"src/sysinit.o" -MT"src/sysinit.d" -o "src/sysinit.o" "../src/sysinit.c"
Finished building: ../src/sysinit.c
 
Finished building: ../src/testle.c
 
Building target: testle.axf
Invoking: MCU Linker
arm-none-eabi-gcc -nostdlib -L"/home/parichey/Documents/MCUXpresso_10.3.0_2200/workspace/lpc_board_nxp_lpcxpresso_1769/Debug" -L"/home/parichey/Documents/MCUXpresso_10.3.0_2200/workspace/lpc_chip_175x_6x/Debug" -Xlinker -Map="testle.map" -Xlinker --gc-sections -Xlinker -print-memory-usage -mcpu=cortex-m3 -mthumb -T "testle_Debug.ld" -o "testle.axf"  ./src/cr_startup_lpc175x_6x.o ./src/crp.o ./src/sysinit.o ./src/testle.o   -llpc_board_nxp_lpcxpresso_1769 -llpc_chip_175x_6x
Memory region         Used Size  Region Size  %age Used
       MFlash512:        3988 B       512 KB      0.76%
        RamLoc32:           8 B        32 KB      0.02%
        RamAHB32:          0 GB        32 KB      0.00%
Finished building target: testle.axf
 
make --no-print-directory post-build
Performing post-build steps
arm-none-eabi-size "testle.axf"; # arm-none-eabi-objcopy -v -O binary "testle.axf" "testle.bin" ; # checksum -p LPC1769 -d "testle.bin";
   text	   data	    bss	    dec	    hex	filename
   3988	      0	      8	   3996	    f9c	testle.axf
 
16:12:14 **** Incremental Build of configuration Debug for project lpc_board_nxp_lpcxpresso_1769 ****
make -r all 
make: Nothing to be done for 'all'.
16:12:14 **** Incremental Build of configuration Debug for project lpc_chip_175x_6x ****
make -r all 
make: Nothing to be done for 'all'.
16:12:15 **** Incremental Build of configuration Debug for project testle ****
make -r -j4 all 
Building file: ../src/testle.c
Invoking: MCU C Compiler
arm-none-eabi-gcc -DDEBUG -D__CODE_RED -DCORE_M3 -D__USE_LPCOPEN -D__LPC17XX__ -D__REDLIB__ -I"/home/parichey/Documents/MCUXpresso_10.3.0_2200/workspace/lpc_board_nxp_lpcxpresso_1769/inc" -I"/home/parichey/Documents/MCUXpresso_10.3.0_2200/workspace/lpc_chip_175x_6x/inc" -O0 -fno-common -g3 -Wall -c -fmessage-length=0 -fno-builtin -ffunction-sections -fdata-sections -mcpu=cortex-m3 -mthumb -specs=redlib.specs -MMD -MP -MF"src/testle.d" -MT"src/testle.o" -MT"src/testle.d" -o "src/testle.o" "../src/testle.c"
../src/testle.c: In function 'main':
../src/testle.c:42:25: warning: unused variable 'i' [-Wunused-variable]
     volatile static int i = 0 ;
                         ^
Finished building: ../src/testle.c
 
Building target: testle.axf
Invoking: MCU Linker
arm-none-eabi-gcc -nostdlib -L"/home/parichey/Documents/MCUXpresso_10.3.0_2200/workspace/lpc_board_nxp_lpcxpresso_1769/Debug" -L"/home/parichey/Documents/MCUXpresso_10.3.0_2200/workspace/lpc_chip_175x_6x/Debug" -Xlinker -Map="testle.map" -Xlinker --gc-sections -Xlinker -print-memory-usage -mcpu=cortex-m3 -mthumb -T "testle_Debug.ld" -o "testle.axf"  ./src/cr_startup_lpc175x_6x.o ./src/crp.o ./src/sysinit.o ./src/testle.o   -llpc_board_nxp_lpcxpresso_1769 -llpc_chip_175x_6x
Memory region         Used Size  Region Size  %age Used
       MFlash512:        3972 B       512 KB      0.76%
        RamLoc32:           4 B        32 KB      0.01%
        RamAHB32:          0 GB        32 KB      0.00%
Finished building target: testle.axf
 
make --no-print-directory post-build
Performing post-build steps
arm-none-eabi-size "testle.axf"; # arm-none-eabi-objcopy -v -O binary "testle.axf" "testle.bin" ; # checksum -p LPC1769 -d "testle.bin";
   text	   data	    bss	    dec	    hex	filename
   3972	      0	      4	   3976	    f88	testle.axf
 
16:13:30 **** Incremental Build of configuration Debug for project lpc_board_nxp_lpcxpresso_1769 ****
make -r all 
make: Nothing to be done for 'all'.
16:13:31 **** Incremental Build of configuration Debug for project lpc_chip_175x_6x ****
make -r all 
make: Nothing to be done for 'all'.
16:13:32 **** Incremental Build of configuration Debug for project testle ****
make -r -j4 all 
Building file: ../src/testle.c
Invoking: MCU C Compiler
arm-none-eabi-gcc -DDEBUG -D__CODE_RED -DCORE_M3 -D__USE_LPCOPEN -D__LPC17XX__ -D__REDLIB__ -I"/home/parichey/Documents/MCUXpresso_10.3.0_2200/workspace/lpc_board_nxp_lpcxpresso_1769/inc" -I"/home/parichey/Documents/MCUXpresso_10.3.0_2200/workspace/lpc_chip_175x_6x/inc" -O0 -fno-common -g3 -Wall -c -fmessage-length=0 -fno-builtin -ffunction-sections -fdata-sections -mcpu=cortex-m3 -mthumb -specs=redlib.specs -MMD -MP -MF"src/testle.d" -MT"src/testle.o" -MT"src/testle.d" -o "src/testle.o" "../src/testle.c"
../src/testle.c: In function 'main':
../src/testle.c:42:25: warning: unused variable 'i' [-Wunused-variable]
     volatile static int i = 0 ;
                         ^
Finished building: ../src/testle.c
 
Building target: testle.axf
Invoking: MCU Linker
arm-none-eabi-gcc -nostdlib -L"/home/parichey/Documents/MCUXpresso_10.3.0_2200/workspace/lpc_board_nxp_lpcxpresso_1769/Debug" -L"/home/parichey/Documents/MCUXpresso_10.3.0_2200/workspace/lpc_chip_175x_6x/Debug" -Xlinker -Map="testle.map" -Xlinker --gc-sections -Xlinker -print-memory-usage -mcpu=cortex-m3 -mthumb -T "testle_Debug.ld" -o "testle.axf"  ./src/cr_startup_lpc175x_6x.o ./src/crp.o ./src/sysinit.o ./src/testle.o   -llpc_board_nxp_lpcxpresso_1769 -llpc_chip_175x_6x
Memory region         Used Size  Region Size  %age Used
       MFlash512:        3964 B       512 KB      0.76%
        RamLoc32:           4 B        32 KB      0.01%
        RamAHB32:          0 GB        32 KB      0.00%
Finished building target: testle.axf
 
make --no-print-directory post-build
Performing post-build steps
arm-none-eabi-size "testle.axf"; # arm-none-eabi-objcopy -v -O binary "testle.axf" "testle.bin" ; # checksum -p LPC1769 -d "testle.bin";
   text	   data	    bss	    dec	    hex	filename
   3964	      0	      4	   3968	    f80	testle.axf
 
16:13:44 **** Incremental Build of configuration Debug for project lpc_board_nxp_lpcxpresso_1769 ****
make -r all 
make: Nothing to be done for 'all'.
16:13:45 **** Incremental Build of configuration Debug for project lpc_chip_175x_6x ****
make -r all 
make: Nothing to be done for 'all'.
16:13:45 **** Incremental Build of configuration Debug for project testle ****
make -r -j4 all 
make: Nothing to be done for 'all'.
16:13:47 **** Incremental Build of configuration Debug for project testle ****
make -r -j4 all 
make: Nothing to be done for 'all'.
16:14:41 **** Incremental Build of configuration Debug for project lpc_board_nxp_lpcxpresso_1769 ****
make -r all 
make: Nothing to be done for 'all'.
16:14:41 **** Incremental Build of configuration Debug for project lpc_chip_175x_6x ****
make -r all 
make: Nothing to be done for 'all'.
16:14:42 **** Incremental Build of configuration Debug for project testle ****
make -r -j4 all 
Building file: ../src/testle.c
Invoking: MCU C Compiler
arm-none-eabi-gcc -DDEBUG -D__CODE_RED -DCORE_M3 -D__USE_LPCOPEN -D__LPC17XX__ -D__REDLIB__ -I"/home/parichey/Documents/MCUXpresso_10.3.0_2200/workspace/lpc_board_nxp_lpcxpresso_1769/inc" -I"/home/parichey/Documents/MCUXpresso_10.3.0_2200/workspace/lpc_chip_175x_6x/inc" -O0 -fno-common -g3 -Wall -c -fmessage-length=0 -fno-builtin -ffunction-sections -fdata-sections -mcpu=cortex-m3 -mthumb -specs=redlib.specs -MMD -MP -MF"src/testle.d" -MT"src/testle.o" -MT"src/testle.d" -o "src/testle.o" "../src/testle.c"
../src/testle.c: In function 'main':
../src/testle.c:42:25: warning: unused variable 'i' [-Wunused-variable]
     volatile static int i = 0 ;
                         ^
Finished building: ../src/testle.c
 
Building target: testle.axf
Invoking: MCU Linker
arm-none-eabi-gcc -nostdlib -L"/home/parichey/Documents/MCUXpresso_10.3.0_2200/workspace/lpc_board_nxp_lpcxpresso_1769/Debug" -L"/home/parichey/Documents/MCUXpresso_10.3.0_2200/workspace/lpc_chip_175x_6x/Debug" -Xlinker -Map="testle.map" -Xlinker --gc-sections -Xlinker -print-memory-usage -mcpu=cortex-m3 -mthumb -T "testle_Debug.ld" -o "testle.axf"  ./src/cr_startup_lpc175x_6x.o ./src/crp.o ./src/sysinit.o ./src/testle.o   -llpc_board_nxp_lpcxpresso_1769 -llpc_chip_175x_6x
Memory region         Used Size  Region Size  %age Used
       MFlash512:        3960 B       512 KB      0.76%
        RamLoc32:           4 B        32 KB      0.01%
        RamAHB32:          0 GB        32 KB      0.00%
Finished building target: testle.axf
 
make --no-print-directory post-build
Performing post-build steps
arm-none-eabi-size "testle.axf"; # arm-none-eabi-objcopy -v -O binary "testle.axf" "testle.bin" ; # checksum -p LPC1769 -d "testle.bin";
   text	   data	    bss	    dec	    hex	filename
   3960	      0	      4	   3964	    f7c	testle.axf
 
16:14:55 **** Incremental Build of configuration Debug for project lpc_board_nxp_lpcxpresso_1769 ****
make -r all 
make: Nothing to be done for 'all'.
16:14:55 **** Incremental Build of configuration Debug for project lpc_chip_175x_6x ****
make -r all 
make: Nothing to be done for 'all'.
16:14:56 **** Incremental Build of configuration Debug for project testle ****
make -r -j4 all 
make: Nothing to be done for 'all'.
16:15:19 **** Incremental Build of configuration Debug for project lpc_board_nxp_lpcxpresso_1769 ****
make -r all 
make: Nothing to be done for 'all'.
16:15:19 **** Incremental Build of configuration Debug for project lpc_chip_175x_6x ****
make -r all 
make: Nothing to be done for 'all'.
16:15:20 **** Incremental Build of configuration Debug for project testle ****
make -r -j4 all 
make: Nothing to be done for 'all'.
16:15:21 **** Incremental Build of configuration Debug for project testle ****
make -r -j4 all 
make: Nothing to be done for 'all'.
16:16:07 **** Incremental Build of configuration Debug for project lpc_board_nxp_lpcxpresso_1769 ****
make -r all 
make: Nothing to be done for 'all'.
16:16:08 **** Incremental Build of configuration Debug for project lpc_chip_175x_6x ****
make -r all 
make: Nothing to be done for 'all'.
16:16:08 **** Incremental Build of configuration Debug for project testle ****
make -r -j4 all 
Building file: ../src/testle.c
Invoking: MCU C Compiler
arm-none-eabi-gcc -DDEBUG -D__CODE_RED -DCORE_M3 -D__USE_LPCOPEN -D__LPC17XX__ -D__REDLIB__ -I"/home/parichey/Documents/MCUXpresso_10.3.0_2200/workspace/lpc_board_nxp_lpcxpresso_1769/inc" -I"/home/parichey/Documents/MCUXpresso_10.3.0_2200/workspace/lpc_chip_175x_6x/inc" -O0 -fno-common -g3 -Wall -c -fmessage-length=0 -fno-builtin -ffunction-sections -fdata-sections -mcpu=cortex-m3 -mthumb -specs=redlib.specs -MMD -MP -MF"src/testle.d" -MT"src/testle.o" -MT"src/testle.d" -o "src/testle.o" "../src/testle.c"
../src/testle.c: In function 'main':
../src/testle.c:42:25: warning: unused variable 'i' [-Wunused-variable]
     volatile static int i = 0 ;
                         ^
Finished building: ../src/testle.c
 
Building target: testle.axf
Invoking: MCU Linker
arm-none-eabi-gcc -nostdlib -L"/home/parichey/Documents/MCUXpresso_10.3.0_2200/workspace/lpc_board_nxp_lpcxpresso_1769/Debug" -L"/home/parichey/Documents/MCUXpresso_10.3.0_2200/workspace/lpc_chip_175x_6x/Debug" -Xlinker -Map="testle.map" -Xlinker --gc-sections -Xlinker -print-memory-usage -mcpu=cortex-m3 -mthumb -T "testle_Debug.ld" -o "testle.axf"  ./src/cr_startup_lpc175x_6x.o ./src/crp.o ./src/sysinit.o ./src/testle.o   -llpc_board_nxp_lpcxpresso_1769 -llpc_chip_175x_6x
Memory region         Used Size  Region Size  %age Used
       MFlash512:        3904 B       512 KB      0.74%
        RamLoc32:           4 B        32 KB      0.01%
        RamAHB32:          0 GB        32 KB      0.00%
Finished building target: testle.axf
 
make --no-print-directory post-build
Performing post-build steps
arm-none-eabi-size "testle.axf"; # arm-none-eabi-objcopy -v -O binary "testle.axf" "testle.bin" ; # checksum -p LPC1769 -d "testle.bin";
   text	   data	    bss	    dec	    hex	filename
   3904	      0	      4	   3908	    f44	testle.axf
 
16:16:10 **** Incremental Build of configuration Debug for project testle ****
make -r -j4 all 
make: Nothing to be done for 'all'.
16:16:34 **** Incremental Build of configuration Debug for project lpc_chip_175x_6x ****
make -r all 
make: Nothing to be done for 'all'.
16:16:34 **** Incremental Build of configuration Debug for project activity1 ****
make -r -j4 all 
make: Nothing to be done for 'all'.
16:16:49 **** Incremental Build of configuration Debug for project lpc_chip_175x_6x ****
make -r all 
make: Nothing to be done for 'all'.
16:16:49 **** Incremental Build of configuration Debug for project activity1 ****
make -r -j4 all 
make: Nothing to be done for 'all'.
16:16:50 **** Incremental Build of configuration Debug for project activity1 ****
make -r -j4 all 
make: Nothing to be done for 'all'.
16:17:32 **** Incremental Build of configuration Debug for project lpc_chip_175x_6x ****
make -r all 
make: Nothing to be done for 'all'.
16:17:33 **** Incremental Build of configuration Debug for project activity1 ****
make -r -j4 all 
Building file: ../src/activity1.c
Invoking: MCU C Compiler
arm-none-eabi-gcc -DDEBUG -D__CODE_RED -DCORE_M3 -D__USE_LPCOPEN -DNO_BOARD_LIB -D__LPC17XX__ -D__REDLIB__ -I"/home/parichey/Documents/MCUXpresso_10.3.0_2200/workspace/lpc_chip_175x_6x/inc" -O0 -fno-common -g3 -Wall -c -fmessage-length=0 -fno-builtin -ffunction-sections -fdata-sections -mcpu=cortex-m3 -mthumb -specs=redlib.specs -MMD -MP -MF"src/activity1.d" -MT"src/activity1.o" -MT"src/activity1.d" -o "src/activity1.o" "../src/activity1.c"
Finished building: ../src/activity1.c
 
Building target: activity1.axf
Invoking: MCU Linker
arm-none-eabi-gcc -nostdlib -L"/home/parichey/Documents/MCUXpresso_10.3.0_2200/workspace/lpc_chip_175x_6x/Debug" -Xlinker -Map="activity1.map" -Xlinker --gc-sections -Xlinker -print-memory-usage -mcpu=cortex-m3 -mthumb -T "activity1_Debug.ld" -o "activity1.axf"  ./src/activity1.o ./src/cr_startup_lpc175x_6x.o ./src/crp.o ./src/sysinit.o   -llpc_chip_175x_6x
Memory region         Used Size  Region Size  %age Used
       MFlash512:        1884 B       512 KB      0.36%
        RamLoc32:           8 B        32 KB      0.02%
        RamAHB32:          0 GB        32 KB      0.00%
Finished building target: activity1.axf
 
make --no-print-directory post-build
Performing post-build steps
arm-none-eabi-size "activity1.axf"; # arm-none-eabi-objcopy -v -O binary "activity1.axf" "activity1.bin" ; # checksum -p LPC1769 -d "activity1.bin";
   text	   data	    bss	    dec	    hex	filename
   1884	      0	      8	   1892	    764	activity1.axf
 
16:17:42 **** Incremental Build of configuration Debug for project lpc_chip_175x_6x ****
make -r all 
make: Nothing to be done for 'all'.
16:17:43 **** Incremental Build of configuration Debug for project activity1 ****
make -r -j4 all 
make: Nothing to be done for 'all'.
16:17:44 **** Incremental Build of configuration Debug for project activity1 ****
make -r -j4 all 
make: Nothing to be done for 'all'.
16:35:13 **** Incremental Build of configuration Debug for project lpc_board_nxp_lpcxpresso_1769 ****
make -r all 
Building file: ../src/board.c
Invoking: MCU C Compiler
arm-none-eabi-gcc -D__REDLIB__ -DDEBUG -D__CODE_RED -D__USE_LPCOPEN -DCORE_M3 -I"/home/parichey/Documents/MCUXpresso_10.3.0_2200/workspace/lpc_chip_175x_6x/inc" -I"/home/parichey/Documents/MCUXpresso_10.3.0_2200/workspace/lpc_board_nxp_lpcxpresso_1769/inc" -O0 -g3 -Wall -c -fmessage-length=0 -fno-builtin -ffunction-sections -fdata-sections -mcpu=cortex-m3 -mthumb -specs=redlib.specs -MMD -MP -MF"src/board.d" -MT"src/board.o" -MT"src/board.d" -o "src/board.o" "../src/board.c"
../src/board.c: In function 'Board_I2C_Init':
../src/board.c:271:2: warning: enumeration value 'I2C_NUM_INTERFACE' not handled in switch [-Wswitch]
  switch (id) {
  ^~~~~~
Finished building: ../src/board.c
 
Building target: liblpc_board_nxp_lpcxpresso_1769.a
Invoking: MCU Archiver
arm-none-eabi-ar -r  "liblpc_board_nxp_lpcxpresso_1769.a"  ./src/board.o ./src/board_sysinit.o ./src/lpc_phy_smsc87x0.o   
arm-none-eabi-ar: creating liblpc_board_nxp_lpcxpresso_1769.a
Finished building target: liblpc_board_nxp_lpcxpresso_1769.a
 
make --no-print-directory post-build
Performing post-build steps
arm-none-eabi-size "liblpc_board_nxp_lpcxpresso_1769.a" ; # arm-none-eabi-objdump -h -S "liblpc_board_nxp_lpcxpresso_1769.a" >"liblpc_board_nxp_lpcxpresso_1769.lss"
   text	   data	    bss	    dec	    hex	filename
   2203	      0	      0	   2203	    89b	board.o (ex liblpc_board_nxp_lpcxpresso_1769.a)
    202	      0	      0	    202	     ca	board_sysinit.o (ex liblpc_board_nxp_lpcxpresso_1769.a)
    856	      0	     18	    874	    36a	lpc_phy_smsc87x0.o (ex liblpc_board_nxp_lpcxpresso_1769.a)
 
16:35:33 **** Incremental Build of configuration Debug for project lpc_board_nxp_lpcxpresso_1769 ****
make -r all 
make: Nothing to be done for 'all'.
16:43:58 **** Incremental Build of configuration Debug for project lpc_board_nxp_lpcxpresso_1769 ****
make -r all 
Building file: ../src/board.c
Invoking: MCU C Compiler
arm-none-eabi-gcc -D__REDLIB__ -DDEBUG -D__CODE_RED -D__USE_LPCOPEN -DCORE_M3 -I"/home/parichey/Documents/MCUXpresso_10.3.0_2200/workspace/lpc_chip_175x_6x/inc" -I"/home/parichey/Documents/MCUXpresso_10.3.0_2200/workspace/lpc_board_nxp_lpcxpresso_1769/inc" -O0 -g3 -Wall -c -fmessage-length=0 -fno-builtin -ffunction-sections -fdata-sections -mcpu=cortex-m3 -mthumb -specs=redlib.specs -MMD -MP -MF"src/board.d" -MT"src/board.o" -MT"src/board.d" -o "src/board.o" "../src/board.c"
../src/board.c:72:13: error: redefinition of 'Board_LED_Init'
 static void Board_LED_Init(void)
             ^~~~~~~~~~~~~~
In file included from ../src/board.c:32:0:
/home/parichey/Documents/MCUXpresso_10.3.0_2200/workspace/lpc_board_nxp_lpcxpresso_1769/inc/board.h:98:13: note: previous definition of 'Board_LED_Init' was here
 static void Board_LED_Init(void)
             ^~~~~~~~~~~~~~
../src/board.c: In function 'Board_I2C_Init':
../src/board.c:274:2: warning: enumeration value 'I2C_NUM_INTERFACE' not handled in switch [-Wswitch]
  switch (id) {
  ^~~~~~
In file included from ../src/board.c:32:0:
At top level:
/home/parichey/Documents/MCUXpresso_10.3.0_2200/workspace/lpc_board_nxp_lpcxpresso_1769/inc/board.h:98:13: warning: 'Board_LED_Init' defined but not used [-Wunused-function]
 static void Board_LED_Init(void)
             ^~~~~~~~~~~~~~
make: *** [src/board.o] Error 1
src/subdir.mk:24: recipe for target 'src/board.o' failed
16:43:59 **** Incremental Build of configuration Debug for project lpc_chip_175x_6x ****
make -r all 
make: Nothing to be done for 'all'.
16:44:00 **** Incremental Build of configuration Debug for project testle ****
make -r -j4 all 
Building file: ../src/testle.c
Building file: ../src/sysinit.c
Invoking: MCU C Compiler
arm-none-eabi-gcc -DDEBUG -D__CODE_RED -DCORE_M3 -D__USE_LPCOPEN -D__LPC17XX__ -D__REDLIB__ -I"/home/parichey/Documents/MCUXpresso_10.3.0_2200/workspace/lpc_board_nxp_lpcxpresso_1769/inc" -I"/home/parichey/Documents/MCUXpresso_10.3.0_2200/workspace/lpc_chip_175x_6x/inc" -O0 -fno-common -g3 -Wall -c -fmessage-length=0 -fno-builtin -ffunction-sections -fdata-sections -mcpu=cortex-m3 -mthumb -specs=redlib.specs -MMD -MP -MF"src/testle.d" -MT"src/testle.o" -MT"src/testle.d" -o "src/testle.o" "../src/testle.c"
Invoking: MCU C Compiler
arm-none-eabi-gcc -DDEBUG -D__CODE_RED -DCORE_M3 -D__USE_LPCOPEN -D__LPC17XX__ -D__REDLIB__ -I"/home/parichey/Documents/MCUXpresso_10.3.0_2200/workspace/lpc_board_nxp_lpcxpresso_1769/inc" -I"/home/parichey/Documents/MCUXpresso_10.3.0_2200/workspace/lpc_chip_175x_6x/inc" -O0 -fno-common -g3 -Wall -c -fmessage-length=0 -fno-builtin -ffunction-sections -fdata-sections -mcpu=cortex-m3 -mthumb -specs=redlib.specs -MMD -MP -MF"src/sysinit.d" -MT"src/sysinit.o" -MT"src/sysinit.d" -o "src/sysinit.o" "../src/sysinit.c"
../src/testle.c: In function 'main':
../src/testle.c:43:25: warning: unused variable 'i' [-Wunused-variable]
     volatile static int i = 0 ;
                         ^
In file included from ../src/testle.c:15:0:
At top level:
/home/parichey/Documents/MCUXpresso_10.3.0_2200/workspace/lpc_board_nxp_lpcxpresso_1769/inc/board.h:98:13: warning: 'Board_LED_Init' defined but not used [-Wunused-function]
 static void Board_LED_Init(void)
             ^~~~~~~~~~~~~~
In file included from ../src/sysinit.c:35:0:
/home/parichey/Documents/MCUXpresso_10.3.0_2200/workspace/lpc_board_nxp_lpcxpresso_1769/inc/board.h:98:13: warning: 'Board_LED_Init' defined but not used [-Wunused-function]
 static void Board_LED_Init(void)
             ^~~~~~~~~~~~~~
Finished building: ../src/testle.c
 
Finished building: ../src/sysinit.c
 
Building target: testle.axf
Invoking: MCU Linker
arm-none-eabi-gcc -nostdlib -L"/home/parichey/Documents/MCUXpresso_10.3.0_2200/workspace/lpc_board_nxp_lpcxpresso_1769/Debug" -L"/home/parichey/Documents/MCUXpresso_10.3.0_2200/workspace/lpc_chip_175x_6x/Debug" -Xlinker -Map="testle.map" -Xlinker --gc-sections -Xlinker -print-memory-usage -mcpu=cortex-m3 -mthumb -T "testle_Debug.ld" -o "testle.axf"  ./src/cr_startup_lpc175x_6x.o ./src/crp.o ./src/sysinit.o ./src/testle.o   -llpc_board_nxp_lpcxpresso_1769 -llpc_chip_175x_6x
/usr/local/mcuxpressoide-10.3.0_2200/ide/plugins/com.nxp.mcuxpresso.tools.linux_10.3.0.201811011841/tools/bin/../lib/gcc/arm-none-eabi/7.3.1/../../../../arm-none-eabi/bin/ld: cannot find -llpc_board_nxp_lpcxpresso_1769
makefile:30: recipe for target 'testle.axf' failed
collect2: error: ld returned 1 exit status
make: *** [testle.axf] Error 1
16:44:02 **** Incremental Build of configuration Debug for project testle ****
make -r -j4 all 
Building target: testle.axf
Invoking: MCU Linker
arm-none-eabi-gcc -nostdlib -L"/home/parichey/Documents/MCUXpresso_10.3.0_2200/workspace/lpc_board_nxp_lpcxpresso_1769/Debug" -L"/home/parichey/Documents/MCUXpresso_10.3.0_2200/workspace/lpc_chip_175x_6x/Debug" -Xlinker -Map="testle.map" -Xlinker --gc-sections -Xlinker -print-memory-usage -mcpu=cortex-m3 -mthumb -T "testle_Debug.ld" -o "testle.axf"  ./src/cr_startup_lpc175x_6x.o ./src/crp.o ./src/sysinit.o ./src/testle.o   -llpc_board_nxp_lpcxpresso_1769 -llpc_chip_175x_6x
/usr/local/mcuxpressoide-10.3.0_2200/ide/plugins/com.nxp.mcuxpresso.tools.linux_10.3.0.201811011841/tools/bin/../lib/gcc/arm-none-eabi/7.3.1/../../../../arm-none-eabi/bin/ld: cannot find -llpc_board_nxp_lpcxpresso_1769
makefile:30: recipe for target 'testle.axf' failed
collect2: error: ld returned 1 exit status
make: *** [testle.axf] Error 1
16:46:51 **** Incremental Build of configuration Debug for project lpc_board_nxp_lpcxpresso_1769 ****
make -r all 
Building file: ../src/board.c
Invoking: MCU C Compiler
arm-none-eabi-gcc -D__REDLIB__ -DDEBUG -D__CODE_RED -D__USE_LPCOPEN -DCORE_M3 -I"/home/parichey/Documents/MCUXpresso_10.3.0_2200/workspace/lpc_chip_175x_6x/inc" -I"/home/parichey/Documents/MCUXpresso_10.3.0_2200/workspace/lpc_board_nxp_lpcxpresso_1769/inc" -O0 -g3 -Wall -c -fmessage-length=0 -fno-builtin -ffunction-sections -fdata-sections -mcpu=cortex-m3 -mthumb -specs=redlib.specs -MMD -MP -MF"src/board.d" -MT"src/board.o" -MT"src/board.d" -o "src/board.o" "../src/board.c"
../src/board.c:72:13: error: redefinition of 'Board_LED_Init'
 static void Board_LED_Init(void)
             ^~~~~~~~~~~~~~
In file included from ../src/board.c:32:0:
/home/parichey/Documents/MCUXpresso_10.3.0_2200/workspace/lpc_board_nxp_lpcxpresso_1769/inc/board.h:98:13: note: previous definition of 'Board_LED_Init' was here
 static void Board_LED_Init(void)
             ^~~~~~~~~~~~~~
../src/board.c: In function 'Board_I2C_Init':
../src/board.c:277:2: warning: enumeration value 'I2C_NUM_INTERFACE' not handled in switch [-Wswitch]
  switch (id) {
  ^~~~~~
In file included from ../src/board.c:32:0:
At top level:
/home/parichey/Documents/MCUXpresso_10.3.0_2200/workspace/lpc_board_nxp_lpcxpresso_1769/inc/board.h:98:13: warning: 'Board_LED_Init' defined but not used [-Wunused-function]
 static void Board_LED_Init(void)
             ^~~~~~~~~~~~~~
src/subdir.mk:24: recipe for target 'src/board.o' failed
make: *** [src/board.o] Error 1
16:46:55 **** Incremental Build of configuration Debug for project lpc_board_nxp_lpcxpresso_1769 ****
make -r all 
Building file: ../src/board.c
Invoking: MCU C Compiler
arm-none-eabi-gcc -D__REDLIB__ -DDEBUG -D__CODE_RED -D__USE_LPCOPEN -DCORE_M3 -I"/home/parichey/Documents/MCUXpresso_10.3.0_2200/workspace/lpc_chip_175x_6x/inc" -I"/home/parichey/Documents/MCUXpresso_10.3.0_2200/workspace/lpc_board_nxp_lpcxpresso_1769/inc" -O0 -g3 -Wall -c -fmessage-length=0 -fno-builtin -ffunction-sections -fdata-sections -mcpu=cortex-m3 -mthumb -specs=redlib.specs -MMD -MP -MF"src/board.d" -MT"src/board.o" -MT"src/board.d" -o "src/board.o" "../src/board.c"
../src/board.c:72:13: error: redefinition of 'Board_LED_Init'
 static void Board_LED_Init(void)
             ^~~~~~~~~~~~~~
In file included from ../src/board.c:32:0:
/home/parichey/Documents/MCUXpresso_10.3.0_2200/workspace/lpc_board_nxp_lpcxpresso_1769/inc/board.h:98:13: note: previous definition of 'Board_LED_Init' was here
 static void Board_LED_Init(void)
             ^~~~~~~~~~~~~~
../src/board.c: In function 'Board_I2C_Init':
../src/board.c:277:2: warning: enumeration value 'I2C_NUM_INTERFACE' not handled in switch [-Wswitch]
  switch (id) {
  ^~~~~~
In file included from ../src/board.c:32:0:
At top level:
/home/parichey/Documents/MCUXpresso_10.3.0_2200/workspace/lpc_board_nxp_lpcxpresso_1769/inc/board.h:98:13: warning: 'Board_LED_Init' defined but not used [-Wunused-function]
 static void Board_LED_Init(void)
             ^~~~~~~~~~~~~~
src/subdir.mk:24: recipe for target 'src/board.o' failed
make: *** [src/board.o] Error 1
16:47:25 **** Incremental Build of configuration Debug for project lpc_board_nxp_lpcxpresso_1769 ****
make -r all 
Building file: ../src/board.c
Invoking: MCU C Compiler
arm-none-eabi-gcc -D__REDLIB__ -DDEBUG -D__CODE_RED -D__USE_LPCOPEN -DCORE_M3 -I"/home/parichey/Documents/MCUXpresso_10.3.0_2200/workspace/lpc_chip_175x_6x/inc" -I"/home/parichey/Documents/MCUXpresso_10.3.0_2200/workspace/lpc_board_nxp_lpcxpresso_1769/inc" -O0 -g3 -Wall -c -fmessage-length=0 -fno-builtin -ffunction-sections -fdata-sections -mcpu=cortex-m3 -mthumb -specs=redlib.specs -MMD -MP -MF"src/board.d" -MT"src/board.o" -MT"src/board.d" -o "src/board.o" "../src/board.c"
../src/board.c:72:13: error: redefinition of 'Board_LED_Init'
 static void Board_LED_Init(void)
             ^~~~~~~~~~~~~~
In file included from ../src/board.c:32:0:
/home/parichey/Documents/MCUXpresso_10.3.0_2200/workspace/lpc_board_nxp_lpcxpresso_1769/inc/board.h:98:13: note: previous definition of 'Board_LED_Init' was here
 static void Board_LED_Init(void)
             ^~~~~~~~~~~~~~
../src/board.c: In function 'Board_I2C_Init':
../src/board.c:277:2: warning: enumeration value 'I2C_NUM_INTERFACE' not handled in switch [-Wswitch]
src/subdir.mk:24: recipe for target 'src/board.o' failed
  switch (id) {
  ^~~~~~
In file included from ../src/board.c:32:0:
At top level:
/home/parichey/Documents/MCUXpresso_10.3.0_2200/workspace/lpc_board_nxp_lpcxpresso_1769/inc/board.h:98:13: warning: 'Board_LED_Init' defined but not used [-Wunused-function]
 static void Board_LED_Init(void)
             ^~~~~~~~~~~~~~
make: *** [src/board.o] Error 1
16:47:26 **** Incremental Build of configuration Debug for project lpc_chip_175x_6x ****
make -r all 
make: Nothing to be done for 'all'.
16:47:27 **** Incremental Build of configuration Debug for project testle ****
make -r -j4 all 
Building file: ../src/sysinit.c
Building file: ../src/testle.c
Invoking: MCU C Compiler
arm-none-eabi-gcc -DDEBUG -D__CODE_RED -DCORE_M3 -D__USE_LPCOPEN -D__LPC17XX__ -D__REDLIB__ -I"/home/parichey/Documents/MCUXpresso_10.3.0_2200/workspace/lpc_board_nxp_lpcxpresso_1769/inc" -I"/home/parichey/Documents/MCUXpresso_10.3.0_2200/workspace/lpc_chip_175x_6x/inc" -O0 -fno-common -g3 -Wall -c -fmessage-length=0 -fno-builtin -ffunction-sections -fdata-sections -mcpu=cortex-m3 -mthumb -specs=redlib.specs -MMD -MP -MF"src/sysinit.d" -MT"src/sysinit.o" -MT"src/sysinit.d" -o "src/sysinit.o" "../src/sysinit.c"
Invoking: MCU C Compiler
arm-none-eabi-gcc -DDEBUG -D__CODE_RED -DCORE_M3 -D__USE_LPCOPEN -D__LPC17XX__ -D__REDLIB__ -I"/home/parichey/Documents/MCUXpresso_10.3.0_2200/workspace/lpc_board_nxp_lpcxpresso_1769/inc" -I"/home/parichey/Documents/MCUXpresso_10.3.0_2200/workspace/lpc_chip_175x_6x/inc" -O0 -fno-common -g3 -Wall -c -fmessage-length=0 -fno-builtin -ffunction-sections -fdata-sections -mcpu=cortex-m3 -mthumb -specs=redlib.specs -MMD -MP -MF"src/testle.d" -MT"src/testle.o" -MT"src/testle.d" -o "src/testle.o" "../src/testle.c"
../src/testle.c: In function 'main':
../src/testle.c:42:25: warning: unused variable 'i' [-Wunused-variable]
     volatile static int i = 0 ;
                         ^
In file included from ../src/testle.c:15:0:
At top level:
/home/parichey/Documents/MCUXpresso_10.3.0_2200/workspace/lpc_board_nxp_lpcxpresso_1769/inc/board.h:98:13: warning: 'Board_LED_Init' defined but not used [-Wunused-function]
 static void Board_LED_Init(void)
             ^~~~~~~~~~~~~~
In file included from ../src/sysinit.c:35:0:
/home/parichey/Documents/MCUXpresso_10.3.0_2200/workspace/lpc_board_nxp_lpcxpresso_1769/inc/board.h:98:13: warning: 'Board_LED_Init' defined but not used [-Wunused-function]
 static void Board_LED_Init(void)
             ^~~~~~~~~~~~~~
Finished building: ../src/testle.c
 
Finished building: ../src/sysinit.c
 
Building target: testle.axf
Invoking: MCU Linker
arm-none-eabi-gcc -nostdlib -L"/home/parichey/Documents/MCUXpresso_10.3.0_2200/workspace/lpc_board_nxp_lpcxpresso_1769/Debug" -L"/home/parichey/Documents/MCUXpresso_10.3.0_2200/workspace/lpc_chip_175x_6x/Debug" -Xlinker -Map="testle.map" -Xlinker --gc-sections -Xlinker -print-memory-usage -mcpu=cortex-m3 -mthumb -T "testle_Debug.ld" -o "testle.axf"  ./src/cr_startup_lpc175x_6x.o ./src/crp.o ./src/sysinit.o ./src/testle.o   -llpc_board_nxp_lpcxpresso_1769 -llpc_chip_175x_6x
/usr/local/mcuxpressoide-10.3.0_2200/ide/plugins/com.nxp.mcuxpresso.tools.linux_10.3.0.201811011841/tools/bin/../lib/gcc/arm-none-eabi/7.3.1/../../../../arm-none-eabi/bin/ld: cannot find -llpc_board_nxp_lpcxpresso_1769
makefile:30: recipe for target 'testle.axf' failed
collect2: error: ld returned 1 exit status
make: *** [testle.axf] Error 1
16:47:28 **** Incremental Build of configuration Debug for project testle ****
make -r -j4 all 
Building target: testle.axf
Invoking: MCU Linker
arm-none-eabi-gcc -nostdlib -L"/home/parichey/Documents/MCUXpresso_10.3.0_2200/workspace/lpc_board_nxp_lpcxpresso_1769/Debug" -L"/home/parichey/Documents/MCUXpresso_10.3.0_2200/workspace/lpc_chip_175x_6x/Debug" -Xlinker -Map="testle.map" -Xlinker --gc-sections -Xlinker -print-memory-usage -mcpu=cortex-m3 -mthumb -T "testle_Debug.ld" -o "testle.axf"  ./src/cr_startup_lpc175x_6x.o ./src/crp.o ./src/sysinit.o ./src/testle.o   -llpc_board_nxp_lpcxpresso_1769 -llpc_chip_175x_6x
/usr/local/mcuxpressoide-10.3.0_2200/ide/plugins/com.nxp.mcuxpresso.tools.linux_10.3.0.201811011841/tools/bin/../lib/gcc/arm-none-eabi/7.3.1/../../../../arm-none-eabi/bin/ld: cannot find -llpc_board_nxp_lpcxpresso_1769
makefile:30: recipe for target 'testle.axf' failed
collect2: error: ld returned 1 exit status
make: *** [testle.axf] Error 1
16:49:12 **** Incremental Build of configuration Debug for project lpc_board_nxp_lpcxpresso_1769 ****
make -r all 
Building file: ../src/board.c
Invoking: MCU C Compiler
arm-none-eabi-gcc -D__REDLIB__ -DDEBUG -D__CODE_RED -D__USE_LPCOPEN -DCORE_M3 -I"/home/parichey/Documents/MCUXpresso_10.3.0_2200/workspace/lpc_chip_175x_6x/inc" -I"/home/parichey/Documents/MCUXpresso_10.3.0_2200/workspace/lpc_board_nxp_lpcxpresso_1769/inc" -O0 -g3 -Wall -c -fmessage-length=0 -fno-builtin -ffunction-sections -fdata-sections -mcpu=cortex-m3 -mthumb -specs=redlib.specs -MMD -MP -MF"src/board.d" -MT"src/board.o" -MT"src/board.d" -o "src/board.o" "../src/board.c"
In file included from ../src/board.c:32:0:
/home/parichey/Documents/MCUXpresso_10.3.0_2200/workspace/lpc_board_nxp_lpcxpresso_1769/inc/board.h: In function 'Board_LED_Init':
[...]
Finished building: ../src/lcd_17xx_40xx.c
 
Building file: ../src/pmu_17xx_40xx.c
Invoking: MCU C Compiler
arm-none-eabi-gcc -D__REDLIB__ -DDEBUG -D__CODE_RED -D__USE_LPCOPEN -DCORE_M3 -I"/home/parichey/work/ese3025_2/workspace/lpc_chip_175x_6x/inc" -O0 -g3 -Wall -c -fmessage-length=0 -fno-builtin -ffunction-sections -fdata-sections -mcpu=cortex-m3 -mthumb -specs=redlib.specs -MMD -MP -MF"src/pmu_17xx_40xx.d" -MT"src/pmu_17xx_40xx.o" -MT"src/pmu_17xx_40xx.d" -o "src/pmu_17xx_40xx.o" "../src/pmu_17xx_40xx.c"
Finished building: ../src/pmu_17xx_40xx.c
 
Building file: ../src/ring_buffer.c
Invoking: MCU C Compiler
arm-none-eabi-gcc -D__REDLIB__ -DDEBUG -D__CODE_RED -D__USE_LPCOPEN -DCORE_M3 -I"/home/parichey/work/ese3025_2/workspace/lpc_chip_175x_6x/inc" -O0 -g3 -Wall -c -fmessage-length=0 -fno-builtin -ffunction-sections -fdata-sections -mcpu=cortex-m3 -mthumb -specs=redlib.specs -MMD -MP -MF"src/ring_buffer.d" -MT"src/ring_buffer.o" -MT"src/ring_buffer.d" -o "src/ring_buffer.o" "../src/ring_buffer.c"
Finished building: ../src/ring_buffer.c
 
Building file: ../src/ritimer_17xx_40xx.c
Invoking: MCU C Compiler
arm-none-eabi-gcc -D__REDLIB__ -DDEBUG -D__CODE_RED -D__USE_LPCOPEN -DCORE_M3 -I"/home/parichey/work/ese3025_2/workspace/lpc_chip_175x_6x/inc" -O0 -g3 -Wall -c -fmessage-length=0 -fno-builtin -ffunction-sections -fdata-sections -mcpu=cortex-m3 -mthumb -specs=redlib.specs -MMD -MP -MF"src/ritimer_17xx_40xx.d" -MT"src/ritimer_17xx_40xx.o" -MT"src/ritimer_17xx_40xx.d" -o "src/ritimer_17xx_40xx.o" "../src/ritimer_17xx_40xx.c"
Finished building: ../src/ritimer_17xx_40xx.c
 
Building file: ../src/rtc_17xx_40xx.c
Invoking: MCU C Compiler
arm-none-eabi-gcc -D__REDLIB__ -DDEBUG -D__CODE_RED -D__USE_LPCOPEN -DCORE_M3 -I"/home/parichey/work/ese3025_2/workspace/lpc_chip_175x_6x/inc" -O0 -g3 -Wall -c -fmessage-length=0 -fno-builtin -ffunction-sections -fdata-sections -mcpu=cortex-m3 -mthumb -specs=redlib.specs -MMD -MP -MF"src/rtc_17xx_40xx.d" -MT"src/rtc_17xx_40xx.o" -MT"src/rtc_17xx_40xx.d" -o "src/rtc_17xx_40xx.o" "../src/rtc_17xx_40xx.c"
Finished building: ../src/rtc_17xx_40xx.c
 
Building file: ../src/sdc_17xx_40xx.c
Invoking: MCU C Compiler
arm-none-eabi-gcc -D__REDLIB__ -DDEBUG -D__CODE_RED -D__USE_LPCOPEN -DCORE_M3 -I"/home/parichey/work/ese3025_2/workspace/lpc_chip_175x_6x/inc" -O0 -g3 -Wall -c -fmessage-length=0 -fno-builtin -ffunction-sections -fdata-sections -mcpu=cortex-m3 -mthumb -specs=redlib.specs -MMD -MP -MF"src/sdc_17xx_40xx.d" -MT"src/sdc_17xx_40xx.o" -MT"src/sdc_17xx_40xx.d" -o "src/sdc_17xx_40xx.o" "../src/sdc_17xx_40xx.c"
Finished building: ../src/sdc_17xx_40xx.c
 
Building file: ../src/sdmmc_17xx_40xx.c
Invoking: MCU C Compiler
arm-none-eabi-gcc -D__REDLIB__ -DDEBUG -D__CODE_RED -D__USE_LPCOPEN -DCORE_M3 -I"/home/parichey/work/ese3025_2/workspace/lpc_chip_175x_6x/inc" -O0 -g3 -Wall -c -fmessage-length=0 -fno-builtin -ffunction-sections -fdata-sections -mcpu=cortex-m3 -mthumb -specs=redlib.specs -MMD -MP -MF"src/sdmmc_17xx_40xx.d" -MT"src/sdmmc_17xx_40xx.o" -MT"src/sdmmc_17xx_40xx.d" -o "src/sdmmc_17xx_40xx.o" "../src/sdmmc_17xx_40xx.c"
Finished building: ../src/sdmmc_17xx_40xx.c
 
Building file: ../src/spi_17xx_40xx.c
Invoking: MCU C Compiler
arm-none-eabi-gcc -D__REDLIB__ -DDEBUG -D__CODE_RED -D__USE_LPCOPEN -DCORE_M3 -I"/home/parichey/work/ese3025_2/workspace/lpc_chip_175x_6x/inc" -O0 -g3 -Wall -c -fmessage-length=0 -fno-builtin -ffunction-sections -fdata-sections -mcpu=cortex-m3 -mthumb -specs=redlib.specs -MMD -MP -MF"src/spi_17xx_40xx.d" -MT"src/spi_17xx_40xx.o" -MT"src/spi_17xx_40xx.d" -o "src/spi_17xx_40xx.o" "../src/spi_17xx_40xx.c"
../src/spi_17xx_40xx.c: In function 'Chip_SPI_Int_FlushData':
../src/spi_17xx_40xx.c:138:20: warning: variable 'tmp' set but not used [-Wunused-but-set-variable]
  volatile uint32_t tmp;
                    ^~~
Finished building: ../src/spi_17xx_40xx.c
 
Building file: ../src/ssp_17xx_40xx.c
Invoking: MCU C Compiler
arm-none-eabi-gcc -D__REDLIB__ -DDEBUG -D__CODE_RED -D__USE_LPCOPEN -DCORE_M3 -I"/home/parichey/work/ese3025_2/workspace/lpc_chip_175x_6x/inc" -O0 -g3 -Wall -c -fmessage-length=0 -fno-builtin -ffunction-sections -fdata-sections -mcpu=cortex-m3 -mthumb -specs=redlib.specs -MMD -MP -MF"src/ssp_17xx_40xx.d" -MT"src/ssp_17xx_40xx.o" -MT"src/ssp_17xx_40xx.d" -o "src/ssp_17xx_40xx.o" "../src/ssp_17xx_40xx.c"
Finished building: ../src/ssp_17xx_40xx.c
 
Building file: ../src/stopwatch_17xx_40xx.c
Invoking: MCU C Compiler
arm-none-eabi-gcc -D__REDLIB__ -DDEBUG -D__CODE_RED -D__USE_LPCOPEN -DCORE_M3 -I"/home/parichey/work/ese3025_2/workspace/lpc_chip_175x_6x/inc" -O0 -g3 -Wall -c -fmessage-length=0 -fno-builtin -ffunction-sections -fdata-sections -mcpu=cortex-m3 -mthumb -specs=redlib.specs -MMD -MP -MF"src/stopwatch_17xx_40xx.d" -MT"src/stopwatch_17xx_40xx.o" -MT"src/stopwatch_17xx_40xx.d" -o "src/stopwatch_17xx_40xx.o" "../src/stopwatch_17xx_40xx.c"
Finished building: ../src/stopwatch_17xx_40xx.c
 
Building file: ../src/sysctl_17xx_40xx.c
Invoking: MCU C Compiler
arm-none-eabi-gcc -D__REDLIB__ -DDEBUG -D__CODE_RED -D__USE_LPCOPEN -DCORE_M3 -I"/home/parichey/work/ese3025_2/workspace/lpc_chip_175x_6x/inc" -O0 -g3 -Wall -c -fmessage-length=0 -fno-builtin -ffunction-sections -fdata-sections -mcpu=cortex-m3 -mthumb -specs=redlib.specs -MMD -MP -MF"src/sysctl_17xx_40xx.d" -MT"src/sysctl_17xx_40xx.o" -MT"src/sysctl_17xx_40xx.d" -o "src/sysctl_17xx_40xx.o" "../src/sysctl_17xx_40xx.c"
Finished building: ../src/sysctl_17xx_40xx.c
 
Building file: ../src/sysinit_17xx_40xx.c
Invoking: MCU C Compiler
arm-none-eabi-gcc -D__REDLIB__ -DDEBUG -D__CODE_RED -D__USE_LPCOPEN -DCORE_M3 -I"/home/parichey/work/ese3025_2/workspace/lpc_chip_175x_6x/inc" -O0 -g3 -Wall -c -fmessage-length=0 -fno-builtin -ffunction-sections -fdata-sections -mcpu=cortex-m3 -mthumb -specs=redlib.specs -MMD -MP -MF"src/sysinit_17xx_40xx.d" -MT"src/sysinit_17xx_40xx.o" -MT"src/sysinit_17xx_40xx.d" -o "src/sysinit_17xx_40xx.o" "../src/sysinit_17xx_40xx.c"
Finished building: ../src/sysinit_17xx_40xx.c
 
Building file: ../src/timer_17xx_40xx.c
Invoking: MCU C Compiler
arm-none-eabi-gcc -D__REDLIB__ -DDEBUG -D__CODE_RED -D__USE_LPCOPEN -DCORE_M3 -I"/home/parichey/work/ese3025_2/workspace/lpc_chip_175x_6x/inc" -O0 -g3 -Wall -c -fmessage-length=0 -fno-builtin -ffunction-sections -fdata-sections -mcpu=cortex-m3 -mthumb -specs=redlib.specs -MMD -MP -MF"src/timer_17xx_40xx.d" -MT"src/timer_17xx_40xx.o" -MT"src/timer_17xx_40xx.d" -o "src/timer_17xx_40xx.o" "../src/timer_17xx_40xx.c"
Finished building: ../src/timer_17xx_40xx.c
 
Building file: ../src/uart_17xx_40xx.c
Invoking: MCU C Compiler
arm-none-eabi-gcc -D__REDLIB__ -DDEBUG -D__CODE_RED -D__USE_LPCOPEN -DCORE_M3 -I"/home/parichey/work/ese3025_2/workspace/lpc_chip_175x_6x/inc" -O0 -g3 -Wall -c -fmessage-length=0 -fno-builtin -ffunction-sections -fdata-sections -mcpu=cortex-m3 -mthumb -specs=redlib.specs -MMD -MP -MF"src/uart_17xx_40xx.d" -MT"src/uart_17xx_40xx.o" -MT"src/uart_17xx_40xx.d" -o "src/uart_17xx_40xx.o" "../src/uart_17xx_40xx.c"
Finished building: ../src/uart_17xx_40xx.c
 
Building file: ../src/wwdt_17xx_40xx.c
Invoking: MCU C Compiler
arm-none-eabi-gcc -D__REDLIB__ -DDEBUG -D__CODE_RED -D__USE_LPCOPEN -DCORE_M3 -I"/home/parichey/work/ese3025_2/workspace/lpc_chip_175x_6x/inc" -O0 -g3 -Wall -c -fmessage-length=0 -fno-builtin -ffunction-sections -fdata-sections -mcpu=cortex-m3 -mthumb -specs=redlib.specs -MMD -MP -MF"src/wwdt_17xx_40xx.d" -MT"src/wwdt_17xx_40xx.o" -MT"src/wwdt_17xx_40xx.d" -o "src/wwdt_17xx_40xx.o" "../src/wwdt_17xx_40xx.c"
Finished building: ../src/wwdt_17xx_40xx.c
 
Building target: liblpc_chip_175x_6x.a
Invoking: MCU Archiver
arm-none-eabi-ar -r  "liblpc_chip_175x_6x.a"  ./src/adc_17xx_40xx.o ./src/can_17xx_40xx.o ./src/chip_17xx_40xx.o ./src/clock_17xx_40xx.o ./src/cmp_17xx_40xx.o ./src/crc_17xx_40xx.o ./src/dac_17xx_40xx.o ./src/eeprom_17xx_40xx.o ./src/emc_17xx_40xx.o ./src/enet_17xx_40xx.o ./src/gpdma_17xx_40xx.o ./src/gpio_17xx_40xx.o ./src/gpioint_17xx_40xx.o ./src/i2c_17xx_40xx.o ./src/i2s_17xx_40xx.o ./src/iap.o ./src/iocon_17xx_40xx.o ./src/lcd_17xx_40xx.o ./src/pmu_17xx_40xx.o ./src/ring_buffer.o ./src/ritimer_17xx_40xx.o ./src/rtc_17xx_40xx.o ./src/sdc_17xx_40xx.o ./src/sdmmc_17xx_40xx.o ./src/spi_17xx_40xx.o ./src/ssp_17xx_40xx.o ./src/stopwatch_17xx_40xx.o ./src/sysctl_17xx_40xx.o ./src/sysinit_17xx_40xx.o ./src/timer_17xx_40xx.o ./src/uart_17xx_40xx.o ./src/wwdt_17xx_40xx.o   
arm-none-eabi-ar: creating liblpc_chip_175x_6x.a
Finished building target: liblpc_chip_175x_6x.a
 
make --no-print-directory post-build
Performing post-build steps
arm-none-eabi-size "liblpc_chip_175x_6x.a" ; # arm-none-eabi-objdump -h -S "liblpc_chip_175x_6x.a" >"liblpc_chip_175x_6x.lss"
   text	   data	    bss	    dec	    hex	filename
    928	      0	      0	    928	    3a0	adc_17xx_40xx.o (ex liblpc_chip_175x_6x.a)
   8628	      0	      0	   8628	   21b4	can_17xx_40xx.o (ex liblpc_chip_175x_6x.a)
    172	      0	      0	    172	     ac	chip_17xx_40xx.o (ex liblpc_chip_175x_6x.a)
   1596	      0	      0	   1596	    63c	clock_17xx_40xx.o (ex liblpc_chip_175x_6x.a)
      0	      0	      0	      0	      0	cmp_17xx_40xx.o (ex liblpc_chip_175x_6x.a)
      0	      0	      0	      0	      0	crc_17xx_40xx.o (ex liblpc_chip_175x_6x.a)
    140	      0	      0	    140	     8c	dac_17xx_40xx.o (ex liblpc_chip_175x_6x.a)
      0	      0	      0	      0	      0	eeprom_17xx_40xx.o (ex liblpc_chip_175x_6x.a)
      0	      0	      0	      0	      0	emc_17xx_40xx.o (ex liblpc_chip_175x_6x.a)
   1089	      0	      4	   1093	    445	enet_17xx_40xx.o (ex liblpc_chip_175x_6x.a)
   2244	     96	      8	   2348	    92c	gpdma_17xx_40xx.o (ex liblpc_chip_175x_6x.a)
      0	      0	      0	      0	      0	gpio_17xx_40xx.o (ex liblpc_chip_175x_6x.a)
      0	      0	      0	      0	      0	gpioint_17xx_40xx.o (ex liblpc_chip_175x_6x.a)
   3601	     84	    120	   3805	    edd	i2c_17xx_40xx.o (ex liblpc_chip_175x_6x.a)
   1462	      0	      0	   1462	    5b6	i2s_17xx_40xx.o (ex liblpc_chip_175x_6x.a)
    552	      0	      0	    552	    228	iap.o (ex liblpc_chip_175x_6x.a)
    300	      0	      0	    300	    12c	iocon_17xx_40xx.o (ex liblpc_chip_175x_6x.a)
      0	      0	      0	      0	      0	lcd_17xx_40xx.o (ex liblpc_chip_175x_6x.a)
    264	      0	      0	    264	    108	pmu_17xx_40xx.o (ex liblpc_chip_175x_6x.a)
    962	      0	      0	    962	    3c2	ring_buffer.o (ex liblpc_chip_175x_6x.a)
    238	      0	      0	    238	     ee	ritimer_17xx_40xx.o (ex liblpc_chip_175x_6x.a)
    738	      0	      0	    738	    2e2	rtc_17xx_40xx.o (ex liblpc_chip_175x_6x.a)
      0	      0	      0	      0	      0	sdc_17xx_40xx.o (ex liblpc_chip_175x_6x.a)
      0	      0	      0	      0	      0	sdmmc_17xx_40xx.o (ex liblpc_chip_175x_6x.a)
   1036	      0	      0	   1036	    40c	spi_17xx_40xx.o (ex liblpc_chip_175x_6x.a)
   2270	      0	      0	   2270	    8de	ssp_17xx_40xx.o (ex liblpc_chip_175x_6x.a)
    362	      0	     12	    374	    176	stopwatch_17xx_40xx.o (ex liblpc_chip_175x_6x.a)
     44	      0	      0	     44	     2c	sysctl_17xx_40xx.o (ex liblpc_chip_175x_6x.a)
    470	      0	      0	    470	    1d6	sysinit_17xx_40xx.o (ex liblpc_chip_175x_6x.a)
    310	      0	      0	    310	    136	timer_17xx_40xx.o (ex liblpc_chip_175x_6x.a)
   2274	      0	      1	   2275	    8e3	uart_17xx_40xx.o (ex liblpc_chip_175x_6x.a)
     94	      0	      0	     94	     5e	wwdt_17xx_40xx.o (ex liblpc_chip_175x_6x.a)
 
14:36:11 **** Build of configuration Debug for project freertos_blinky ****
make -r -j4 all 
Building file: ../freertos/src/FreeRTOSCommonHooks.c
Building file: ../freertos/src/heap_3.c
Building file: ../freertos/src/list.c
Invoking: MCU C Compiler
arm-none-eabi-gcc -D__REDLIB__ -DDEBUG -D__CODE_RED -D__USE_LPCOPEN -DCORE_M3 -I"/home/parichey/work/ese3025_2/workspace/lpc_chip_175x_6x/inc" -I"/home/parichey/work/ese3025_2/workspace/lpc_board_nxp_lpcxpresso_1769/inc" -I"/home/parichey/work/ese3025_2/workspace/freertos_blinky/example/inc" -I"/home/parichey/work/ese3025_2/workspace/freertos_blinky/freertos/inc" -O0 -g3 -Wall -c -fmessage-length=0 -fno-builtin -ffunction-sections -fdata-sections -mcpu=cortex-m3 -mthumb -specs=redlib.specs -MMD -MP -MF"freertos/src/FreeRTOSCommonHooks.d" -MT"freertos/src/FreeRTOSCommonHooks.o" -MT"freertos/src/FreeRTOSCommonHooks.d" -o "freertos/src/FreeRTOSCommonHooks.o" "../freertos/src/FreeRTOSCommonHooks.c"
Building file: ../freertos/src/port.c
Invoking: MCU C Compiler
arm-none-eabi-gcc -D__REDLIB__ -DDEBUG -D__CODE_RED -D__USE_LPCOPEN -DCORE_M3 -I"/home/parichey/work/ese3025_2/workspace/lpc_chip_175x_6x/inc" -I"/home/parichey/work/ese3025_2/workspace/lpc_board_nxp_lpcxpresso_1769/inc" -I"/home/parichey/work/ese3025_2/workspace/freertos_blinky/example/inc" -I"/home/parichey/work/ese3025_2/workspace/freertos_blinky/freertos/inc" -O0 -g3 -Wall -c -fmessage-length=0 -fno-builtin -ffunction-sections -fdata-sections -mcpu=cortex-m3 -mthumb -specs=redlib.specs -MMD -MP -MF"freertos/src/list.d" -MT"freertos/src/list.o" -MT"freertos/src/list.d" -o "freertos/src/list.o" "../freertos/src/list.c"
Invoking: MCU C Compiler
arm-none-eabi-gcc -D__REDLIB__ -DDEBUG -D__CODE_RED -D__USE_LPCOPEN -DCORE_M3 -I"/home/parichey/work/ese3025_2/workspace/lpc_chip_175x_6x/inc" -I"/home/parichey/work/ese3025_2/workspace/lpc_board_nxp_lpcxpresso_1769/inc" -I"/home/parichey/work/ese3025_2/workspace/freertos_blinky/example/inc" -I"/home/parichey/work/ese3025_2/workspace/freertos_blinky/freertos/inc" -O0 -g3 -Wall -c -fmessage-length=0 -fno-builtin -ffunction-sections -fdata-sections -mcpu=cortex-m3 -mthumb -specs=redlib.specs -MMD -MP -MF"freertos/src/heap_3.d" -MT"freertos/src/heap_3.o" -MT"freertos/src/heap_3.d" -o "freertos/src/heap_3.o" "../freertos/src/heap_3.c"
Invoking: MCU C Compiler
arm-none-eabi-gcc -D__REDLIB__ -DDEBUG -D__CODE_RED -D__USE_LPCOPEN -DCORE_M3 -I"/home/parichey/work/ese3025_2/workspace/lpc_chip_175x_6x/inc" -I"/home/parichey/work/ese3025_2/workspace/lpc_board_nxp_lpcxpresso_1769/inc" -I"/home/parichey/work/ese3025_2/workspace/freertos_blinky/example/inc" -I"/home/parichey/work/ese3025_2/workspace/freertos_blinky/freertos/inc" -O0 -g3 -Wall -c -fmessage-length=0 -fno-builtin -ffunction-sections -fdata-sections -mcpu=cortex-m3 -mthumb -specs=redlib.specs -MMD -MP -MF"freertos/src/port.d" -MT"freertos/src/port.o" -MT"freertos/src/port.d" -o "freertos/src/port.o" "../freertos/src/port.c"
Finished building: ../freertos/src/list.c
 
Building file: ../freertos/src/queue.c
Invoking: MCU C Compiler
arm-none-eabi-gcc -D__REDLIB__ -DDEBUG -D__CODE_RED -D__USE_LPCOPEN -DCORE_M3 -I"/home/parichey/work/ese3025_2/workspace/lpc_chip_175x_6x/inc" -I"/home/parichey/work/ese3025_2/workspace/lpc_board_nxp_lpcxpresso_1769/inc" -I"/home/parichey/work/ese3025_2/workspace/freertos_blinky/example/inc" -I"/home/parichey/work/ese3025_2/workspace/freertos_blinky/freertos/inc" -O0 -g3 -Wall -c -fmessage-length=0 -fno-builtin -ffunction-sections -fdata-sections -mcpu=cortex-m3 -mthumb -specs=redlib.specs -MMD -MP -MF"freertos/src/queue.d" -MT"freertos/src/queue.o" -MT"freertos/src/queue.d" -o "freertos/src/queue.o" "../freertos/src/queue.c"
Finished building: ../freertos/src/FreeRTOSCommonHooks.c
 
Finished building: ../freertos/src/heap_3.c
 
Building file: ../freertos/src/tasks.c
Invoking: MCU C Compiler
arm-none-eabi-gcc -D__REDLIB__ -DDEBUG -D__CODE_RED -D__USE_LPCOPEN -DCORE_M3 -I"/home/parichey/work/ese3025_2/workspace/lpc_chip_175x_6x/inc" -I"/home/parichey/work/ese3025_2/workspace/lpc_board_nxp_lpcxpresso_1769/inc" -I"/home/parichey/work/ese3025_2/workspace/freertos_blinky/example/inc" -I"/home/parichey/work/ese3025_2/workspace/freertos_blinky/freertos/inc" -O0 -g3 -Wall -c -fmessage-length=0 -fno-builtin -ffunction-sections -fdata-sections -mcpu=cortex-m3 -mthumb -specs=redlib.specs -MMD -MP -MF"freertos/src/tasks.d" -MT"freertos/src/tasks.o" -MT"freertos/src/tasks.d" -o "freertos/src/tasks.o" "../freertos/src/tasks.c"
Building file: ../example/src/cr_startup_lpc175x_6x.c
Invoking: MCU C Compiler
arm-none-eabi-gcc -D__REDLIB__ -DDEBUG -D__CODE_RED -D__USE_LPCOPEN -DCORE_M3 -I"/home/parichey/work/ese3025_2/workspace/lpc_chip_175x_6x/inc" -I"/home/parichey/work/ese3025_2/workspace/lpc_board_nxp_lpcxpresso_1769/inc" -I"/home/parichey/work/ese3025_2/workspace/freertos_blinky/example/inc" -I"/home/parichey/work/ese3025_2/workspace/freertos_blinky/freertos/inc" -O0 -g3 -Wall -c -fmessage-length=0 -fno-builtin -ffunction-sections -fdata-sections -mcpu=cortex-m3 -mthumb -specs=redlib.specs -MMD -MP -MF"example/src/cr_startup_lpc175x_6x.d" -MT"example/src/cr_startup_lpc175x_6x.o" -MT"example/src/cr_startup_lpc175x_6x.d" -o "example/src/cr_startup_lpc175x_6x.o" "../example/src/cr_startup_lpc175x_6x.c"
Finished building: ../freertos/src/port.c
Finished building: ../example/src/cr_startup_lpc175x_6x.c
 
 
Building file: ../example/src/freertos_blinky.c
Building file: ../example/src/sysinit.c
Invoking: MCU C Compiler
arm-none-eabi-gcc -D__REDLIB__ -DDEBUG -D__CODE_RED -D__USE_LPCOPEN -DCORE_M3 -I"/home/parichey/work/ese3025_2/workspace/lpc_chip_175x_6x/inc" -I"/home/parichey/work/ese3025_2/workspace/lpc_board_nxp_lpcxpresso_1769/inc" -I"/home/parichey/work/ese3025_2/workspace/freertos_blinky/example/inc" -I"/home/parichey/work/ese3025_2/workspace/freertos_blinky/freertos/inc" -O0 -g3 -Wall -c -fmessage-length=0 -fno-builtin -ffunction-sections -fdata-sections -mcpu=cortex-m3 -mthumb -specs=redlib.specs -MMD -MP -MF"example/src/freertos_blinky.d" -MT"example/src/freertos_blinky.o" -MT"example/src/freertos_blinky.d" -o "example/src/freertos_blinky.o" "../example/src/freertos_blinky.c"
Invoking: MCU C Compiler
arm-none-eabi-gcc -D__REDLIB__ -DDEBUG -D__CODE_RED -D__USE_LPCOPEN -DCORE_M3 -I"/home/parichey/work/ese3025_2/workspace/lpc_chip_175x_6x/inc" -I"/home/parichey/work/ese3025_2/workspace/lpc_board_nxp_lpcxpresso_1769/inc" -I"/home/parichey/work/ese3025_2/workspace/freertos_blinky/example/inc" -I"/home/parichey/work/ese3025_2/workspace/freertos_blinky/freertos/inc" -O0 -g3 -Wall -c -fmessage-length=0 -fno-builtin -ffunction-sections -fdata-sections -mcpu=cortex-m3 -mthumb -specs=redlib.specs -MMD -MP -MF"example/src/sysinit.d" -MT"example/src/sysinit.o" -MT"example/src/sysinit.d" -o "example/src/sysinit.o" "../example/src/sysinit.c"
Finished building: ../freertos/src/queue.c
 
Finished building: ../example/src/freertos_blinky.c
 
Finished building: ../example/src/sysinit.c
 
Finished building: ../freertos/src/tasks.c
 
Building target: freertos_blinky.axf
Invoking: MCU Linker
arm-none-eabi-gcc -nostdlib -L"/home/parichey/work/ese3025_2/workspace/lpc_chip_175x_6x/Debug" -L"/home/parichey/work/ese3025_2/workspace/lpc_board_nxp_lpcxpresso_1769/Debug" -Xlinker -Map="freertos_blinky.map" -Xlinker --gc-sections -mcpu=cortex-m3 -mthumb -T "freertos_blinky_Debug.ld" -o "freertos_blinky.axf"  ./freertos/src/FreeRTOSCommonHooks.o ./freertos/src/heap_3.o ./freertos/src/list.o ./freertos/src/port.o ./freertos/src/queue.o ./freertos/src/tasks.o  ./example/src/cr_startup_lpc175x_6x.o ./example/src/freertos_blinky.o ./example/src/sysinit.o   -llpc_board_nxp_lpcxpresso_1769 -llpc_chip_175x_6x
Finished building target: freertos_blinky.axf
 
make --no-print-directory post-build
Performing post-build steps
arm-none-eabi-size "freertos_blinky.axf"; # arm-none-eabi-objcopy -v -O binary "freertos_blinky.axf" "freertos_blinky.bin" ; # checksum -p LPC1769 -d "freertos_blinky.bin";
   text	   data	    bss	    dec	    hex	filename
  17492	      8	    820	  18320	   4790	freertos_blinky.axf
 
14:36:45 **** Incremental Build of configuration Debug for project lpc_board_nxp_lpcxpresso_1769 ****
make -r all 
make: Nothing to be done for 'all'.
14:36:46 **** Incremental Build of configuration Debug for project lpc_chip_175x_6x ****
make -r all 
make: Nothing to be done for 'all'.
14:36:48 **** Incremental Build of configuration Debug for project freertos_blinky ****
make -r -j4 all 
make: Nothing to be done for 'all'.
