18:20:01 **** Incremental Build of configuration Debug for project hello ****
make -r -j4 all 
Building file: ../src/hello.c
Invoking: MCU C Compiler
arm-none-eabi-gcc -DDEBUG -D__CODE_RED -DCORE_M3 -D__USE_LPCOPEN -DNO_BOARD_LIB -D__LPC17XX__ -D__REDLIB__ -I"/home/parichey/Documents/MCUXpresso_10.3.0_2200/workspace/lpc_chip_175x_6x/inc" -O0 -fno-common -g3 -Wall -c -fmessage-length=0 -fno-builtin -ffunction-sections -fdata-sections -mcpu=cortex-m3 -mthumb -specs=redlib.specs -MMD -MP -MF"src/hello.d" -MT"src/hello.o" -MT"src/hello.d" -o "src/hello.o" "../src/hello.c"
Finished building: ../src/hello.c
 
Building target: hello.axf
Invoking: MCU Linker
arm-none-eabi-gcc -nostdlib -L"/home/parichey/Documents/MCUXpresso_10.3.0_2200/workspace/lpc_chip_175x_6x/Debug" -Xlinker -Map="hello.map" -Xlinker --gc-sections -Xlinker -print-memory-usage -mcpu=cortex-m3 -mthumb -T "hello_Debug.ld" -o "hello.axf"  ./src/cr_startup_lpc175x_6x.o ./src/crp.o ./src/hello.o ./src/sysinit.o   -llpc_chip_175x_6x
Memory region         Used Size  Region Size  %age Used
       MFlash512:        1884 B       512 KB      0.36%
        RamLoc32:           8 B        32 KB      0.02%
        RamAHB32:          0 GB        32 KB      0.00%
Finished building target: hello.axf
 
make --no-print-directory post-build
Performing post-build steps
arm-none-eabi-size "hello.axf"; # arm-none-eabi-objcopy -v -O binary "hello.axf" "hello.bin" ; # checksum -p LPC1769 -d "hello.bin";
   text	   data	    bss	    dec	    hex	filename
   1884	      0	      8	   1892	    764	hello.axf
 

18:20:01 Build Finished (took 223ms)

