17:59:50 **** Build of configuration Debug for project lpcusblib_KeyboardHost ****
make -r -j4 all 
Building file: ../lpcusblib/Drivers/USB/Core/HCD/OHCI/OHCI.c
Building file: ../lpcusblib/Drivers/USB/Core/HCD/HCD.c
Building file: ../lpcusblib/Drivers/USB/Core/HAL/LPC17XX/HAL_LPC17xx.c
Invoking: MCU C Compiler
Invoking: MCU C Compiler
arm-none-eabi-gcc -std=gnu99 -D__REDLIB__ -DDEBUG -D__CODE_RED -D__USE_LPCOPEN -D__LPC175X_6X__ -DUSB_HOST_ONLY -DCORE_M3 -I"/home/parichey/Documents/MCUXpresso_10.3.0_2200/workspace/lpc_chip_175x_6x/inc" -I"/home/parichey/Documents/MCUXpresso_10.3.0_2200/workspace/lpc_board_nxp_lpcxpresso_1769/inc" -I"/home/parichey/Documents/MCUXpresso_10.3.0_2200/workspace/lpcusblib_KeyboardHost/lpcusblib/Drivers/USB" -O0 -g3 -Wall -c -fmessage-length=0 -fno-builtin -ffunction-sections -fdata-sections -mcpu=cortex-m3 -mthumb -specs=redlib.specs -MMD -MP -MF"lpcusblib/Drivers/USB/Core/HCD/OHCI/OHCI.d" -MT"lpcusblib/Drivers/USB/Core/HCD/OHCI/OHCI.o" -MT"lpcusblib/Drivers/USB/Core/HCD/OHCI/OHCI.d" -o "lpcusblib/Drivers/USB/Core/HCD/OHCI/OHCI.o" "../lpcusblib/Drivers/USB/Core/HCD/OHCI/OHCI.c"
arm-none-eabi-gcc -std=gnu99 -D__REDLIB__ -DDEBUG -D__CODE_RED -D__USE_LPCOPEN -D__LPC175X_6X__ -DUSB_HOST_ONLY -DCORE_M3 -I"/home/parichey/Documents/MCUXpresso_10.3.0_2200/workspace/lpc_chip_175x_6x/inc" -I"/home/parichey/Documents/MCUXpresso_10.3.0_2200/workspace/lpc_board_nxp_lpcxpresso_1769/inc" -I"/home/parichey/Documents/MCUXpresso_10.3.0_2200/workspace/lpcusblib_KeyboardHost/lpcusblib/Drivers/USB" -O0 -g3 -Wall -c -fmessage-length=0 -fno-builtin -ffunction-sections -fdata-sections -mcpu=cortex-m3 -mthumb -specs=redlib.specs -MMD -MP -MF"lpcusblib/Drivers/USB/Core/HAL/LPC17XX/HAL_LPC17xx.d" -MT"lpcusblib/Drivers/USB/Core/HAL/LPC17XX/HAL_LPC17xx.o" -MT"lpcusblib/Drivers/USB/Core/HAL/LPC17XX/HAL_LPC17xx.d" -o "lpcusblib/Drivers/USB/Core/HAL/LPC17XX/HAL_LPC17xx.o" "../lpcusblib/Drivers/USB/Core/HAL/LPC17XX/HAL_LPC17xx.c"
Invoking: MCU C Compiler
arm-none-eabi-gcc -std=gnu99 -D__REDLIB__ -DDEBUG -D__CODE_RED -D__USE_LPCOPEN -D__LPC175X_6X__ -DUSB_HOST_ONLY -DCORE_M3 -I"/home/parichey/Documents/MCUXpresso_10.3.0_2200/workspace/lpc_chip_175x_6x/inc" -I"/home/parichey/Documents/MCUXpresso_10.3.0_2200/workspace/lpc_board_nxp_lpcxpresso_1769/inc" -I"/home/parichey/Documents/MCUXpresso_10.3.0_2200/workspace/lpcusblib_KeyboardHost/lpcusblib/Drivers/USB" -O0 -g3 -Wall -c -fmessage-length=0 -fno-builtin -ffunction-sections -fdata-sections -mcpu=cortex-m3 -mthumb -specs=redlib.specs -MMD -MP -MF"lpcusblib/Drivers/USB/Core/HCD/HCD.d" -MT"lpcusblib/Drivers/USB/Core/HCD/HCD.o" -MT"lpcusblib/Drivers/USB/Core/HCD/HCD.d" -o "lpcusblib/Drivers/USB/Core/HCD/HCD.o" "../lpcusblib/Drivers/USB/Core/HCD/HCD.c"
Building file: ../lpcusblib/Drivers/USB/Core/ConfigDescriptor.c
Invoking: MCU C Compiler
arm-none-eabi-gcc -std=gnu99 -D__REDLIB__ -DDEBUG -D__CODE_RED -D__USE_LPCOPEN -D__LPC175X_6X__ -DUSB_HOST_ONLY -DCORE_M3 -I"/home/parichey/Documents/MCUXpresso_10.3.0_2200/workspace/lpc_chip_175x_6x/inc" -I"/home/parichey/Documents/MCUXpresso_10.3.0_2200/workspace/lpc_board_nxp_lpcxpresso_1769/inc" -I"/home/parichey/Documents/MCUXpresso_10.3.0_2200/workspace/lpcusblib_KeyboardHost/lpcusblib/Drivers/USB" -O0 -g3 -Wall -c -fmessage-length=0 -fno-builtin -ffunction-sections -fdata-sections -mcpu=cortex-m3 -mthumb -specs=redlib.specs -MMD -MP -MF"lpcusblib/Drivers/USB/Core/ConfigDescriptor.d" -MT"lpcusblib/Drivers/USB/Core/ConfigDescriptor.o" -MT"lpcusblib/Drivers/USB/Core/ConfigDescriptor.d" -o "lpcusblib/Drivers/USB/Core/ConfigDescriptor.o" "../lpcusblib/Drivers/USB/Core/ConfigDescriptor.c"
Finished building: ../lpcusblib/Drivers/USB/Core/HAL/LPC17XX/HAL_LPC17xx.c
Finished building: ../lpcusblib/Drivers/USB/Core/HCD/HCD.c
 
 
Building file: ../lpcusblib/Drivers/USB/Core/Host.c
Invoking: MCU C Compiler
arm-none-eabi-gcc -std=gnu99 -D__REDLIB__ -DDEBUG -D__CODE_RED -D__USE_LPCOPEN -D__LPC175X_6X__ -DUSB_HOST_ONLY -DCORE_M3 -I"/home/parichey/Documents/MCUXpresso_10.3.0_2200/workspace/lpc_chip_175x_6x/inc" -I"/home/parichey/Documents/MCUXpresso_10.3.0_2200/workspace/lpc_board_nxp_lpcxpresso_1769/inc" -I"/home/parichey/Documents/MCUXpresso_10.3.0_2200/workspace/lpcusblib_KeyboardHost/lpcusblib/Drivers/USB" -O0 -g3 -Wall -c -fmessage-length=0 -fno-builtin -ffunction-sections -fdata-sections -mcpu=cortex-m3 -mthumb -specs=redlib.specs -MMD -MP -MF"lpcusblib/Drivers/USB/Core/Host.d" -MT"lpcusblib/Drivers/USB/Core/Host.o" -MT"lpcusblib/Drivers/USB/Core/Host.d" -o "lpcusblib/Drivers/USB/Core/Host.o" "../lpcusblib/Drivers/USB/Core/Host.c"
Building file: ../lpcusblib/Drivers/USB/Core/HostStandardReq.c
Invoking: MCU C Compiler
arm-none-eabi-gcc -std=gnu99 -D__REDLIB__ -DDEBUG -D__CODE_RED -D__USE_LPCOPEN -D__LPC175X_6X__ -DUSB_HOST_ONLY -DCORE_M3 -I"/home/parichey/Documents/MCUXpresso_10.3.0_2200/workspace/lpc_chip_175x_6x/inc" -I"/home/parichey/Documents/MCUXpresso_10.3.0_2200/workspace/lpc_board_nxp_lpcxpresso_1769/inc" -I"/home/parichey/Documents/MCUXpresso_10.3.0_2200/workspace/lpcusblib_KeyboardHost/lpcusblib/Drivers/USB" -O0 -g3 -Wall -c -fmessage-length=0 -fno-builtin -ffunction-sections -fdata-sections -mcpu=cortex-m3 -mthumb -specs=redlib.specs -MMD -MP -MF"lpcusblib/Drivers/USB/Core/HostStandardReq.d" -MT"lpcusblib/Drivers/USB/Core/HostStandardReq.o" -MT"lpcusblib/Drivers/USB/Core/HostStandardReq.d" -o "lpcusblib/Drivers/USB/Core/HostStandardReq.o" "../lpcusblib/Drivers/USB/Core/HostStandardReq.c"
Finished building: ../lpcusblib/Drivers/USB/Core/ConfigDescriptor.c
 
Building file: ../lpcusblib/Drivers/USB/Core/Pipe.c
Invoking: MCU C Compiler
arm-none-eabi-gcc -std=gnu99 -D__REDLIB__ -DDEBUG -D__CODE_RED -D__USE_LPCOPEN -D__LPC175X_6X__ -DUSB_HOST_ONLY -DCORE_M3 -I"/home/parichey/Documents/MCUXpresso_10.3.0_2200/workspace/lpc_chip_175x_6x/inc" -I"/home/parichey/Documents/MCUXpresso_10.3.0_2200/workspace/lpc_board_nxp_lpcxpresso_1769/inc" -I"/home/parichey/Documents/MCUXpresso_10.3.0_2200/workspace/lpcusblib_KeyboardHost/lpcusblib/Drivers/USB" -O0 -g3 -Wall -c -fmessage-length=0 -fno-builtin -ffunction-sections -fdata-sections -mcpu=cortex-m3 -mthumb -specs=redlib.specs -MMD -MP -MF"lpcusblib/Drivers/USB/Core/Pipe.d" -MT"lpcusblib/Drivers/USB/Core/Pipe.o" -MT"lpcusblib/Drivers/USB/Core/Pipe.d" -o "lpcusblib/Drivers/USB/Core/Pipe.o" "../lpcusblib/Drivers/USB/Core/Pipe.c"
Finished building: ../lpcusblib/Drivers/USB/Core/HCD/OHCI/OHCI.c
 
Building file: ../lpcusblib/Drivers/USB/Core/PipeStream.c
Invoking: MCU C Compiler
arm-none-eabi-gcc -std=gnu99 -D__REDLIB__ -DDEBUG -D__CODE_RED -D__USE_LPCOPEN -D__LPC175X_6X__ -DUSB_HOST_ONLY -DCORE_M3 -I"/home/parichey/Documents/MCUXpresso_10.3.0_2200/workspace/lpc_chip_175x_6x/inc" -I"/home/parichey/Documents/MCUXpresso_10.3.0_2200/workspace/lpc_board_nxp_lpcxpresso_1769/inc" -I"/home/parichey/Documents/MCUXpresso_10.3.0_2200/workspace/lpcusblib_KeyboardHost/lpcusblib/Drivers/USB" -O0 -g3 -Wall -c -fmessage-length=0 -fno-builtin -ffunction-sections -fdata-sections -mcpu=cortex-m3 -mthumb -specs=redlib.specs -MMD -MP -MF"lpcusblib/Drivers/USB/Core/PipeStream.d" -MT"lpcusblib/Drivers/USB/Core/PipeStream.o" -MT"lpcusblib/Drivers/USB/Core/PipeStream.d" -o "lpcusblib/Drivers/USB/Core/PipeStream.o" "../lpcusblib/Drivers/USB/Core/PipeStream.c"
Finished building: ../lpcusblib/Drivers/USB/Core/HostStandardReq.c
Finished building: ../lpcusblib/Drivers/USB/Core/Host.c
 
Building file: ../lpcusblib/Drivers/USB/Core/USBController.c
 
Building file: ../lpcusblib/Drivers/USB/Core/USBMemory.c
Invoking: MCU C Compiler
arm-none-eabi-gcc -std=gnu99 -D__REDLIB__ -DDEBUG -D__CODE_RED -D__USE_LPCOPEN -D__LPC175X_6X__ -DUSB_HOST_ONLY -DCORE_M3 -I"/home/parichey/Documents/MCUXpresso_10.3.0_2200/workspace/lpc_chip_175x_6x/inc" -I"/home/parichey/Documents/MCUXpresso_10.3.0_2200/workspace/lpc_board_nxp_lpcxpresso_1769/inc" -I"/home/parichey/Documents/MCUXpresso_10.3.0_2200/workspace/lpcusblib_KeyboardHost/lpcusblib/Drivers/USB" -O0 -g3 -Wall -c -fmessage-length=0 -fno-builtin -ffunction-sections -fdata-sections -mcpu=cortex-m3 -mthumb -specs=redlib.specs -MMD -MP -MF"lpcusblib/Drivers/USB/Core/USBMemory.d" -MT"lpcusblib/Drivers/USB/Core/USBMemory.o" -MT"lpcusblib/Drivers/USB/Core/USBMemory.d" -o "lpcusblib/Drivers/USB/Core/USBMemory.o" "../lpcusblib/Drivers/USB/Core/USBMemory.c"
Invoking: MCU C Compiler
arm-none-eabi-gcc -std=gnu99 -D__REDLIB__ -DDEBUG -D__CODE_RED -D__USE_LPCOPEN -D__LPC175X_6X__ -DUSB_HOST_ONLY -DCORE_M3 -I"/home/parichey/Documents/MCUXpresso_10.3.0_2200/workspace/lpc_chip_175x_6x/inc" -I"/home/parichey/Documents/MCUXpresso_10.3.0_2200/workspace/lpc_board_nxp_lpcxpresso_1769/inc" -I"/home/parichey/Documents/MCUXpresso_10.3.0_2200/workspace/lpcusblib_KeyboardHost/lpcusblib/Drivers/USB" -O0 -g3 -Wall -c -fmessage-length=0 -fno-builtin -ffunction-sections -fdata-sections -mcpu=cortex-m3 -mthumb -specs=redlib.specs -MMD -MP -MF"lpcusblib/Drivers/USB/Core/USBController.d" -MT"lpcusblib/Drivers/USB/Core/USBController.o" -MT"lpcusblib/Drivers/USB/Core/USBController.d" -o "lpcusblib/Drivers/USB/Core/USBController.o" "../lpcusblib/Drivers/USB/Core/USBController.c"
Finished building: ../lpcusblib/Drivers/USB/Core/Pipe.c
 
Building file: ../lpcusblib/Drivers/USB/Core/USBTask.c
Invoking: MCU C Compiler
arm-none-eabi-gcc -std=gnu99 -D__REDLIB__ -DDEBUG -D__CODE_RED -D__USE_LPCOPEN -D__LPC175X_6X__ -DUSB_HOST_ONLY -DCORE_M3 -I"/home/parichey/Documents/MCUXpresso_10.3.0_2200/workspace/lpc_chip_175x_6x/inc" -I"/home/parichey/Documents/MCUXpresso_10.3.0_2200/workspace/lpc_board_nxp_lpcxpresso_1769/inc" -I"/home/parichey/Documents/MCUXpresso_10.3.0_2200/workspace/lpcusblib_KeyboardHost/lpcusblib/Drivers/USB" -O0 -g3 -Wall -c -fmessage-length=0 -fno-builtin -ffunction-sections -fdata-sections -mcpu=cortex-m3 -mthumb -specs=redlib.specs -MMD -MP -MF"lpcusblib/Drivers/USB/Core/USBTask.d" -MT"lpcusblib/Drivers/USB/Core/USBTask.o" -MT"lpcusblib/Drivers/USB/Core/USBTask.d" -o "lpcusblib/Drivers/USB/Core/USBTask.o" "../lpcusblib/Drivers/USB/Core/USBTask.c"
Finished building: ../lpcusblib/Drivers/USB/Core/PipeStream.c
 
Building file: ../lpcusblib/Drivers/USB/Class/Host/HIDClassHost.c
Invoking: MCU C Compiler
arm-none-eabi-gcc -std=gnu99 -D__REDLIB__ -DDEBUG -D__CODE_RED -D__USE_LPCOPEN -D__LPC175X_6X__ -DUSB_HOST_ONLY -DCORE_M3 -I"/home/parichey/Documents/MCUXpresso_10.3.0_2200/workspace/lpc_chip_175x_6x/inc" -I"/home/parichey/Documents/MCUXpresso_10.3.0_2200/workspace/lpc_board_nxp_lpcxpresso_1769/inc" -I"/home/parichey/Documents/MCUXpresso_10.3.0_2200/workspace/lpcusblib_KeyboardHost/lpcusblib/Drivers/USB" -O0 -g3 -Wall -c -fmessage-length=0 -fno-builtin -ffunction-sections -fdata-sections -mcpu=cortex-m3 -mthumb -specs=redlib.specs -MMD -MP -MF"lpcusblib/Drivers/USB/Class/Host/HIDClassHost.d" -MT"lpcusblib/Drivers/USB/Class/Host/HIDClassHost.o" -MT"lpcusblib/Drivers/USB/Class/Host/HIDClassHost.d" -o "lpcusblib/Drivers/USB/Class/Host/HIDClassHost.o" "../lpcusblib/Drivers/USB/Class/Host/HIDClassHost.c"
Finished building: ../lpcusblib/Drivers/USB/Core/USBController.c
 
Building file: ../lpcusblib/Drivers/USB/Class/Common/HIDParser.c
Invoking: MCU C Compiler
arm-none-eabi-gcc -std=gnu99 -D__REDLIB__ -DDEBUG -D__CODE_RED -D__USE_LPCOPEN -D__LPC175X_6X__ -DUSB_HOST_ONLY -DCORE_M3 -I"/home/parichey/Documents/MCUXpresso_10.3.0_2200/workspace/lpc_chip_175x_6x/inc" -I"/home/parichey/Documents/MCUXpresso_10.3.0_2200/workspace/lpc_board_nxp_lpcxpresso_1769/inc" -I"/home/parichey/Documents/MCUXpresso_10.3.0_2200/workspace/lpcusblib_KeyboardHost/lpcusblib/Drivers/USB" -O0 -g3 -Wall -c -fmessage-length=0 -fno-builtin -ffunction-sections -fdata-sections -mcpu=cortex-m3 -mthumb -specs=redlib.specs -MMD -MP -MF"lpcusblib/Drivers/USB/Class/Common/HIDParser.d" -MT"lpcusblib/Drivers/USB/Class/Common/HIDParser.o" -MT"lpcusblib/Drivers/USB/Class/Common/HIDParser.d" -o "lpcusblib/Drivers/USB/Class/Common/HIDParser.o" "../lpcusblib/Drivers/USB/Class/Common/HIDParser.c"
Finished building: ../lpcusblib/Drivers/USB/Core/USBMemory.c
 
Building file: ../example/src/KeyboardHost.c
Invoking: MCU C Compiler
arm-none-eabi-gcc -std=gnu99 -D__REDLIB__ -DDEBUG -D__CODE_RED -D__USE_LPCOPEN -D__LPC175X_6X__ -DUSB_HOST_ONLY -DCORE_M3 -I"/home/parichey/Documents/MCUXpresso_10.3.0_2200/workspace/lpc_chip_175x_6x/inc" -I"/home/parichey/Documents/MCUXpresso_10.3.0_2200/workspace/lpc_board_nxp_lpcxpresso_1769/inc" -I"/home/parichey/Documents/MCUXpresso_10.3.0_2200/workspace/lpcusblib_KeyboardHost/lpcusblib/Drivers/USB" -O0 -g3 -Wall -c -fmessage-length=0 -fno-builtin -ffunction-sections -fdata-sections -mcpu=cortex-m3 -mthumb -specs=redlib.specs -MMD -MP -MF"example/src/KeyboardHost.d" -MT"example/src/KeyboardHost.o" -MT"example/src/KeyboardHost.d" -o "example/src/KeyboardHost.o" "../example/src/KeyboardHost.c"
Finished building: ../lpcusblib/Drivers/USB/Core/USBTask.c
 
Building file: ../example/src/cr_startup_lpc175x_6x.c
Invoking: MCU C Compiler
arm-none-eabi-gcc -std=gnu99 -D__REDLIB__ -DDEBUG -D__CODE_RED -D__USE_LPCOPEN -D__LPC175X_6X__ -DUSB_HOST_ONLY -DCORE_M3 -I"/home/parichey/Documents/MCUXpresso_10.3.0_2200/workspace/lpc_chip_175x_6x/inc" -I"/home/parichey/Documents/MCUXpresso_10.3.0_2200/workspace/lpc_board_nxp_lpcxpresso_1769/inc" -I"/home/parichey/Documents/MCUXpresso_10.3.0_2200/workspace/lpcusblib_KeyboardHost/lpcusblib/Drivers/USB" -O0 -g3 -Wall -c -fmessage-length=0 -fno-builtin -ffunction-sections -fdata-sections -mcpu=cortex-m3 -mthumb -specs=redlib.specs -MMD -MP -MF"example/src/cr_startup_lpc175x_6x.d" -MT"example/src/cr_startup_lpc175x_6x.o" -MT"example/src/cr_startup_lpc175x_6x.d" -o "example/src/cr_startup_lpc175x_6x.o" "../example/src/cr_startup_lpc175x_6x.c"
Finished building: ../example/src/cr_startup_lpc175x_6x.c
 
Building file: ../example/src/sysinit.c
Invoking: MCU C Compiler
arm-none-eabi-gcc -std=gnu99 -D__REDLIB__ -DDEBUG -D__CODE_RED -D__USE_LPCOPEN -D__LPC175X_6X__ -DUSB_HOST_ONLY -DCORE_M3 -I"/home/parichey/Documents/MCUXpresso_10.3.0_2200/workspace/lpc_chip_175x_6x/inc" -I"/home/parichey/Documents/MCUXpresso_10.3.0_2200/workspace/lpc_board_nxp_lpcxpresso_1769/inc" -I"/home/parichey/Documents/MCUXpresso_10.3.0_2200/workspace/lpcusblib_KeyboardHost/lpcusblib/Drivers/USB" -O0 -g3 -Wall -c -fmessage-length=0 -fno-builtin -ffunction-sections -fdata-sections -mcpu=cortex-m3 -mthumb -specs=redlib.specs -MMD -MP -MF"example/src/sysinit.d" -MT"example/src/sysinit.o" -MT"example/src/sysinit.d" -o "example/src/sysinit.o" "../example/src/sysinit.c"
Finished building: ../lpcusblib/Drivers/USB/Class/Common/HIDParser.c
 
Finished building: ../example/src/KeyboardHost.c
 
Finished building: ../lpcusblib/Drivers/USB/Class/Host/HIDClassHost.c
 
Finished building: ../example/src/sysinit.c
 
Building target: lpcusblib_KeyboardHost.axf
Invoking: MCU Linker
arm-none-eabi-gcc -nostdlib -L"/home/parichey/Documents/MCUXpresso_10.3.0_2200/workspace/lpc_chip_175x_6x/Debug" -L"/home/parichey/Documents/MCUXpresso_10.3.0_2200/workspace/lpc_board_nxp_lpcxpresso_1769/Debug" -Xlinker -Map="lpcusblib_KeyboardHost.map" -Xlinker --gc-sections -mcpu=cortex-m3 -mthumb -T "lpcusblib_KeyboardHost_Debug.ld" -o "lpcusblib_KeyboardHost.axf"  ./lpcusblib/Drivers/USB/Core/HCD/OHCI/OHCI.o  ./lpcusblib/Drivers/USB/Core/HCD/HCD.o  ./lpcusblib/Drivers/USB/Core/HAL/LPC17XX/HAL_LPC17xx.o  ./lpcusblib/Drivers/USB/Core/ConfigDescriptor.o ./lpcusblib/Drivers/USB/Core/Host.o ./lpcusblib/Drivers/USB/Core/HostStandardReq.o ./lpcusblib/Drivers/USB/Core/Pipe.o ./lpcusblib/Drivers/USB/Core/PipeStream.o ./lpcusblib/Drivers/USB/Core/USBController.o ./lpcusblib/Drivers/USB/Core/USBMemory.o ./lpcusblib/Drivers/USB/Core/USBTask.o  ./lpcusblib/Drivers/USB/Class/Host/HIDClassHost.o  ./lpcusblib/Drivers/USB/Class/Common/HIDParser.o  ./example/src/KeyboardHost.o ./example/src/cr_startup_lpc175x_6x.o ./example/src/sysinit.o   -llpc_board_nxp_lpcxpresso_1769 -llpc_chip_175x_6x
Finished building target: lpcusblib_KeyboardHost.axf
 
make --no-print-directory post-build
Performing post-build steps
arm-none-eabi-size "lpcusblib_KeyboardHost.axf"; # arm-none-eabi-objcopy -v -O binary "lpcusblib_KeyboardHost.axf" "lpcusblib_KeyboardHost.bin" ; # checksum -p LPC1769 -d "lpcusblib_KeyboardHost.bin";
   text	   data	    bss	    dec	    hex	filename
  27272	     32	   6040	  33344	   8240	lpcusblib_KeyboardHost.axf
 

17:59:51 Build Finished (took 874ms)

