18:00:02 **** Build of configuration Debug for project periph_clkout ****
make -r -j4 all 
Building file: ../example/src/clkout.c
Building file: ../example/src/cr_startup_lpc175x_6x.c
Building file: ../example/src/sysinit.c
Invoking: MCU C Compiler
Invoking: MCU C Compiler
Invoking: MCU C Compiler
arm-none-eabi-gcc -D__REDLIB__ -DDEBUG -D__CODE_RED -D__USE_LPCOPEN -DCORE_M3 -I"/home/parichey/Documents/MCUXpresso_10.3.0_2200/workspace/lpc_chip_175x_6x/inc" -I"/home/parichey/Documents/MCUXpresso_10.3.0_2200/workspace/lpc_board_nxp_lpcxpresso_1769/inc" -O0 -g3 -Wall -c -fmessage-length=0 -fno-builtin -ffunction-sections -fdata-sections -mcpu=cortex-m3 -mthumb -specs=redlib.specs -MMD -MP -MF"example/src/cr_startup_lpc175x_6x.d" -MT"example/src/cr_startup_lpc175x_6x.o" -MT"example/src/cr_startup_lpc175x_6x.d" -o "example/src/cr_startup_lpc175x_6x.o" "../example/src/cr_startup_lpc175x_6x.c"
arm-none-eabi-gcc -D__REDLIB__ -DDEBUG -D__CODE_RED -D__USE_LPCOPEN -DCORE_M3 -I"/home/parichey/Documents/MCUXpresso_10.3.0_2200/workspace/lpc_chip_175x_6x/inc" -I"/home/parichey/Documents/MCUXpresso_10.3.0_2200/workspace/lpc_board_nxp_lpcxpresso_1769/inc" -O0 -g3 -Wall -c -fmessage-length=0 -fno-builtin -ffunction-sections -fdata-sections -mcpu=cortex-m3 -mthumb -specs=redlib.specs -MMD -MP -MF"example/src/clkout.d" -MT"example/src/clkout.o" -MT"example/src/clkout.d" -o "example/src/clkout.o" "../example/src/clkout.c"
arm-none-eabi-gcc -D__REDLIB__ -DDEBUG -D__CODE_RED -D__USE_LPCOPEN -DCORE_M3 -I"/home/parichey/Documents/MCUXpresso_10.3.0_2200/workspace/lpc_chip_175x_6x/inc" -I"/home/parichey/Documents/MCUXpresso_10.3.0_2200/workspace/lpc_board_nxp_lpcxpresso_1769/inc" -O0 -g3 -Wall -c -fmessage-length=0 -fno-builtin -ffunction-sections -fdata-sections -mcpu=cortex-m3 -mthumb -specs=redlib.specs -MMD -MP -MF"example/src/sysinit.d" -MT"example/src/sysinit.o" -MT"example/src/sysinit.d" -o "example/src/sysinit.o" "../example/src/sysinit.c"
Finished building: ../example/src/cr_startup_lpc175x_6x.c
 
Finished building: ../example/src/sysinit.c
 
Finished building: ../example/src/clkout.c
 
Building target: periph_clkout.axf
Invoking: MCU Linker
arm-none-eabi-gcc -nostdlib -L"/home/parichey/Documents/MCUXpresso_10.3.0_2200/workspace/lpc_chip_175x_6x/Debug" -L"/home/parichey/Documents/MCUXpresso_10.3.0_2200/workspace/lpc_board_nxp_lpcxpresso_1769/Debug" -Xlinker -Map="periph_clkout.map" -Xlinker --gc-sections -mcpu=cortex-m3 -mthumb -T "periph_clkout_Debug.ld" -o "periph_clkout.axf"  ./example/src/clkout.o ./example/src/cr_startup_lpc175x_6x.o ./example/src/sysinit.o   -llpc_board_nxp_lpcxpresso_1769 -llpc_chip_175x_6x
Finished building target: periph_clkout.axf
 
make --no-print-directory post-build
Performing post-build steps
arm-none-eabi-size "periph_clkout.axf"; # arm-none-eabi-objcopy -v -O binary "periph_clkout.axf" "periph_clkout.bin" ; # checksum -p LPC1769 -d "periph_clkout.bin";
   text	   data	    bss	    dec	    hex	filename
   5816	      0	    492	   6308	   18a4	periph_clkout.axf
 

18:00:03 Build Finished (took 327ms)

