Archive member included to satisfy reference by file (symbol)

/home/parichey/Documents/MCUXpresso_10.3.0_2200/workspace/lpc_board_nxp_lpcxpresso_1769/Debug/liblpc_board_nxp_lpcxpresso_1769.a(board.o)
                              ./example/src/spi.o (Board_LED_Set)
/home/parichey/Documents/MCUXpresso_10.3.0_2200/workspace/lpc_board_nxp_lpcxpresso_1769/Debug/liblpc_board_nxp_lpcxpresso_1769.a(board_sysinit.o)
                              ./example/src/sysinit.o (Board_SystemInit)
/home/parichey/Documents/MCUXpresso_10.3.0_2200/workspace/lpc_chip_175x_6x/Debug/liblpc_chip_175x_6x.a(chip_17xx_40xx.o)
                              ./example/src/spi.o (SystemCoreClockUpdate)
/home/parichey/Documents/MCUXpresso_10.3.0_2200/workspace/lpc_chip_175x_6x/Debug/liblpc_chip_175x_6x.a(clock_17xx_40xx.o)
                              /home/parichey/Documents/MCUXpresso_10.3.0_2200/workspace/lpc_chip_175x_6x/Debug/liblpc_chip_175x_6x.a(chip_17xx_40xx.o) (Chip_Clock_EnablePLL)
/home/parichey/Documents/MCUXpresso_10.3.0_2200/workspace/lpc_chip_175x_6x/Debug/liblpc_chip_175x_6x.a(gpdma_17xx_40xx.o)
                              ./example/src/spi.o (Chip_GPDMA_Init)
/home/parichey/Documents/MCUXpresso_10.3.0_2200/workspace/lpc_chip_175x_6x/Debug/liblpc_chip_175x_6x.a(i2s_17xx_40xx.o)
                              /home/parichey/Documents/MCUXpresso_10.3.0_2200/workspace/lpc_board_nxp_lpcxpresso_1769/Debug/liblpc_board_nxp_lpcxpresso_1769.a(board.o) (Chip_I2S_Init)
/home/parichey/Documents/MCUXpresso_10.3.0_2200/workspace/lpc_chip_175x_6x/Debug/liblpc_chip_175x_6x.a(iocon_17xx_40xx.o)
                              /home/parichey/Documents/MCUXpresso_10.3.0_2200/workspace/lpc_board_nxp_lpcxpresso_1769/Debug/liblpc_board_nxp_lpcxpresso_1769.a(board.o) (Chip_IOCON_PinMux)
/home/parichey/Documents/MCUXpresso_10.3.0_2200/workspace/lpc_chip_175x_6x/Debug/liblpc_chip_175x_6x.a(spi_17xx_40xx.o)
                              ./example/src/spi.o (Chip_SPI_RWFrames_Blocking)
/home/parichey/Documents/MCUXpresso_10.3.0_2200/workspace/lpc_chip_175x_6x/Debug/liblpc_chip_175x_6x.a(ssp_17xx_40xx.o)
                              ./example/src/spi.o (Chip_SSP_SetMaster)
/home/parichey/Documents/MCUXpresso_10.3.0_2200/workspace/lpc_chip_175x_6x/Debug/liblpc_chip_175x_6x.a(sysinit_17xx_40xx.o)
                              /home/parichey/Documents/MCUXpresso_10.3.0_2200/workspace/lpc_board_nxp_lpcxpresso_1769/Debug/liblpc_board_nxp_lpcxpresso_1769.a(board_sysinit.o) (Chip_SetupXtalClocking)
/home/parichey/Documents/MCUXpresso_10.3.0_2200/workspace/lpc_chip_175x_6x/Debug/liblpc_chip_175x_6x.a(uart_17xx_40xx.o)
                              /home/parichey/Documents/MCUXpresso_10.3.0_2200/workspace/lpc_board_nxp_lpcxpresso_1769/Debug/liblpc_board_nxp_lpcxpresso_1769.a(board.o) (Chip_UART_Init)
/home/parichey/Documents/MCUXpresso_10.3.0_2200/workspace/lpc_chip_175x_6x/Debug/liblpc_chip_175x_6x.a(ring_buffer.o)
                              /home/parichey/Documents/MCUXpresso_10.3.0_2200/workspace/lpc_chip_175x_6x/Debug/liblpc_chip_175x_6x.a(uart_17xx_40xx.o) (RingBuffer_Insert)
/usr/local/mcuxpressoide-10.3.0_2200/ide/plugins/com.nxp.mcuxpresso.tools.linux_10.3.0.201811011841/tools/bin/../lib/gcc/arm-none-eabi/7.3.1/../../../../arm-none-eabi/lib/thumb/v7-m/libcr_nohost.a(_cr__main.o)
                              ./example/src/cr_startup_lpc175x_6x.o (__main)
/usr/local/mcuxpressoide-10.3.0_2200/ide/plugins/com.nxp.mcuxpresso.tools.linux_10.3.0.201811011841/tools/bin/../lib/gcc/arm-none-eabi/7.3.1/../../../../arm-none-eabi/lib/thumb/v7-m/libcr_c.a(memcpy.o)
                              /home/parichey/Documents/MCUXpresso_10.3.0_2200/workspace/lpc_board_nxp_lpcxpresso_1769/Debug/liblpc_board_nxp_lpcxpresso_1769.a(board.o) (memcpy)
/usr/local/mcuxpressoide-10.3.0_2200/ide/plugins/com.nxp.mcuxpresso.tools.linux_10.3.0.201811011841/tools/bin/../lib/gcc/arm-none-eabi/7.3.1/../../../../arm-none-eabi/lib/thumb/v7-m/libcr_c.a(initio.o)
                              /usr/local/mcuxpressoide-10.3.0_2200/ide/plugins/com.nxp.mcuxpresso.tools.linux_10.3.0.201811011841/tools/bin/../lib/gcc/arm-none-eabi/7.3.1/../../../../arm-none-eabi/lib/thumb/v7-m/libcr_nohost.a(_cr__main.o) (_initio)
/usr/local/mcuxpressoide-10.3.0_2200/ide/plugins/com.nxp.mcuxpresso.tools.linux_10.3.0.201811011841/tools/bin/../lib/gcc/arm-none-eabi/7.3.1/../../../../arm-none-eabi/lib/thumb/v7-m/libcr_c.a(setvbuf.o)
                              /usr/local/mcuxpressoide-10.3.0_2200/ide/plugins/com.nxp.mcuxpresso.tools.linux_10.3.0.201811011841/tools/bin/../lib/gcc/arm-none-eabi/7.3.1/../../../../arm-none-eabi/lib/thumb/v7-m/libcr_c.a(initio.o) (setvbuf)
/usr/local/mcuxpressoide-10.3.0_2200/ide/plugins/com.nxp.mcuxpresso.tools.linux_10.3.0.201811011841/tools/bin/../lib/gcc/arm-none-eabi/7.3.1/../../../../arm-none-eabi/lib/thumb/v7-m/libcr_c.a(_fdopen.o)
[...]
Memory Configuration

Name             Origin             Length             Attributes
MFlash512        0x0000000000000000 0x0000000000080000 xr
RamLoc32         0x0000000010000000 0x0000000000008000 xrw
RamAHB32         0x000000002007c000 0x0000000000008000 xrw
*default*        0x0000000000000000 0xffffffffffffffff

Linker script and memory map

LOAD ./example/src/cr_startup_lpc175x_6x.o
LOAD ./example/src/spi.o
LOAD ./example/src/sysinit.o
LOAD /home/parichey/Documents/MCUXpresso_10.3.0_2200/workspace/lpc_board_nxp_lpcxpresso_1769/Debug/liblpc_board_nxp_lpcxpresso_1769.a
LOAD /home/parichey/Documents/MCUXpresso_10.3.0_2200/workspace/lpc_chip_175x_6x/Debug/liblpc_chip_175x_6x.a
START GROUP
LOAD /usr/local/mcuxpressoide-10.3.0_2200/ide/plugins/com.nxp.mcuxpresso.tools.linux_10.3.0.201811011841/tools/bin/../lib/gcc/arm-none-eabi/7.3.1/../../../../arm-none-eabi/lib/thumb/v7-m/libcr_nohost.a
LOAD /usr/local/mcuxpressoide-10.3.0_2200/ide/plugins/com.nxp.mcuxpresso.tools.linux_10.3.0.201811011841/tools/bin/../lib/gcc/arm-none-eabi/7.3.1/../../../../arm-none-eabi/lib/thumb/v7-m/libcr_c.a
LOAD /usr/local/mcuxpressoide-10.3.0_2200/ide/plugins/com.nxp.mcuxpresso.tools.linux_10.3.0.201811011841/tools/bin/../lib/gcc/arm-none-eabi/7.3.1/thumb/v7-m/libcr_eabihelpers.a
END GROUP
                0x0000000000000000                __base_MFlash512 = 0x0
                0x0000000000000000                __base_Flash = 0x0
                0x0000000000080000                __top_MFlash512 = 0x80000
                0x0000000000080000                __top_Flash = 0x80000
                0x0000000010000000                __base_RamLoc32 = 0x10000000
                0x0000000010000000                __base_RAM = 0x10000000
                0x0000000010008000                __top_RamLoc32 = 0x10008000
                0x0000000010008000                __top_RAM = 0x10008000
                0x000000002007c000                __base_RamAHB32 = 0x2007c000
                0x000000002007c000                __base_RAM2 = 0x2007c000
                0x0000000020084000                __top_RamAHB32 = 0x20084000
                0x0000000020084000                __top_RAM2 = 0x20084000

.text           0x0000000000000000     0x2594
 FILL mask 0xff
                0x0000000000000000                __vectors_start__ = ABSOLUTE (.)
 *(.isr_vector)
 .isr_vector    0x0000000000000000       0xcc ./example/src/cr_startup_lpc175x_6x.o
                0x0000000000000000                g_pfnVectors
                0x00000000000000cc                . = ALIGN (0x4)
                0x00000000000000cc                __section_table_start = .
                0x00000000000000cc                __data_section_table = .
                0x00000000000000cc        0x4 LONG 0x2594 LOADADDR (.data)
                0x00000000000000d0        0x4 LONG 0x10000000 ADDR (.data)
                0x00000000000000d4        0x4 LONG 0x60 SIZEOF (.data)
                0x00000000000000d8        0x4 LONG 0x2594 LOADADDR (.data_RAM2)
                0x00000000000000dc        0x4 LONG 0x2007c000 ADDR (.data_RAM2)
                0x00000000000000e0        0x4 LONG 0x0 SIZEOF (.data_RAM2)
                0x00000000000000e4                __data_section_table_end = .
                0x00000000000000e4                __bss_section_table = .
                0x00000000000000e4        0x4 LONG 0x10000060 ADDR (.bss)
                0x00000000000000e8        0x4 LONG 0x61c SIZEOF (.bss)
                0x00000000000000ec        0x4 LONG 0x2007c000 ADDR (.bss_RAM2)
                0x00000000000000f0        0x4 LONG 0x0 SIZEOF (.bss_RAM2)
                0x00000000000000f4                __bss_section_table_end = .
                0x00000000000000f4                __section_table_end = .
 *(.after_vectors*)
 .after_vectors
                0x00000000000000f4      0x12c ./example/src/cr_startup_lpc175x_6x.o
                0x00000000000000f4                data_init
                0x0000000000000136                bss_init
                0x000000000000016c                ResetISR
                0x00000000000001e4                NMI_Handler
                0x00000000000001ea                HardFault_Handler
                0x00000000000001f0                MemManage_Handler
                0x00000000000001f6                BusFault_Handler
                0x00000000000001fc                UsageFault_Handler
                0x0000000000000202                SVC_Handler
                0x0000000000000208                DebugMon_Handler
                0x000000000000020e                PendSV_Handler
                0x0000000000000214                SysTick_Handler
                0x000000000000021a                TIMER2_IRQHandler
                0x000000000000021a                RIT_IRQHandler
                0x000000000000021a                I2C0_IRQHandler
                0x000000000000021a                USBActivity_IRQHandler
                0x000000000000021a                PWM1_IRQHandler
                0x000000000000021a                I2C1_IRQHandler
                0x000000000000021a                EINT2_IRQHandler
                0x000000000000021a                UART1_IRQHandler
                0x000000000000021a                EINT3_IRQHandler
                0x000000000000021a                CANActivity_IRQHandler
                0x000000000000021a                TIMER3_IRQHandler
                0x000000000000021a                UART0_IRQHandler
                0x000000000000021a                IntDefaultHandler
                0x000000000000021a                PLL0_IRQHandler
                0x000000000000021a                CAN_IRQHandler
                0x000000000000021a                PLL1_IRQHandler
                0x000000000000021a                SSP0_IRQHandler
                0x000000000000021a                I2S_IRQHandler
                0x000000000000021a                I2C2_IRQHandler
                0x000000000000021a                RTC_IRQHandler
                0x000000000000021a                TIMER0_IRQHandler
                0x000000000000021a                SPI_IRQHandler
                0x000000000000021a                EINT1_IRQHandler
                0x000000000000021a                TIMER1_IRQHandler
                0x000000000000021a                UART2_IRQHandler
                0x000000000000021a                ADC_IRQHandler
                0x000000000000021a                SSP1_IRQHandler
                0x000000000000021a                USB_IRQHandler
                0x000000000000021a                BOD_IRQHandler
                0x000000000000021a                WDT_IRQHandler
                0x000000000000021a                QEI_IRQHandler
                0x000000000000021a                EINT0_IRQHandler
                0x000000000000021a                ETH_IRQHandler
                0x000000000000021a                UART3_IRQHandler
                0x000000000000021a                MCPWM_IRQHandler
 *(.text*)
 .text.NVIC_EnableIRQ
                0x0000000000000220       0x30 ./example/src/spi.o
 .text.Chip_SPI_SetFormat
                0x0000000000000250       0x3a ./example/src/spi.o
 .text.Chip_SPI_SetMode
                0x000000000000028a       0x26 ./example/src/spi.o
 .text.Chip_SSP_Enable
                0x00000000000002b0       0x1e ./example/src/spi.o
 .text.Chip_SSP_SetFormat
                0x00000000000002ce       0x30 ./example/src/spi.o
 .text.Chip_SSP_DMA_Enable
                0x00000000000002fe       0x1e ./example/src/spi.o
 .text.Chip_SSP_DMA_Disable
                0x000000000000031c       0x1e ./example/src/spi.o
 .text.bufferInit
                0x000000000000033a       0x42 ./example/src/spi.o
 .text.bufferVerify
                0x000000000000037c       0x40 ./example/src/spi.o
 .text.DMA_IRQHandler
                0x00000000000003bc       0x4c ./example/src/spi.o
                0x00000000000003bc                DMA_IRQHandler
 .text.appSSPRun
                0x0000000000000408       0x9c ./example/src/spi.o
 .text.appSPIRun
                0x00000000000004a4       0x44 ./example/src/spi.o
 .text.main     0x00000000000004e8      0x13c ./example/src/spi.o
                0x00000000000004e8                main
 .text.SystemInit
                0x0000000000000624       0x24 ./example/src/sysinit.o
                0x0000000000000624                SystemInit
 .text.Chip_IOCON_Init
                0x0000000000000648       0x16 /home/parichey/Documents/MCUXpresso_10.3.0_2200/workspace/lpc_board_nxp_lpcxpresso_1769/Debug/liblpc_board_nxp_lpcxpresso_1769.a(board.o)
 .text.Chip_GPIO_Init
                0x000000000000065e       0x16 /home/parichey/Documents/MCUXpresso_10.3.0_2200/workspace/lpc_board_nxp_lpcxpresso_1769/Debug/liblpc_board_nxp_lpcxpresso_1769.a(board.o)
 .text.Chip_GPIO_SetPinState
                0x0000000000000674       0x64 /home/parichey/Documents/MCUXpresso_10.3.0_2200/workspace/lpc_board_nxp_lpcxpresso_1769/Debug/liblpc_board_nxp_lpcxpresso_1769.a(board.o)
 .text.Chip_GPIO_WritePortBit
                0x00000000000006d8       0x2c /home/parichey/Documents/MCUXpresso_10.3.0_2200/workspace/lpc_board_nxp_lpcxpresso_1769/Debug/liblpc_board_nxp_lpcxpresso_1769.a(board.o)
 .text.Chip_GPIO_SetPinDIROutput
                0x0000000000000704       0x36 /home/parichey/Documents/MCUXpresso_10.3.0_2200/workspace/lpc_board_nxp_lpcxpresso_1769/Debug/liblpc_board_nxp_lpcxpresso_1769.a(board.o)
 .text.Chip_GPIO_SetPinDIRInput
                0x000000000000073a       0x3a /home/parichey/Documents/MCUXpresso_10.3.0_2200/workspace/lpc_board_nxp_lpcxpresso_1769/Debug/liblpc_board_nxp_lpcxpresso_1769.a(board.o)
 .text.Chip_GPIO_SetPinDIR
                0x0000000000000774       0x42 /home/parichey/Documents/MCUXpresso_10.3.0_2200/workspace/lpc_board_nxp_lpcxpresso_1769/Debug/liblpc_board_nxp_lpcxpresso_1769.a(board.o)
 .text.Chip_GPIO_WriteDirBit
                0x00000000000007b6       0x2e /home/parichey/Documents/MCUXpresso_10.3.0_2200/workspace/lpc_board_nxp_lpcxpresso_1769/Debug/liblpc_board_nxp_lpcxpresso_1769.a(board.o)
 .text.Chip_UART_SendByte
                0x00000000000007e4       0x1c /home/parichey/Documents/MCUXpresso_10.3.0_2200/workspace/lpc_board_nxp_lpcxpresso_1769/Debug/liblpc_board_nxp_lpcxpresso_1769.a(board.o)
 .text.Chip_UART_ConfigData
                0x0000000000000800       0x1a /home/parichey/Documents/MCUXpresso_10.3.0_2200/workspace/lpc_board_nxp_lpcxpresso_1769/Debug/liblpc_board_nxp_lpcxpresso_1769.a(board.o)
 .text.Chip_UART_ReadLineStatus
                0x000000000000081a       0x16 /home/parichey/Documents/MCUXpresso_10.3.0_2200/workspace/lpc_board_nxp_lpcxpresso_1769/Debug/liblpc_board_nxp_lpcxpresso_1769.a(board.o)
 .text.__sys_write
                0x0000000000000830       0x38 /home/parichey/Documents/MCUXpresso_10.3.0_2200/workspace/lpc_board_nxp_lpcxpresso_1769/Debug/liblpc_board_nxp_lpcxpresso_1769.a(board.o)
                0x0000000000000830                __sys_write
 .text.Board_LED_Init
                0x0000000000000868       0x18 /home/parichey/Documents/MCUXpresso_10.3.0_2200/workspace/lpc_board_nxp_lpcxpresso_1769/Debug/liblpc_board_nxp_lpcxpresso_1769.a(board.o)
 .text.Board_UART_Init
                0x0000000000000880       0x12 /home/parichey/Documents/MCUXpresso_10.3.0_2200/workspace/lpc_board_nxp_lpcxpresso_1769/Debug/liblpc_board_nxp_lpcxpresso_1769.a(board.o)
                0x0000000000000880                Board_UART_Init
 *fill*         0x0000000000000892        0x2 ff
 .text.Board_Debug_Init
                0x0000000000000894       0x30 /home/parichey/Documents/MCUXpresso_10.3.0_2200/workspace/lpc_board_nxp_lpcxpresso_1769/Debug/liblpc_board_nxp_lpcxpresso_1769.a(board.o)
                0x0000000000000894                Board_Debug_Init
 .text.Board_UARTPutChar
                0x00000000000008c4       0x34 /home/parichey/Documents/MCUXpresso_10.3.0_2200/workspace/lpc_board_nxp_lpcxpresso_1769/Debug/liblpc_board_nxp_lpcxpresso_1769.a(board.o)
                0x00000000000008c4                Board_UARTPutChar
 .text.Board_LED_Set
                0x00000000000008f8       0x30 /home/parichey/Documents/MCUXpresso_10.3.0_2200/workspace/lpc_board_nxp_lpcxpresso_1769/Debug/liblpc_board_nxp_lpcxpresso_1769.a(board.o)
                0x00000000000008f8                Board_LED_Set
 .text.Board_Init
                0x0000000000000928       0x24 /home/parichey/Documents/MCUXpresso_10.3.0_2200/workspace/lpc_board_nxp_lpcxpresso_1769/Debug/liblpc_board_nxp_lpcxpresso_1769.a(board.o)
                0x0000000000000928                Board_Init
 .text.Board_SSP_Init
                0x000000000000094c       0xa4 /home/parichey/Documents/MCUXpresso_10.3.0_2200/workspace/lpc_board_nxp_lpcxpresso_1769/Debug/liblpc_board_nxp_lpcxpresso_1769.a(board.o)
                0x000000000000094c                Board_SSP_Init
 .text.Board_SPI_Init
                0x00000000000009f0       0x84 /home/parichey/Documents/MCUXpresso_10.3.0_2200/workspace/lpc_board_nxp_lpcxpresso_1769/Debug/liblpc_board_nxp_lpcxpresso_1769.a(board.o)
                0x00000000000009f0                Board_SPI_Init
 .text.Board_SPI_AssertSSEL
                0x0000000000000a74       0x18 /home/parichey/Documents/MCUXpresso_10.3.0_2200/workspace/lpc_board_nxp_lpcxpresso_1769/Debug/liblpc_board_nxp_lpcxpresso_1769.a(board.o)
                0x0000000000000a74                Board_SPI_AssertSSEL
 .text.Board_SPI_DeassertSSEL
                0x0000000000000a8c       0x18 /home/parichey/Documents/MCUXpresso_10.3.0_2200/workspace/lpc_board_nxp_lpcxpresso_1769/Debug/liblpc_board_nxp_lpcxpresso_1769.a(board.o)
                0x0000000000000a8c                Board_SPI_DeassertSSEL
 .text.Chip_SYSCTL_SetFLASHAccess
                0x0000000000000aa4       0x30 /home/parichey/Documents/MCUXpresso_10.3.0_2200/workspace/lpc_board_nxp_lpcxpresso_1769/Debug/liblpc_board_nxp_lpcxpresso_1769.a(board_sysinit.o)
 .text.Board_SetupMuxing
                0x0000000000000ad4       0x1c /home/parichey/Documents/MCUXpresso_10.3.0_2200/workspace/lpc_board_nxp_lpcxpresso_1769/Debug/liblpc_board_nxp_lpcxpresso_1769.a(board_sysinit.o)
                0x0000000000000ad4                Board_SetupMuxing
 .text.Board_SetupClocking
                0x0000000000000af0       0x12 /home/parichey/Documents/MCUXpresso_10.3.0_2200/workspace/lpc_board_nxp_lpcxpresso_1769/Debug/liblpc_board_nxp_lpcxpresso_1769.a(board_sysinit.o)
                0x0000000000000af0                Board_SetupClocking
 .text.Board_SystemInit
                0x0000000000000b02       0x10 /home/parichey/Documents/MCUXpresso_10.3.0_2200/workspace/lpc_board_nxp_lpcxpresso_1769/Debug/liblpc_board_nxp_lpcxpresso_1769.a(board_sysinit.o)
                0x0000000000000b02                Board_SystemInit
 *fill*         0x0000000000000b12        0x2 ff
 .text.SystemCoreClockUpdate
                0x0000000000000b14       0x18 /home/parichey/Documents/MCUXpresso_10.3.0_2200/workspace/lpc_chip_175x_6x/Debug/liblpc_chip_175x_6x.a(chip_17xx_40xx.o)
                0x0000000000000b14                SystemCoreClockUpdate
 .text.Chip_Clock_IsMainPLLEnabled
                0x0000000000000b2c       0x24 /home/parichey/Documents/MCUXpresso_10.3.0_2200/workspace/lpc_chip_175x_6x/Debug/liblpc_chip_175x_6x.a(clock_17xx_40xx.o)
 .text.Chip_Clock_IsMainPLLConnected
                0x0000000000000b50       0x24 /home/parichey/Documents/MCUXpresso_10.3.0_2200/workspace/lpc_chip_175x_6x/Debug/liblpc_chip_175x_6x.a(clock_17xx_40xx.o)
 .text.Chip_Clock_FeedPLL
                0x0000000000000b74       0x34 /home/parichey/Documents/MCUXpresso_10.3.0_2200/workspace/lpc_chip_175x_6x/Debug/liblpc_chip_175x_6x.a(clock_17xx_40xx.o)
 .text.Chip_Clock_GetMainPLLSource
                0x0000000000000ba8       0x20 /home/parichey/Documents/MCUXpresso_10.3.0_2200/workspace/lpc_chip_175x_6x/Debug/liblpc_chip_175x_6x.a(clock_17xx_40xx.o)
 .text.Chip_Clock_GetMainOscRate
                0x0000000000000bc8       0x14 /home/parichey/Documents/MCUXpresso_10.3.0_2200/workspace/lpc_chip_175x_6x/Debug/liblpc_chip_175x_6x.a(clock_17xx_40xx.o)
 .text.Chip_Clock_GetIntOscRate
                0x0000000000000bdc       0x14 /home/parichey/Documents/MCUXpresso_10.3.0_2200/workspace/lpc_chip_175x_6x/Debug/liblpc_chip_175x_6x.a(clock_17xx_40xx.o)
 .text.Chip_Clock_GetRTCOscRate
                0x0000000000000bf0       0x14 /home/parichey/Documents/MCUXpresso_10.3.0_2200/workspace/lpc_chip_175x_6x/Debug/liblpc_chip_175x_6x.a(clock_17xx_40xx.o)
 .text.Chip_Clock_GetMainPLLInClockRate
                0x0000000000000c04        0xe /home/parichey/Documents/MCUXpresso_10.3.0_2200/workspace/lpc_chip_175x_6x/Debug/liblpc_chip_175x_6x.a(clock_17xx_40xx.o)
 *fill*         0x0000000000000c12        0x2 ff
 .text.Chip_Clock_EnablePLL
                0x0000000000000c14       0x44 /home/parichey/Documents/MCUXpresso_10.3.0_2200/workspace/lpc_chip_175x_6x/Debug/liblpc_chip_175x_6x.a(clock_17xx_40xx.o)
                0x0000000000000c14                Chip_Clock_EnablePLL
 .text.Chip_Clock_DisablePLL
                0x0000000000000c58       0x48 /home/parichey/Documents/MCUXpresso_10.3.0_2200/workspace/lpc_chip_175x_6x/Debug/liblpc_chip_175x_6x.a(clock_17xx_40xx.o)
                0x0000000000000c58                Chip_Clock_DisablePLL
 .text.Chip_Clock_SetupPLL
                0x0000000000000ca0       0x5c /home/parichey/Documents/MCUXpresso_10.3.0_2200/workspace/lpc_chip_175x_6x/Debug/liblpc_chip_175x_6x.a(clock_17xx_40xx.o)
                0x0000000000000ca0                Chip_Clock_SetupPLL
 .text.Chip_Clock_EnablePeriphClock
                0x0000000000000cfc       0x34 /home/parichey/Documents/MCUXpresso_10.3.0_2200/workspace/lpc_chip_175x_6x/Debug/liblpc_chip_175x_6x.a(clock_17xx_40xx.o)
                0x0000000000000cfc                Chip_Clock_EnablePeriphClock
 .text.Chip_Clock_DisablePeriphClock
                0x0000000000000d30       0x38 /home/parichey/Documents/MCUXpresso_10.3.0_2200/workspace/lpc_chip_175x_6x/Debug/liblpc_chip_175x_6x.a(clock_17xx_40xx.o)
                0x0000000000000d30                Chip_Clock_DisablePeriphClock
 .text.Chip_Clock_GetCPUClockSource
                0x0000000000000d68       0x24 /home/parichey/Documents/MCUXpresso_10.3.0_2200/workspace/lpc_chip_175x_6x/Debug/liblpc_chip_175x_6x.a(clock_17xx_40xx.o)
                0x0000000000000d68                Chip_Clock_GetCPUClockSource
 .text.Chip_Clock_SetCPUClockDiv
                0x0000000000000d8c       0x20 /home/parichey/Documents/MCUXpresso_10.3.0_2200/workspace/lpc_chip_175x_6x/Debug/liblpc_chip_175x_6x.a(clock_17xx_40xx.o)
                0x0000000000000d8c                Chip_Clock_SetCPUClockDiv
 .text.Chip_Clock_GetCPUClockDiv
                0x0000000000000dac       0x1c /home/parichey/Documents/MCUXpresso_10.3.0_2200/workspace/lpc_chip_175x_6x/Debug/liblpc_chip_175x_6x.a(clock_17xx_40xx.o)
                0x0000000000000dac                Chip_Clock_GetCPUClockDiv
 .text.Chip_Clock_GetPCLKDiv
                0x0000000000000dc8       0x8c /home/parichey/Documents/MCUXpresso_10.3.0_2200/workspace/lpc_chip_175x_6x/Debug/liblpc_chip_175x_6x.a(clock_17xx_40xx.o)
                0x0000000000000dc8                Chip_Clock_GetPCLKDiv
 .text.Chip_Clock_GetSYSCLKRate
                0x0000000000000e54       0x34 /home/parichey/Documents/MCUXpresso_10.3.0_2200/workspace/lpc_chip_175x_6x/Debug/liblpc_chip_175x_6x.a(clock_17xx_40xx.o)
                0x0000000000000e54                Chip_Clock_GetSYSCLKRate
 .text.Chip_Clock_GetMainPLLOutClockRate
                0x0000000000000e88       0x54 /home/parichey/Documents/MCUXpresso_10.3.0_2200/workspace/lpc_chip_175x_6x/Debug/liblpc_chip_175x_6x.a(clock_17xx_40xx.o)
                0x0000000000000e88                Chip_Clock_GetMainPLLOutClockRate
 .text.Chip_Clock_GetMainClockRate
                0x0000000000000edc       0x28 /home/parichey/Documents/MCUXpresso_10.3.0_2200/workspace/lpc_chip_175x_6x/Debug/liblpc_chip_175x_6x.a(clock_17xx_40xx.o)
                0x0000000000000edc                Chip_Clock_GetMainClockRate
 .text.Chip_Clock_GetSystemClockRate
                0x0000000000000f04       0x18 /home/parichey/Documents/MCUXpresso_10.3.0_2200/workspace/lpc_chip_175x_6x/Debug/liblpc_chip_175x_6x.a(clock_17xx_40xx.o)
                0x0000000000000f04                Chip_Clock_GetSystemClockRate
 .text.Chip_Clock_GetPeripheralClockRate
                0x0000000000000f1c       0x26 /home/parichey/Documents/MCUXpresso_10.3.0_2200/workspace/lpc_chip_175x_6x/Debug/liblpc_chip_175x_6x.a(clock_17xx_40xx.o)
                0x0000000000000f1c                Chip_Clock_GetPeripheralClockRate
 *fill*         0x0000000000000f42        0x2 ff
 .text.configDMAMux
                0x0000000000000f44       0x68 /home/parichey/Documents/MCUXpresso_10.3.0_2200/workspace/lpc_chip_175x_6x/Debug/liblpc_chip_175x_6x.a(gpdma_17xx_40xx.o)
 .text.makeCtrlWord
                0x0000000000000fac      0x124 /home/parichey/Documents/MCUXpresso_10.3.0_2200/workspace/lpc_chip_175x_6x/Debug/liblpc_chip_175x_6x.a(gpdma_17xx_40xx.o)
                0x0000000000000fac                makeCtrlWord
 .text.setupChannel
                0x00000000000010d0       0xbc /home/parichey/Documents/MCUXpresso_10.3.0_2200/workspace/lpc_chip_175x_6x/Debug/liblpc_chip_175x_6x.a(gpdma_17xx_40xx.o)
                0x00000000000010d0                setupChannel
 .text.Chip_GPDMA_Init
                0x000000000000118c       0x64 /home/parichey/Documents/MCUXpresso_10.3.0_2200/workspace/lpc_chip_175x_6x/Debug/liblpc_chip_175x_6x.a(gpdma_17xx_40xx.o)
                0x000000000000118c                Chip_GPDMA_Init
 .text.Chip_GPDMA_Interrupt
                0x00000000000011f0       0x6c /home/parichey/Documents/MCUXpresso_10.3.0_2200/workspace/lpc_chip_175x_6x/Debug/liblpc_chip_175x_6x.a(gpdma_17xx_40xx.o)
                0x00000000000011f0                Chip_GPDMA_Interrupt
 .text.Chip_GPDMA_InitChannelCfg
                0x000000000000125c       0xe0 /home/parichey/Documents/MCUXpresso_10.3.0_2200/workspace/lpc_chip_175x_6x/Debug/liblpc_chip_175x_6x.a(gpdma_17xx_40xx.o)
                0x000000000000125c                Chip_GPDMA_InitChannelCfg
 .text.Chip_GPDMA_IntGetStatus
                0x000000000000133c       0xbc /home/parichey/Documents/MCUXpresso_10.3.0_2200/workspace/lpc_chip_175x_6x/Debug/liblpc_chip_175x_6x.a(gpdma_17xx_40xx.o)
                0x000000000000133c                Chip_GPDMA_IntGetStatus
 .text.Chip_GPDMA_ClearIntPending
                0x00000000000013f8       0x3e /home/parichey/Documents/MCUXpresso_10.3.0_2200/workspace/lpc_chip_175x_6x/Debug/liblpc_chip_175x_6x.a(gpdma_17xx_40xx.o)
                0x00000000000013f8                Chip_GPDMA_ClearIntPending
 .text.Chip_GPDMA_ChannelCmd
                0x0000000000001436       0x46 /home/parichey/Documents/MCUXpresso_10.3.0_2200/workspace/lpc_chip_175x_6x/Debug/liblpc_chip_175x_6x.a(gpdma_17xx_40xx.o)
                0x0000000000001436                Chip_GPDMA_ChannelCmd
 .text.Chip_GPDMA_Transfer
                0x000000000000147c       0xf4 /home/parichey/Documents/MCUXpresso_10.3.0_2200/workspace/lpc_chip_175x_6x/Debug/liblpc_chip_175x_6x.a(gpdma_17xx_40xx.o)
                0x000000000000147c                Chip_GPDMA_Transfer
 .text.Chip_GPDMA_GetFreeChannel
                0x0000000000001570       0x58 /home/parichey/Documents/MCUXpresso_10.3.0_2200/workspace/lpc_chip_175x_6x/Debug/liblpc_chip_175x_6x.a(gpdma_17xx_40xx.o)
                0x0000000000001570                Chip_GPDMA_GetFreeChannel
 .text.Chip_IOCON_PinMuxSet
                0x00000000000015c8       0x36 /home/parichey/Documents/MCUXpresso_10.3.0_2200/workspace/lpc_chip_175x_6x/Debug/liblpc_chip_175x_6x.a(iocon_17xx_40xx.o)
                0x00000000000015c8                Chip_IOCON_PinMuxSet
 .text.Chip_IOCON_PinMux
                0x00000000000015fe       0x94 /home/parichey/Documents/MCUXpresso_10.3.0_2200/workspace/lpc_chip_175x_6x/Debug/liblpc_chip_175x_6x.a(iocon_17xx_40xx.o)
                0x00000000000015fe                Chip_IOCON_PinMux
 .text.Chip_IOCON_SetPinMuxing
                0x0000000000001692       0x62 /home/parichey/Documents/MCUXpresso_10.3.0_2200/workspace/lpc_chip_175x_6x/Debug/liblpc_chip_175x_6x.a(iocon_17xx_40xx.o)
                0x0000000000001692                Chip_IOCON_SetPinMuxing
 .text.Chip_SPI_GetStatus
                0x00000000000016f4       0x16 /home/parichey/Documents/MCUXpresso_10.3.0_2200/workspace/lpc_chip_175x_6x/Debug/liblpc_chip_175x_6x.a(spi_17xx_40xx.o)
 .text.Chip_SPI_SendFrame
                0x000000000000170a       0x1c /home/parichey/Documents/MCUXpresso_10.3.0_2200/workspace/lpc_chip_175x_6x/Debug/liblpc_chip_175x_6x.a(spi_17xx_40xx.o)
 .text.Chip_SPI_ReceiveFrame
                0x0000000000001726       0x18 /home/parichey/Documents/MCUXpresso_10.3.0_2200/workspace/lpc_chip_175x_6x/Debug/liblpc_chip_175x_6x.a(spi_17xx_40xx.o)
 .text.Chip_SPI_SetClockCounter
                0x000000000000173e       0x1a /home/parichey/Documents/MCUXpresso_10.3.0_2200/workspace/lpc_chip_175x_6x/Debug/liblpc_chip_175x_6x.a(spi_17xx_40xx.o)
 .text.Chip_SPI_GetDataSize
                0x0000000000001758       0x30 /home/parichey/Documents/MCUXpresso_10.3.0_2200/workspace/lpc_chip_175x_6x/Debug/liblpc_chip_175x_6x.a(spi_17xx_40xx.o)
 .text.Chip_SPI_SetMode
                0x0000000000001788       0x26 /home/parichey/Documents/MCUXpresso_10.3.0_2200/workspace/lpc_chip_175x_6x/Debug/liblpc_chip_175x_6x.a(spi_17xx_40xx.o)
 .text.Chip_SPI_Int_ClearStatus
                0x00000000000017ae       0x1a /home/parichey/Documents/MCUXpresso_10.3.0_2200/workspace/lpc_chip_175x_6x/Debug/liblpc_chip_175x_6x.a(spi_17xx_40xx.o)
 .text.executeCallback
                0x00000000000017c8       0x1c /home/parichey/Documents/MCUXpresso_10.3.0_2200/workspace/lpc_chip_175x_6x/Debug/liblpc_chip_175x_6x.a(spi_17xx_40xx.o)
 .text.writeData
                0x00000000000017e4       0x5c /home/parichey/Documents/MCUXpresso_10.3.0_2200/workspace/lpc_chip_175x_6x/Debug/liblpc_chip_175x_6x.a(spi_17xx_40xx.o)
 .text.readData
                0x0000000000001840       0x56 /home/parichey/Documents/MCUXpresso_10.3.0_2200/workspace/lpc_chip_175x_6x/Debug/liblpc_chip_175x_6x.a(spi_17xx_40xx.o)
 .text.Chip_SPI_RWFrames_Blocking
                0x0000000000001896       0xbc /home/parichey/Documents/MCUXpresso_10.3.0_2200/workspace/lpc_chip_175x_6x/Debug/liblpc_chip_175x_6x.a(spi_17xx_40xx.o)
                0x0000000000001896                Chip_SPI_RWFrames_Blocking
 .text.Chip_SPI_Int_FlushData
                0x0000000000001952       0x28 /home/parichey/Documents/MCUXpresso_10.3.0_2200/workspace/lpc_chip_175x_6x/Debug/liblpc_chip_175x_6x.a(spi_17xx_40xx.o)
                0x0000000000001952                Chip_SPI_Int_FlushData
 .text.Chip_SPI_SetBitRate
                0x000000000000197a       0x4a /home/parichey/Documents/MCUXpresso_10.3.0_2200/workspace/lpc_chip_175x_6x/Debug/liblpc_chip_175x_6x.a(spi_17xx_40xx.o)
                0x000000000000197a                Chip_SPI_SetBitRate
 .text.Chip_SPI_Init
                0x00000000000019c4       0x44 /home/parichey/Documents/MCUXpresso_10.3.0_2200/workspace/lpc_chip_175x_6x/Debug/liblpc_chip_175x_6x.a(spi_17xx_40xx.o)
                0x00000000000019c4                Chip_SPI_Init
 .text.Chip_SPI_DeInit
                0x0000000000001a08       0x16 /home/parichey/Documents/MCUXpresso_10.3.0_2200/workspace/lpc_chip_175x_6x/Debug/liblpc_chip_175x_6x.a(spi_17xx_40xx.o)
                0x0000000000001a08                Chip_SPI_DeInit
 .text.Chip_SSP_Disable
                0x0000000000001a1e       0x1e /home/parichey/Documents/MCUXpresso_10.3.0_2200/workspace/lpc_chip_175x_6x/Debug/liblpc_chip_175x_6x.a(ssp_17xx_40xx.o)
 .text.Chip_SSP_SetFormat
                0x0000000000001a3c       0x30 /home/parichey/Documents/MCUXpresso_10.3.0_2200/workspace/lpc_chip_175x_6x/Debug/liblpc_chip_175x_6x.a(ssp_17xx_40xx.o)
 .text.Chip_SSP_Set_Mode
                0x0000000000001a6c       0x24 /home/parichey/Documents/MCUXpresso_10.3.0_2200/workspace/lpc_chip_175x_6x/Debug/liblpc_chip_175x_6x.a(ssp_17xx_40xx.o)
 .text.Chip_SSP_GetClockIndex
                0x0000000000001a90       0x2c /home/parichey/Documents/MCUXpresso_10.3.0_2200/workspace/lpc_chip_175x_6x/Debug/liblpc_chip_175x_6x.a(ssp_17xx_40xx.o)
 .text.Chip_SSP_GetClkIndex
                0x0000000000001abc       0x2c /home/parichey/Documents/MCUXpresso_10.3.0_2200/workspace/lpc_chip_175x_6x/Debug/liblpc_chip_175x_6x.a(ssp_17xx_40xx.o)
 .text.Chip_SSP_SetClockRate
                0x0000000000001ae8       0x34 /home/parichey/Documents/MCUXpresso_10.3.0_2200/workspace/lpc_chip_175x_6x/Debug/liblpc_chip_175x_6x.a(ssp_17xx_40xx.o)
                0x0000000000001ae8                Chip_SSP_SetClockRate
 .text.Chip_SSP_SetMaster
                0x0000000000001b1c       0x2c /home/parichey/Documents/MCUXpresso_10.3.0_2200/workspace/lpc_chip_175x_6x/Debug/liblpc_chip_175x_6x.a(ssp_17xx_40xx.o)
                0x0000000000001b1c                Chip_SSP_SetMaster
 .text.Chip_SSP_SetBitRate
                0x0000000000001b48       0x74 /home/parichey/Documents/MCUXpresso_10.3.0_2200/workspace/lpc_chip_175x_6x/Debug/liblpc_chip_175x_6x.a(ssp_17xx_40xx.o)
                0x0000000000001b48                Chip_SSP_SetBitRate
 .text.Chip_SSP_Init
                0x0000000000001bbc       0x40 /home/parichey/Documents/MCUXpresso_10.3.0_2200/workspace/lpc_chip_175x_6x/Debug/liblpc_chip_175x_6x.a(ssp_17xx_40xx.o)
                0x0000000000001bbc                Chip_SSP_Init
 .text.Chip_SSP_DeInit
                0x0000000000001bfc       0x24 /home/parichey/Documents/MCUXpresso_10.3.0_2200/workspace/lpc_chip_175x_6x/Debug/liblpc_chip_175x_6x.a(ssp_17xx_40xx.o)
                0x0000000000001bfc                Chip_SSP_DeInit
 .text.Chip_Clock_IsMainPLLEnabled
                0x0000000000001c20       0x24 /home/parichey/Documents/MCUXpresso_10.3.0_2200/workspace/lpc_chip_175x_6x/Debug/liblpc_chip_175x_6x.a(sysinit_17xx_40xx.o)
 .text.Chip_Clock_IsMainPLLLocked
                0x0000000000001c44       0x24 /home/parichey/Documents/MCUXpresso_10.3.0_2200/workspace/lpc_chip_175x_6x/Debug/liblpc_chip_175x_6x.a(sysinit_17xx_40xx.o)
 .text.Chip_Clock_IsMainPLLConnected
                0x0000000000001c68       0x24 /home/parichey/Documents/MCUXpresso_10.3.0_2200/workspace/lpc_chip_175x_6x/Debug/liblpc_chip_175x_6x.a(sysinit_17xx_40xx.o)
 .text.Chip_Clock_EnableCrystal
                0x0000000000001c8c       0x20 /home/parichey/Documents/MCUXpresso_10.3.0_2200/workspace/lpc_chip_175x_6x/Debug/liblpc_chip_175x_6x.a(sysinit_17xx_40xx.o)
 .text.Chip_Clock_IsCrystalEnabled
                0x0000000000001cac       0x24 /home/parichey/Documents/MCUXpresso_10.3.0_2200/workspace/lpc_chip_175x_6x/Debug/liblpc_chip_175x_6x.a(sysinit_17xx_40xx.o)
 .text.Chip_Clock_SetMainPLLSource
                0x0000000000001cd0       0x20 /home/parichey/Documents/MCUXpresso_10.3.0_2200/workspace/lpc_chip_175x_6x/Debug/liblpc_chip_175x_6x.a(sysinit_17xx_40xx.o)
 .text.Chip_SetupXtalClocking
                0x0000000000001cf0       0x90 /home/parichey/Documents/MCUXpresso_10.3.0_2200/workspace/lpc_chip_175x_6x/Debug/liblpc_chip_175x_6x.a(sysinit_17xx_40xx.o)
                0x0000000000001cf0                Chip_SetupXtalClocking
 .text.Chip_UART_SetupFIFOS
                0x0000000000001d80       0x1a /home/parichey/Documents/MCUXpresso_10.3.0_2200/workspace/lpc_chip_175x_6x/Debug/liblpc_chip_175x_6x.a(uart_17xx_40xx.o)
 .text.Chip_UART_ConfigData
                0x0000000000001d9a       0x1a /home/parichey/Documents/MCUXpresso_10.3.0_2200/workspace/lpc_chip_175x_6x/Debug/liblpc_chip_175x_6x.a(uart_17xx_40xx.o)
 .text.Chip_UART_EnableDivisorAccess
                0x0000000000001db4       0x1e /home/parichey/Documents/MCUXpresso_10.3.0_2200/workspace/lpc_chip_175x_6x/Debug/liblpc_chip_175x_6x.a(uart_17xx_40xx.o)
 .text.Chip_UART_DisableDivisorAccess
                0x0000000000001dd2       0x1e /home/parichey/Documents/MCUXpresso_10.3.0_2200/workspace/lpc_chip_175x_6x/Debug/liblpc_chip_175x_6x.a(uart_17xx_40xx.o)
 .text.Chip_UART_SetDivisorLatches
                0x0000000000001df0       0x26 /home/parichey/Documents/MCUXpresso_10.3.0_2200/workspace/lpc_chip_175x_6x/Debug/liblpc_chip_175x_6x.a(uart_17xx_40xx.o)
 *fill*         0x0000000000001e16        0x2 ff
 .text.Chip_UART_GetClockIndex
                0x0000000000001e18       0x50 /home/parichey/Documents/MCUXpresso_10.3.0_2200/workspace/lpc_chip_175x_6x/Debug/liblpc_chip_175x_6x.a(uart_17xx_40xx.o)
 .text.Chip_UART_GetClkIndex
                0x0000000000001e68       0x50 /home/parichey/Documents/MCUXpresso_10.3.0_2200/workspace/lpc_chip_175x_6x/Debug/liblpc_chip_175x_6x.a(uart_17xx_40xx.o)
 .text.Chip_UART_Init
                0x0000000000001eb8       0x78 /home/parichey/Documents/MCUXpresso_10.3.0_2200/workspace/lpc_chip_175x_6x/Debug/liblpc_chip_175x_6x.a(uart_17xx_40xx.o)
                0x0000000000001eb8                Chip_UART_Init
 .text.Chip_UART_TXEnable
                0x0000000000001f30       0x18 /home/parichey/Documents/MCUXpresso_10.3.0_2200/workspace/lpc_chip_175x_6x/Debug/liblpc_chip_175x_6x.a(uart_17xx_40xx.o)
                0x0000000000001f30                Chip_UART_TXEnable
 .text.Chip_UART_TXDisable
                0x0000000000001f48       0x18 /home/parichey/Documents/MCUXpresso_10.3.0_2200/workspace/lpc_chip_175x_6x/Debug/liblpc_chip_175x_6x.a(uart_17xx_40xx.o)
                0x0000000000001f48                Chip_UART_TXDisable
 .text.Chip_UART_SetBaud
                0x0000000000001f60       0x62 /home/parichey/Documents/MCUXpresso_10.3.0_2200/workspace/lpc_chip_175x_6x/Debug/liblpc_chip_175x_6x.a(uart_17xx_40xx.o)
                0x0000000000001f60                Chip_UART_SetBaud
 .text.__main   0x0000000000001fc2        0xe /usr/local/mcuxpressoide-10.3.0_2200/ide/plugins/com.nxp.mcuxpresso.tools.linux_10.3.0.201811011841/tools/bin/../lib/gcc/arm-none-eabi/7.3.1/../../../../arm-none-eabi/lib/thumb/v7-m/libcr_nohost.a(_cr__main.o)
                0x0000000000001fc2                __main
 .text._initio  0x0000000000001fd0       0x78 /usr/local/mcuxpressoide-10.3.0_2200/ide/plugins/com.nxp.mcuxpresso.tools.linux_10.3.0.201811011841/tools/bin/../lib/gcc/arm-none-eabi/7.3.1/../../../../arm-none-eabi/lib/thumb/v7-m/libcr_c.a(initio.o)
                0x0000000000001fd0                _initio
 .text.setvbuf  0x0000000000002048       0x40 /usr/local/mcuxpressoide-10.3.0_2200/ide/plugins/com.nxp.mcuxpresso.tools.linux_10.3.0.201811011841/tools/bin/../lib/gcc/arm-none-eabi/7.3.1/../../../../arm-none-eabi/lib/thumb/v7-m/libcr_c.a(setvbuf.o)
                0x0000000000002048                setvbuf
 .text._fdopen  0x0000000000002088       0x68 /usr/local/mcuxpressoide-10.3.0_2200/ide/plugins/com.nxp.mcuxpresso.tools.linux_10.3.0.201811011841/tools/bin/../lib/gcc/arm-none-eabi/7.3.1/../../../../arm-none-eabi/lib/thumb/v7-m/libcr_c.a(_fdopen.o)
                0x0000000000002088                _fdopen
 .text.fclose   0x00000000000020f0       0x58 /usr/local/mcuxpressoide-10.3.0_2200/ide/plugins/com.nxp.mcuxpresso.tools.linux_10.3.0.201811011841/tools/bin/../lib/gcc/arm-none-eabi/7.3.1/../../../../arm-none-eabi/lib/thumb/v7-m/libcr_c.a(fclose.o)
                0x00000000000020f0                fclose
 .text.fflush   0x0000000000002148       0x44 /usr/local/mcuxpressoide-10.3.0_2200/ide/plugins/com.nxp.mcuxpresso.tools.linux_10.3.0.201811011841/tools/bin/../lib/gcc/arm-none-eabi/7.3.1/../../../../arm-none-eabi/lib/thumb/v7-m/libcr_c.a(fflush.o)
                0x0000000000002148                fflush
 .text.fseek    0x000000000000218c      0x100 /usr/local/mcuxpressoide-10.3.0_2200/ide/plugins/com.nxp.mcuxpresso.tools.linux_10.3.0.201811011841/tools/bin/../lib/gcc/arm-none-eabi/7.3.1/../../../../arm-none-eabi/lib/thumb/v7-m/libcr_c.a(fseek.o)
                0x000000000000218c                fseek
 .text.ftell    0x000000000000228c       0x44 /usr/local/mcuxpressoide-10.3.0_2200/ide/plugins/com.nxp.mcuxpresso.tools.linux_10.3.0.201811011841/tools/bin/../lib/gcc/arm-none-eabi/7.3.1/../../../../arm-none-eabi/lib/thumb/v7-m/libcr_c.a(ftell.o)
                0x000000000000228c                ftell
 .text.remove   0x00000000000022d0       0x14 /usr/local/mcuxpressoide-10.3.0_2200/ide/plugins/com.nxp.mcuxpresso.tools.linux_10.3.0.201811011841/tools/bin/../lib/gcc/arm-none-eabi/7.3.1/../../../../arm-none-eabi/lib/thumb/v7-m/libcr_c.a(remove.o)
                0x00000000000022d0                remove
 .text.strlen   0x00000000000022e4       0x4a /usr/local/mcuxpressoide-10.3.0_2200/ide/plugins/com.nxp.mcuxpresso.tools.linux_10.3.0.201811011841/tools/bin/../lib/gcc/arm-none-eabi/7.3.1/../../../../arm-none-eabi/lib/thumb/v7-m/libcr_c.a(strlen.o)
                0x00000000000022e4                strlen
 .text.memset   0x000000000000232e        0x4 /usr/local/mcuxpressoide-10.3.0_2200/ide/plugins/com.nxp.mcuxpresso.tools.linux_10.3.0.201811011841/tools/bin/../lib/gcc/arm-none-eabi/7.3.1/../../../../arm-none-eabi/lib/thumb/v7-m/libcr_c.a(memset.o)
                0x000000000000232e                memset
 .text._do_fflush
                0x0000000000002332       0x40 /usr/local/mcuxpressoide-10.3.0_2200/ide/plugins/com.nxp.mcuxpresso.tools.linux_10.3.0.201811011841/tools/bin/../lib/gcc/arm-none-eabi/7.3.1/../../../../arm-none-eabi/lib/thumb/v7-m/libcr_c.a(_do_fflush.o)
                0x0000000000002332                _do_fflush
 .text._fflush  0x0000000000002372       0x52 /usr/local/mcuxpressoide-10.3.0_2200/ide/plugins/com.nxp.mcuxpresso.tools.linux_10.3.0.201811011841/tools/bin/../lib/gcc/arm-none-eabi/7.3.1/../../../../arm-none-eabi/lib/thumb/v7-m/libcr_c.a(_fflush.o)
                0x0000000000002372                _fflush
 .text._Cwritebuf
                0x00000000000023c4       0x6c /usr/local/mcuxpressoide-10.3.0_2200/ide/plugins/com.nxp.mcuxpresso.tools.linux_10.3.0.201811011841/tools/bin/../lib/gcc/arm-none-eabi/7.3.1/../../../../arm-none-eabi/lib/thumb/v7-m/libcr_c.a(_writebuf.o)
                0x00000000000023c4                _Cwritebuf
 .text.free     0x0000000000002430       0x30 /usr/local/mcuxpressoide-10.3.0_2200/ide/plugins/com.nxp.mcuxpresso.tools.linux_10.3.0.201811011841/tools/bin/../lib/gcc/arm-none-eabi/7.3.1/../../../../arm-none-eabi/lib/thumb/v7-m/libcr_c.a(alloc.o)
                0x0000000000002430                free
 .text._deferredlazyseek
                0x0000000000002460       0x40 /usr/local/mcuxpressoide-10.3.0_2200/ide/plugins/com.nxp.mcuxpresso.tools.linux_10.3.0.201811011841/tools/bin/../lib/gcc/arm-none-eabi/7.3.1/../../../../arm-none-eabi/lib/thumb/v7-m/libcr_c.a(_deferredlazyseek.o)
                0x0000000000002460                _deferredlazyseek
 .text.__aeabi_memset_lowlevel
                0x00000000000024a0       0x32 /usr/local/mcuxpressoide-10.3.0_2200/ide/plugins/com.nxp.mcuxpresso.tools.linux_10.3.0.201811011841/tools/bin/../lib/gcc/arm-none-eabi/7.3.1/thumb/v7-m/libcr_eabihelpers.a(memcpy.o)
                0x00000000000024a0                __aeabi_lowlevel_memset
 .text.__sys_close
                0x00000000000024d2        0x6 /usr/local/mcuxpressoide-10.3.0_2200/ide/plugins/com.nxp.mcuxpresso.tools.linux_10.3.0.201811011841/tools/bin/../lib/gcc/arm-none-eabi/7.3.1/../../../../arm-none-eabi/lib/thumb/v7-m/libcr_nohost.a(__sys_close.o)
                0x00000000000024d2                __sys_close
 .text.__sys_flen
                0x00000000000024d8        0x6 /usr/local/mcuxpressoide-10.3.0_2200/ide/plugins/com.nxp.mcuxpresso.tools.linux_10.3.0.201811011841/tools/bin/../lib/gcc/arm-none-eabi/7.3.1/../../../../arm-none-eabi/lib/thumb/v7-m/libcr_nohost.a(__sys_flen.o)
                0x00000000000024d8                __sys_flen
 .text.__sys_istty
                0x00000000000024de        0x6 /usr/local/mcuxpressoide-10.3.0_2200/ide/plugins/com.nxp.mcuxpresso.tools.linux_10.3.0.201811011841/tools/bin/../lib/gcc/arm-none-eabi/7.3.1/../../../../arm-none-eabi/lib/thumb/v7-m/libcr_nohost.a(__sys_istty.o)
                0x00000000000024de                __sys_istty
 .text.__sys_remove
                0x00000000000024e4        0x6 /usr/local/mcuxpressoide-10.3.0_2200/ide/plugins/com.nxp.mcuxpresso.tools.linux_10.3.0.201811011841/tools/bin/../lib/gcc/arm-none-eabi/7.3.1/../../../../arm-none-eabi/lib/thumb/v7-m/libcr_nohost.a(__sys_remove.o)
                0x00000000000024e4                __sys_remove
 .text.__sys_seek
                0x00000000000024ea        0x6 /usr/local/mcuxpressoide-10.3.0_2200/ide/plugins/com.nxp.mcuxpresso.tools.linux_10.3.0.201811011841/tools/bin/../lib/gcc/arm-none-eabi/7.3.1/../../../../arm-none-eabi/lib/thumb/v7-m/libcr_nohost.a(__sys_seek.o)
                0x00000000000024ea                __sys_seek
 .text.__sys_tmpnam
                0x00000000000024f0        0x6 /usr/local/mcuxpressoide-10.3.0_2200/ide/plugins/com.nxp.mcuxpresso.tools.linux_10.3.0.201811011841/tools/bin/../lib/gcc/arm-none-eabi/7.3.1/../../../../arm-none-eabi/lib/thumb/v7-m/libcr_nohost.a(__sys_tmpnam.o)
                0x00000000000024f0                __sys_tmpnam
 *(.rodata .rodata.* .constdata .constdata.*)
 *fill*         0x00000000000024f6        0x2 ff
 .rodata.OscRateIn
                0x00000000000024f8        0x4 /home/parichey/Documents/MCUXpresso_10.3.0_2200/workspace/lpc_board_nxp_lpcxpresso_1769/Debug/liblpc_board_nxp_lpcxpresso_1769.a(board.o)
                0x00000000000024f8                OscRateIn
 .rodata.RTCOscRateIn
                0x00000000000024fc        0x4 /home/parichey/Documents/MCUXpresso_10.3.0_2200/workspace/lpc_board_nxp_lpcxpresso_1769/Debug/liblpc_board_nxp_lpcxpresso_1769.a(board.o)
                0x00000000000024fc                RTCOscRateIn
 .rodata.pinmuxing
                0x0000000000002500       0x5c /home/parichey/Documents/MCUXpresso_10.3.0_2200/workspace/lpc_board_nxp_lpcxpresso_1769/Debug/liblpc_board_nxp_lpcxpresso_1769.a(board_sysinit.o)
 .rodata.GPDMA_LUTPerBurst
                0x000000000000255c       0x18 /home/parichey/Documents/MCUXpresso_10.3.0_2200/workspace/lpc_chip_175x_6x/Debug/liblpc_chip_175x_6x.a(gpdma_17xx_40xx.o)
                0x000000000000255c                GPDMA_LUTPerBurst
 .rodata.GPDMA_LUTPerWid
                0x0000000000002574       0x18 /home/parichey/Documents/MCUXpresso_10.3.0_2200/workspace/lpc_chip_175x_6x/Debug/liblpc_chip_175x_6x.a(gpdma_17xx_40xx.o)
                0x0000000000002574                GPDMA_LUTPerWid
 .rodata._initio.str1.1
                0x000000000000258c        0x4 /usr/local/mcuxpressoide-10.3.0_2200/ide/plugins/com.nxp.mcuxpresso.tools.linux_10.3.0.201811011841/tools/bin/../lib/gcc/arm-none-eabi/7.3.1/../../../../arm-none-eabi/lib/thumb/v7-m/libcr_c.a(initio.o)
 .rodata.__num_Ciob_streams
                0x0000000000002590        0x4 /usr/local/mcuxpressoide-10.3.0_2200/ide/plugins/com.nxp.mcuxpresso.tools.linux_10.3.0.201811011841/tools/bin/../lib/gcc/arm-none-eabi/7.3.1/../../../../arm-none-eabi/lib/thumb/v7-m/libcr_nohost.a(__ciob.o)
                0x0000000000002590                __num_Ciob_streams
                0x0000000000002594                . = ALIGN (0x4)

.glue_7         0x0000000000002594        0x0
 .glue_7        0x0000000000002594        0x0 linker stubs

.glue_7t        0x0000000000002594        0x0
 .glue_7t       0x0000000000002594        0x0 linker stubs

.vfp11_veneer   0x0000000000002594        0x0
 .vfp11_veneer  0x0000000000002594        0x0 linker stubs

.v4_bx          0x0000000000002594        0x0
 .v4_bx         0x0000000000002594        0x0 linker stubs

.iplt           0x0000000000002594        0x0
 .iplt          0x0000000000002594        0x0 ./example/src/cr_startup_lpc175x_6x.o

.rel.dyn        0x0000000000002594        0x0
 .rel.iplt      0x0000000000002594        0x0 ./example/src/cr_startup_lpc175x_6x.o

.ARM.extab
 *(.ARM.extab* .gnu.linkonce.armextab.*)
                0x0000000000002594                __exidx_start = .

.ARM.exidx
 *(.ARM.exidx* .gnu.linkonce.armexidx.*)
                0x0000000000002594                __exidx_end = .
                0x0000000000002594                _etext = .

.data_RAM2      0x000000002007c000        0x0 load address 0x0000000000002594
 FILL mask 0xff
                [!provide]                        PROVIDE (__start_data_RAM2 = .)
 *(.ramfunc.$RAM2)
 *(.ramfunc.$RamAHB32)
 *(.data.$RAM2*)
 *(.data.$RamAHB32*)
                0x000000002007c000                . = ALIGN (0x4)
                [!provide]                        PROVIDE (__end_data_RAM2 = .)

.uninit_RESERVED
                0x0000000010000000        0x0
 *(.bss.$RESERVED*)
                0x0000000010000000                . = ALIGN (0x4)
                0x0000000010000000                _end_uninit_RESERVED = .

.data           0x0000000010000000       0x60 load address 0x0000000000002594
 FILL mask 0xff
                0x0000000010000000                _data = .
 *(vtable)
 *(.ramfunc*)
 *(.data*)
 .data.GPDMA_LUTPerAddr
                0x0000000010000000       0x60 /home/parichey/Documents/MCUXpresso_10.3.0_2200/workspace/lpc_chip_175x_6x/Debug/liblpc_chip_175x_6x.a(gpdma_17xx_40xx.o)
                0x0000000010000000                GPDMA_LUTPerAddr
                0x0000000010000060                . = ALIGN (0x4)
                0x0000000010000060                _edata = .

.igot.plt       0x0000000010000060        0x0 load address 0x00000000000025f4
 .igot.plt      0x0000000010000060        0x0 ./example/src/cr_startup_lpc175x_6x.o

.bss_RAM2       0x000000002007c000        0x0
                [!provide]                        PROVIDE (__start_bss_RAM2 = .)
 *(.bss.$RAM2*)
 *(.bss.$RamAHB32*)
                0x000000002007c000                . = ALIGN ((. != 0x0)?0x4:0x1)
                [!provide]                        PROVIDE (__end_bss_RAM2 = .)

.bss            0x0000000010000060      0x61c
                0x0000000010000060                _bss = .
 *(.bss*)
 .bss.spi_tx_buf
                0x0000000010000060      0x100 ./example/src/spi.o
 .bss.spi_rx_buf
                0x0000000010000160      0x100 ./example/src/spi.o
 .bss.spi_format
                0x0000000010000260        0x4 ./example/src/spi.o
 .bss.spi_xf    0x0000000010000264       0x20 ./example/src/spi.o
 .bss.ssp_tx_buf
                0x0000000010000284      0x100 ./example/src/spi.o
 .bss.ssp_rx_buf
                0x0000000010000384      0x100 ./example/src/spi.o
 .bss.ssp_format
                0x0000000010000484        0x3 ./example/src/spi.o
 .bss.ssp_dma_tx_ch
                0x0000000010000487        0x1 ./example/src/spi.o
 .bss.ssp_dma_rx_ch
                0x0000000010000488        0x1 ./example/src/spi.o
 .bss.ssp_dma_txf_completed
                0x0000000010000489        0x1 ./example/src/spi.o
 .bss.ssp_dma_rxf_completed
                0x000000001000048a        0x1 ./example/src/spi.o
 *fill*         0x000000001000048b        0x1 
 .bss.ChannelHandlerArray
                0x000000001000048c        0x8 /home/parichey/Documents/MCUXpresso_10.3.0_2200/workspace/lpc_chip_175x_6x/Debug/liblpc_chip_175x_6x.a(gpdma_17xx_40xx.o)
 .bss.errno     0x0000000010000494        0x4 /usr/local/mcuxpressoide-10.3.0_2200/ide/plugins/com.nxp.mcuxpresso.tools.linux_10.3.0.201811011841/tools/bin/../lib/gcc/arm-none-eabi/7.3.1/../../../../arm-none-eabi/lib/thumb/v7-m/libcr_c.a(errno.o)
                0x0000000010000494                errno
 .bss.__Ciob    0x0000000010000498      0x1e0 /usr/local/mcuxpressoide-10.3.0_2200/ide/plugins/com.nxp.mcuxpresso.tools.linux_10.3.0.201811011841/tools/bin/../lib/gcc/arm-none-eabi/7.3.1/../../../../arm-none-eabi/lib/thumb/v7-m/libcr_nohost.a(__ciob.o)
                0x0000000010000498                __Ciob
 *(COMMON)
 COMMON         0x0000000010000678        0x4 /home/parichey/Documents/MCUXpresso_10.3.0_2200/workspace/lpc_chip_175x_6x/Debug/liblpc_chip_175x_6x.a(chip_17xx_40xx.o)
                0x0000000010000678                SystemCoreClock
                0x000000001000067c                . = ALIGN (0x4)
                0x000000001000067c                _ebss = .
                [!provide]                        PROVIDE (end = .)

.noinit_RAM2    0x000000002007c000        0x0
 *(.noinit.$RAM2*)
 *(.noinit.$RamAHB32*)
                0x000000002007c000                . = ALIGN (0x4)

.noinit         0x000000001000067c        0x0
                0x000000001000067c                _noinit = .
 *(.noinit*)
                0x000000001000067c                . = ALIGN (0x4)
                0x000000001000067c                _end_noinit = .
                0x000000001000067c                PROVIDE (_pvHeapStart = DEFINED (__user_heap_base)?__user_heap_base:.)
                0x0000000010008000                PROVIDE (_vStackTop = DEFINED (__user_stack_top)?__user_stack_top:(__top_RamLoc32 - 0x0))
                [!provide]                        PROVIDE (__valid_user_code_checksum = (0x0 - ((((((_vStackTop + (ResetISR + 0x1)) + (NMI_Handler + 0x1)) + (HardFault_Handler + 0x1)) + (DEFINED (MemManage_Handler)?MemManage_Handler:0x0 + 0x1)) + (DEFINED (BusFault_Handler)?BusFault_Handler:0x0 + 0x1)) + (DEFINED (UsageFault_Handler)?UsageFault_Handler:0x0 + 0x1))))
                0x0000000000000000                _image_start = LOADADDR (.text)
                0x00000000000025f4                _image_end = (LOADADDR (.data) + SIZEOF (.data))
                0x00000000000025f4                _image_size = (_image_end - _image_start)
OUTPUT(periph_spi.axf elf32-littlearm)

.debug_info     0x0000000000000000     0x7e48
 .debug_info    0x0000000000000000      0x251 ./example/src/cr_startup_lpc175x_6x.o
 .debug_info    0x0000000000000251      0xded ./example/src/spi.o
 .debug_info    0x000000000000103e      0x232 ./example/src/sysinit.o
 .debug_info    0x0000000000001270     0x150a /home/parichey/Documents/MCUXpresso_10.3.0_2200/workspace/lpc_board_nxp_lpcxpresso_1769/Debug/liblpc_board_nxp_lpcxpresso_1769.a(board.o)
 .debug_info    0x000000000000277a      0x6c3 /home/parichey/Documents/MCUXpresso_10.3.0_2200/workspace/lpc_board_nxp_lpcxpresso_1769/Debug/liblpc_board_nxp_lpcxpresso_1769.a(board_sysinit.o)
 .debug_info    0x0000000000002e3d      0x558 /home/parichey/Documents/MCUXpresso_10.3.0_2200/workspace/lpc_chip_175x_6x/Debug/liblpc_chip_175x_6x.a(chip_17xx_40xx.o)
 .debug_info    0x0000000000003395      0xba2 /home/parichey/Documents/MCUXpresso_10.3.0_2200/workspace/lpc_chip_175x_6x/Debug/liblpc_chip_175x_6x.a(clock_17xx_40xx.o)
 .debug_info    0x0000000000003f37     0x1354 /home/parichey/Documents/MCUXpresso_10.3.0_2200/workspace/lpc_chip_175x_6x/Debug/liblpc_chip_175x_6x.a(gpdma_17xx_40xx.o)
 .debug_info    0x000000000000528b      0x31e /home/parichey/Documents/MCUXpresso_10.3.0_2200/workspace/lpc_chip_175x_6x/Debug/liblpc_chip_175x_6x.a(iocon_17xx_40xx.o)
 .debug_info    0x00000000000055a9      0x8e5 /home/parichey/Documents/MCUXpresso_10.3.0_2200/workspace/lpc_chip_175x_6x/Debug/liblpc_chip_175x_6x.a(spi_17xx_40xx.o)
 .debug_info    0x0000000000005e8e      0xc31 /home/parichey/Documents/MCUXpresso_10.3.0_2200/workspace/lpc_chip_175x_6x/Debug/liblpc_chip_175x_6x.a(ssp_17xx_40xx.o)
 .debug_info    0x0000000000006abf      0x474 /home/parichey/Documents/MCUXpresso_10.3.0_2200/workspace/lpc_chip_175x_6x/Debug/liblpc_chip_175x_6x.a(sysinit_17xx_40xx.o)
 .debug_info    0x0000000000006f33      0xf15 /home/parichey/Documents/MCUXpresso_10.3.0_2200/workspace/lpc_chip_175x_6x/Debug/liblpc_chip_175x_6x.a(uart_17xx_40xx.o)

.debug_abbrev   0x0000000000000000     0x1abd
 .debug_abbrev  0x0000000000000000      0x103 ./example/src/cr_startup_lpc175x_6x.o
 .debug_abbrev  0x0000000000000103      0x25a ./example/src/spi.o
 .debug_abbrev  0x000000000000035d       0xdd ./example/src/sysinit.o
 .debug_abbrev  0x000000000000043a      0x3c8 /home/parichey/Documents/MCUXpresso_10.3.0_2200/workspace/lpc_board_nxp_lpcxpresso_1769/Debug/liblpc_board_nxp_lpcxpresso_1769.a(board.o)
 .debug_abbrev  0x0000000000000802      0x180 /home/parichey/Documents/MCUXpresso_10.3.0_2200/workspace/lpc_board_nxp_lpcxpresso_1769/Debug/liblpc_board_nxp_lpcxpresso_1769.a(board_sysinit.o)
 .debug_abbrev  0x0000000000000982      0x151 /home/parichey/Documents/MCUXpresso_10.3.0_2200/workspace/lpc_chip_175x_6x/Debug/liblpc_chip_175x_6x.a(chip_17xx_40xx.o)
 .debug_abbrev  0x0000000000000ad3      0x309 /home/parichey/Documents/MCUXpresso_10.3.0_2200/workspace/lpc_chip_175x_6x/Debug/liblpc_chip_175x_6x.a(clock_17xx_40xx.o)
 .debug_abbrev  0x0000000000000ddc      0x288 /home/parichey/Documents/MCUXpresso_10.3.0_2200/workspace/lpc_chip_175x_6x/Debug/liblpc_chip_175x_6x.a(gpdma_17xx_40xx.o)
 .debug_abbrev  0x0000000000001064      0x14a /home/parichey/Documents/MCUXpresso_10.3.0_2200/workspace/lpc_chip_175x_6x/Debug/liblpc_chip_175x_6x.a(iocon_17xx_40xx.o)
 .debug_abbrev  0x00000000000011ae      0x1fc /home/parichey/Documents/MCUXpresso_10.3.0_2200/workspace/lpc_chip_175x_6x/Debug/liblpc_chip_175x_6x.a(spi_17xx_40xx.o)
 .debug_abbrev  0x00000000000013aa      0x273 /home/parichey/Documents/MCUXpresso_10.3.0_2200/workspace/lpc_chip_175x_6x/Debug/liblpc_chip_175x_6x.a(ssp_17xx_40xx.o)
 .debug_abbrev  0x000000000000161d      0x18e /home/parichey/Documents/MCUXpresso_10.3.0_2200/workspace/lpc_chip_175x_6x/Debug/liblpc_chip_175x_6x.a(sysinit_17xx_40xx.o)
 .debug_abbrev  0x00000000000017ab      0x312 /home/parichey/Documents/MCUXpresso_10.3.0_2200/workspace/lpc_chip_175x_6x/Debug/liblpc_chip_175x_6x.a(uart_17xx_40xx.o)

.debug_aranges  0x0000000000000000      0x7e8
 .debug_aranges
                0x0000000000000000       0x80 ./example/src/cr_startup_lpc175x_6x.o
 .debug_aranges
                0x0000000000000080       0x80 ./example/src/spi.o
 .debug_aranges
                0x0000000000000100       0x20 ./example/src/sysinit.o
 .debug_aranges
                0x0000000000000120      0x160 /home/parichey/Documents/MCUXpresso_10.3.0_2200/workspace/lpc_board_nxp_lpcxpresso_1769/Debug/liblpc_board_nxp_lpcxpresso_1769.a(board.o)
 .debug_aranges
                0x0000000000000280       0x38 /home/parichey/Documents/MCUXpresso_10.3.0_2200/workspace/lpc_board_nxp_lpcxpresso_1769/Debug/liblpc_board_nxp_lpcxpresso_1769.a(board_sysinit.o)
 .debug_aranges
                0x00000000000002b8       0x38 /home/parichey/Documents/MCUXpresso_10.3.0_2200/workspace/lpc_chip_175x_6x/Debug/liblpc_chip_175x_6x.a(chip_17xx_40xx.o)
 .debug_aranges
                0x00000000000002f0      0x120 /home/parichey/Documents/MCUXpresso_10.3.0_2200/workspace/lpc_chip_175x_6x/Debug/liblpc_chip_175x_6x.a(clock_17xx_40xx.o)
 .debug_aranges
                0x0000000000000410       0x90 /home/parichey/Documents/MCUXpresso_10.3.0_2200/workspace/lpc_chip_175x_6x/Debug/liblpc_chip_175x_6x.a(gpdma_17xx_40xx.o)
 .debug_aranges
                0x00000000000004a0       0x30 /home/parichey/Documents/MCUXpresso_10.3.0_2200/workspace/lpc_chip_175x_6x/Debug/liblpc_chip_175x_6x.a(iocon_17xx_40xx.o)
 .debug_aranges
                0x00000000000004d0       0xa8 /home/parichey/Documents/MCUXpresso_10.3.0_2200/workspace/lpc_chip_175x_6x/Debug/liblpc_chip_175x_6x.a(spi_17xx_40xx.o)
 .debug_aranges
                0x0000000000000578       0xe8 /home/parichey/Documents/MCUXpresso_10.3.0_2200/workspace/lpc_chip_175x_6x/Debug/liblpc_chip_175x_6x.a(ssp_17xx_40xx.o)
 .debug_aranges
                0x0000000000000660       0x60 /home/parichey/Documents/MCUXpresso_10.3.0_2200/workspace/lpc_chip_175x_6x/Debug/liblpc_chip_175x_6x.a(sysinit_17xx_40xx.o)
 .debug_aranges
                0x00000000000006c0      0x128 /home/parichey/Documents/MCUXpresso_10.3.0_2200/workspace/lpc_chip_175x_6x/Debug/liblpc_chip_175x_6x.a(uart_17xx_40xx.o)

.debug_ranges   0x0000000000000000      0x718
 .debug_ranges  0x0000000000000000       0x70 ./example/src/cr_startup_lpc175x_6x.o
 .debug_ranges  0x0000000000000070       0x70 ./example/src/spi.o
 .debug_ranges  0x00000000000000e0       0x10 ./example/src/sysinit.o
 .debug_ranges  0x00000000000000f0      0x150 /home/parichey/Documents/MCUXpresso_10.3.0_2200/workspace/lpc_board_nxp_lpcxpresso_1769/Debug/liblpc_board_nxp_lpcxpresso_1769.a(board.o)
 .debug_ranges  0x0000000000000240       0x28 /home/parichey/Documents/MCUXpresso_10.3.0_2200/workspace/lpc_board_nxp_lpcxpresso_1769/Debug/liblpc_board_nxp_lpcxpresso_1769.a(board_sysinit.o)
 .debug_ranges  0x0000000000000268       0x28 /home/parichey/Documents/MCUXpresso_10.3.0_2200/workspace/lpc_chip_175x_6x/Debug/liblpc_chip_175x_6x.a(chip_17xx_40xx.o)
 .debug_ranges  0x0000000000000290      0x110 /home/parichey/Documents/MCUXpresso_10.3.0_2200/workspace/lpc_chip_175x_6x/Debug/liblpc_chip_175x_6x.a(clock_17xx_40xx.o)
 .debug_ranges  0x00000000000003a0       0x80 /home/parichey/Documents/MCUXpresso_10.3.0_2200/workspace/lpc_chip_175x_6x/Debug/liblpc_chip_175x_6x.a(gpdma_17xx_40xx.o)
 .debug_ranges  0x0000000000000420       0x20 /home/parichey/Documents/MCUXpresso_10.3.0_2200/workspace/lpc_chip_175x_6x/Debug/liblpc_chip_175x_6x.a(iocon_17xx_40xx.o)
 .debug_ranges  0x0000000000000440       0x98 /home/parichey/Documents/MCUXpresso_10.3.0_2200/workspace/lpc_chip_175x_6x/Debug/liblpc_chip_175x_6x.a(spi_17xx_40xx.o)
 .debug_ranges  0x00000000000004d8       0xd8 /home/parichey/Documents/MCUXpresso_10.3.0_2200/workspace/lpc_chip_175x_6x/Debug/liblpc_chip_175x_6x.a(ssp_17xx_40xx.o)
 .debug_ranges  0x00000000000005b0       0x50 /home/parichey/Documents/MCUXpresso_10.3.0_2200/workspace/lpc_chip_175x_6x/Debug/liblpc_chip_175x_6x.a(sysinit_17xx_40xx.o)
 .debug_ranges  0x0000000000000600      0x118 /home/parichey/Documents/MCUXpresso_10.3.0_2200/workspace/lpc_chip_175x_6x/Debug/liblpc_chip_175x_6x.a(uart_17xx_40xx.o)

.debug_macro    0x0000000000000000     0x51ef
 .debug_macro   0x0000000000000000       0x1d ./example/src/cr_startup_lpc175x_6x.o
 .debug_macro   0x000000000000001d      0xa66 ./example/src/cr_startup_lpc175x_6x.o
 .debug_macro   0x0000000000000a83      0x253 ./example/src/spi.o
 .debug_macro   0x0000000000000cd6       0x10 ./example/src/spi.o
 .debug_macro   0x0000000000000ce6      0x12d ./example/src/spi.o
 .debug_macro   0x0000000000000e13      0x5b2 ./example/src/spi.o
 .debug_macro   0x00000000000013c5       0x22 ./example/src/spi.o
 .debug_macro   0x00000000000013e7       0x7b ./example/src/spi.o
 .debug_macro   0x0000000000001462       0x10 ./example/src/spi.o
 .debug_macro   0x0000000000001472       0x2d ./example/src/spi.o
 .debug_macro   0x000000000000149f       0x3a ./example/src/spi.o
 .debug_macro   0x00000000000014d9       0x2d ./example/src/spi.o
 .debug_macro   0x0000000000001506      0xbb1 ./example/src/spi.o
 .debug_macro   0x00000000000020b7      0x22c ./example/src/spi.o
 .debug_macro   0x00000000000022e3       0x42 ./example/src/spi.o
 .debug_macro   0x0000000000002325       0x52 ./example/src/spi.o
 .debug_macro   0x0000000000002377       0x78 ./example/src/spi.o
 .debug_macro   0x00000000000023ef       0x82 ./example/src/spi.o
 .debug_macro   0x0000000000002471      0x48c ./example/src/spi.o
 .debug_macro   0x00000000000028fd       0x34 ./example/src/spi.o
 .debug_macro   0x0000000000002931      0x4c5 ./example/src/spi.o
 .debug_macro   0x0000000000002df6      0x1b7 ./example/src/spi.o
 .debug_macro   0x0000000000002fad       0x10 ./example/src/spi.o
 .debug_macro   0x0000000000002fbd      0x21b ./example/src/spi.o
 .debug_macro   0x00000000000031d8      0x1b9 ./example/src/spi.o
 .debug_macro   0x0000000000003391       0x40 ./example/src/spi.o
 .debug_macro   0x00000000000033d1       0x22 ./example/src/spi.o
 .debug_macro   0x00000000000033f3      0x162 ./example/src/spi.o
 .debug_macro   0x0000000000003555       0x94 ./example/src/spi.o
 .debug_macro   0x00000000000035e9       0xb8 ./example/src/spi.o
 .debug_macro   0x00000000000036a1       0x4c ./example/src/spi.o
 .debug_macro   0x00000000000036ed       0x16 ./example/src/spi.o
 .debug_macro   0x0000000000003703      0x328 ./example/src/spi.o
 .debug_macro   0x0000000000003a2b       0x49 ./example/src/spi.o
 .debug_macro   0x0000000000003a74       0x16 ./example/src/spi.o
 .debug_macro   0x0000000000003a8a       0xca ./example/src/spi.o
 .debug_macro   0x0000000000003b54       0x18 ./example/src/spi.o
 .debug_macro   0x0000000000003b6c       0x70 ./example/src/spi.o
 .debug_macro   0x0000000000003bdc       0x9a ./example/src/spi.o
 .debug_macro   0x0000000000003c76       0x20 ./example/src/spi.o
 .debug_macro   0x0000000000003c96       0x28 ./example/src/spi.o
 .debug_macro   0x0000000000003cbe      0x217 ./example/src/sysinit.o
 .debug_macro   0x0000000000003ed5      0x289 /home/parichey/Documents/MCUXpresso_10.3.0_2200/workspace/lpc_board_nxp_lpcxpresso_1769/Debug/liblpc_board_nxp_lpcxpresso_1769.a(board.o)
 .debug_macro   0x000000000000415e       0x12 /home/parichey/Documents/MCUXpresso_10.3.0_2200/workspace/lpc_board_nxp_lpcxpresso_1769/Debug/liblpc_board_nxp_lpcxpresso_1769.a(board.o)
 .debug_macro   0x0000000000004170      0x217 /home/parichey/Documents/MCUXpresso_10.3.0_2200/workspace/lpc_board_nxp_lpcxpresso_1769/Debug/liblpc_board_nxp_lpcxpresso_1769.a(board_sysinit.o)
 .debug_macro   0x0000000000004387      0x1cd /home/parichey/Documents/MCUXpresso_10.3.0_2200/workspace/lpc_chip_175x_6x/Debug/liblpc_chip_175x_6x.a(chip_17xx_40xx.o)
 .debug_macro   0x0000000000004554      0x1cd /home/parichey/Documents/MCUXpresso_10.3.0_2200/workspace/lpc_chip_175x_6x/Debug/liblpc_chip_175x_6x.a(clock_17xx_40xx.o)
 .debug_macro   0x0000000000004721      0x1cd /home/parichey/Documents/MCUXpresso_10.3.0_2200/workspace/lpc_chip_175x_6x/Debug/liblpc_chip_175x_6x.a(gpdma_17xx_40xx.o)
 .debug_macro   0x00000000000048ee      0x1cd /home/parichey/Documents/MCUXpresso_10.3.0_2200/workspace/lpc_chip_175x_6x/Debug/liblpc_chip_175x_6x.a(iocon_17xx_40xx.o)
 .debug_macro   0x0000000000004abb      0x1cd /home/parichey/Documents/MCUXpresso_10.3.0_2200/workspace/lpc_chip_175x_6x/Debug/liblpc_chip_175x_6x.a(spi_17xx_40xx.o)
 .debug_macro   0x0000000000004c88      0x1cd /home/parichey/Documents/MCUXpresso_10.3.0_2200/workspace/lpc_chip_175x_6x/Debug/liblpc_chip_175x_6x.a(ssp_17xx_40xx.o)
 .debug_macro   0x0000000000004e55      0x1cd /home/parichey/Documents/MCUXpresso_10.3.0_2200/workspace/lpc_chip_175x_6x/Debug/liblpc_chip_175x_6x.a(sysinit_17xx_40xx.o)
 .debug_macro   0x0000000000005022      0x1cd /home/parichey/Documents/MCUXpresso_10.3.0_2200/workspace/lpc_chip_175x_6x/Debug/liblpc_chip_175x_6x.a(uart_17xx_40xx.o)

.debug_line     0x0000000000000000     0x4d19
 .debug_line    0x0000000000000000       0xdb ./example/src/cr_startup_lpc175x_6x.o
 .debug_line    0x00000000000000db      0x672 ./example/src/spi.o
 .debug_line    0x000000000000074d      0x51b ./example/src/sysinit.o
 .debug_line    0x0000000000000c68      0x8ce /home/parichey/Documents/MCUXpresso_10.3.0_2200/workspace/lpc_board_nxp_lpcxpresso_1769/Debug/liblpc_board_nxp_lpcxpresso_1769.a(board.o)
 .debug_line    0x0000000000001536      0x553 /home/parichey/Documents/MCUXpresso_10.3.0_2200/workspace/lpc_board_nxp_lpcxpresso_1769/Debug/liblpc_board_nxp_lpcxpresso_1769.a(board_sysinit.o)
 .debug_line    0x0000000000001a89      0x4d5 /home/parichey/Documents/MCUXpresso_10.3.0_2200/workspace/lpc_chip_175x_6x/Debug/liblpc_chip_175x_6x.a(chip_17xx_40xx.o)
 .debug_line    0x0000000000001f5e      0x751 /home/parichey/Documents/MCUXpresso_10.3.0_2200/workspace/lpc_chip_175x_6x/Debug/liblpc_chip_175x_6x.a(clock_17xx_40xx.o)
 .debug_line    0x00000000000026af      0x675 /home/parichey/Documents/MCUXpresso_10.3.0_2200/workspace/lpc_chip_175x_6x/Debug/liblpc_chip_175x_6x.a(gpdma_17xx_40xx.o)
 .debug_line    0x0000000000002d24      0x4c1 /home/parichey/Documents/MCUXpresso_10.3.0_2200/workspace/lpc_chip_175x_6x/Debug/liblpc_chip_175x_6x.a(iocon_17xx_40xx.o)
 .debug_line    0x00000000000031e5      0x61d /home/parichey/Documents/MCUXpresso_10.3.0_2200/workspace/lpc_chip_175x_6x/Debug/liblpc_chip_175x_6x.a(spi_17xx_40xx.o)
 .debug_line    0x0000000000003802      0x7ce /home/parichey/Documents/MCUXpresso_10.3.0_2200/workspace/lpc_chip_175x_6x/Debug/liblpc_chip_175x_6x.a(ssp_17xx_40xx.o)
 .debug_line    0x0000000000003fd0      0x54b /home/parichey/Documents/MCUXpresso_10.3.0_2200/workspace/lpc_chip_175x_6x/Debug/liblpc_chip_175x_6x.a(sysinit_17xx_40xx.o)
 .debug_line    0x000000000000451b      0x7fe /home/parichey/Documents/MCUXpresso_10.3.0_2200/workspace/lpc_chip_175x_6x/Debug/liblpc_chip_175x_6x.a(uart_17xx_40xx.o)

.debug_str      0x0000000000000000    0x1485a
 .debug_str     0x0000000000000000     0x2eb2 ./example/src/cr_startup_lpc175x_6x.o
                                       0x2ec5 (size before relaxing)
 .debug_str     0x0000000000002eb2     0xf20b ./example/src/spi.o
                                      0x12024 (size before relaxing)
 .debug_str     0x00000000000120bd       0x23 ./example/src/sysinit.o
                                      0x112a7 (size before relaxing)
 .debug_str     0x00000000000120e0      0xcf5 /home/parichey/Documents/MCUXpresso_10.3.0_2200/workspace/lpc_board_nxp_lpcxpresso_1769/Debug/liblpc_board_nxp_lpcxpresso_1769.a(board.o)
                                      0x12180 (size before relaxing)
 .debug_str     0x0000000000012dd5      0x22d /home/parichey/Documents/MCUXpresso_10.3.0_2200/workspace/lpc_board_nxp_lpcxpresso_1769/Debug/liblpc_board_nxp_lpcxpresso_1769.a(board_sysinit.o)
                                      0x116ba (size before relaxing)
 .debug_str     0x0000000000013002       0xc4 /home/parichey/Documents/MCUXpresso_10.3.0_2200/workspace/lpc_chip_175x_6x/Debug/liblpc_chip_175x_6x.a(chip_17xx_40xx.o)
                                      0x1130a (size before relaxing)
 .debug_str     0x00000000000130c6      0x857 /home/parichey/Documents/MCUXpresso_10.3.0_2200/workspace/lpc_chip_175x_6x/Debug/liblpc_chip_175x_6x.a(clock_17xx_40xx.o)
                                      0x11988 (size before relaxing)
 .debug_str     0x000000000001391d      0x4a4 /home/parichey/Documents/MCUXpresso_10.3.0_2200/workspace/lpc_chip_175x_6x/Debug/liblpc_chip_175x_6x.a(gpdma_17xx_40xx.o)
                                      0x11a4d (size before relaxing)
 .debug_str     0x0000000000013dc1       0x74 /home/parichey/Documents/MCUXpresso_10.3.0_2200/workspace/lpc_chip_175x_6x/Debug/liblpc_chip_175x_6x.a(iocon_17xx_40xx.o)
                                      0x10e05 (size before relaxing)
 .debug_str     0x0000000000013e35      0x1c1 /home/parichey/Documents/MCUXpresso_10.3.0_2200/workspace/lpc_chip_175x_6x/Debug/liblpc_chip_175x_6x.a(spi_17xx_40xx.o)
                                      0x115d7 (size before relaxing)
 .debug_str     0x0000000000013ff6      0x41f /home/parichey/Documents/MCUXpresso_10.3.0_2200/workspace/lpc_chip_175x_6x/Debug/liblpc_chip_175x_6x.a(ssp_17xx_40xx.o)
                                      0x11886 (size before relaxing)
 .debug_str     0x0000000000014415       0xc4 /home/parichey/Documents/MCUXpresso_10.3.0_2200/workspace/lpc_chip_175x_6x/Debug/liblpc_chip_175x_6x.a(sysinit_17xx_40xx.o)
                                      0x10fed (size before relaxing)
 .debug_str     0x00000000000144d9      0x381 /home/parichey/Documents/MCUXpresso_10.3.0_2200/workspace/lpc_chip_175x_6x/Debug/liblpc_chip_175x_6x.a(uart_17xx_40xx.o)
                                      0x1185d (size before relaxing)

.comment        0x0000000000000000       0x7f
 .comment       0x0000000000000000       0x7f ./example/src/cr_startup_lpc175x_6x.o
                                         0x80 (size before relaxing)
 .comment       0x000000000000007f       0x80 ./example/src/spi.o
 .comment       0x000000000000007f       0x80 ./example/src/sysinit.o
 .comment       0x000000000000007f       0x80 /home/parichey/Documents/MCUXpresso_10.3.0_2200/workspace/lpc_board_nxp_lpcxpresso_1769/Debug/liblpc_board_nxp_lpcxpresso_1769.a(board.o)
 .comment       0x000000000000007f       0x80 /home/parichey/Documents/MCUXpresso_10.3.0_2200/workspace/lpc_board_nxp_lpcxpresso_1769/Debug/liblpc_board_nxp_lpcxpresso_1769.a(board_sysinit.o)
 .comment       0x000000000000007f       0x80 /home/parichey/Documents/MCUXpresso_10.3.0_2200/workspace/lpc_chip_175x_6x/Debug/liblpc_chip_175x_6x.a(chip_17xx_40xx.o)
 .comment       0x000000000000007f       0x80 /home/parichey/Documents/MCUXpresso_10.3.0_2200/workspace/lpc_chip_175x_6x/Debug/liblpc_chip_175x_6x.a(clock_17xx_40xx.o)
 .comment       0x000000000000007f       0x80 /home/parichey/Documents/MCUXpresso_10.3.0_2200/workspace/lpc_chip_175x_6x/Debug/liblpc_chip_175x_6x.a(gpdma_17xx_40xx.o)
 .comment       0x000000000000007f       0x80 /home/parichey/Documents/MCUXpresso_10.3.0_2200/workspace/lpc_chip_175x_6x/Debug/liblpc_chip_175x_6x.a(iocon_17xx_40xx.o)
 .comment       0x000000000000007f       0x80 /home/parichey/Documents/MCUXpresso_10.3.0_2200/workspace/lpc_chip_175x_6x/Debug/liblpc_chip_175x_6x.a(spi_17xx_40xx.o)
 .comment       0x000000000000007f       0x80 /home/parichey/Documents/MCUXpresso_10.3.0_2200/workspace/lpc_chip_175x_6x/Debug/liblpc_chip_175x_6x.a(ssp_17xx_40xx.o)
 .comment       0x000000000000007f       0x80 /home/parichey/Documents/MCUXpresso_10.3.0_2200/workspace/lpc_chip_175x_6x/Debug/liblpc_chip_175x_6x.a(sysinit_17xx_40xx.o)
 .comment       0x000000000000007f       0x80 /home/parichey/Documents/MCUXpresso_10.3.0_2200/workspace/lpc_chip_175x_6x/Debug/liblpc_chip_175x_6x.a(uart_17xx_40xx.o)
 .comment       0x000000000000007f       0x80 /usr/local/mcuxpressoide-10.3.0_2200/ide/plugins/com.nxp.mcuxpresso.tools.linux_10.3.0.201811011841/tools/bin/../lib/gcc/arm-none-eabi/7.3.1/../../../../arm-none-eabi/lib/thumb/v7-m/libcr_nohost.a(_cr__main.o)
 .comment       0x000000000000007f       0x80 /usr/local/mcuxpressoide-10.3.0_2200/ide/plugins/com.nxp.mcuxpresso.tools.linux_10.3.0.201811011841/tools/bin/../lib/gcc/arm-none-eabi/7.3.1/../../../../arm-none-eabi/lib/thumb/v7-m/libcr_c.a(initio.o)
 .comment       0x000000000000007f       0x80 /usr/local/mcuxpressoide-10.3.0_2200/ide/plugins/com.nxp.mcuxpresso.tools.linux_10.3.0.201811011841/tools/bin/../lib/gcc/arm-none-eabi/7.3.1/../../../../arm-none-eabi/lib/thumb/v7-m/libcr_c.a(setvbuf.o)
 .comment       0x000000000000007f       0x80 /usr/local/mcuxpressoide-10.3.0_2200/ide/plugins/com.nxp.mcuxpresso.tools.linux_10.3.0.201811011841/tools/bin/../lib/gcc/arm-none-eabi/7.3.1/../../../../arm-none-eabi/lib/thumb/v7-m/libcr_c.a(_fdopen.o)
 .comment       0x000000000000007f       0x80 /usr/local/mcuxpressoide-10.3.0_2200/ide/plugins/com.nxp.mcuxpresso.tools.linux_10.3.0.201811011841/tools/bin/../lib/gcc/arm-none-eabi/7.3.1/../../../../arm-none-eabi/lib/thumb/v7-m/libcr_c.a(fclose.o)
 .comment       0x000000000000007f       0x80 /usr/local/mcuxpressoide-10.3.0_2200/ide/plugins/com.nxp.mcuxpresso.tools.linux_10.3.0.201811011841/tools/bin/../lib/gcc/arm-none-eabi/7.3.1/../../../../arm-none-eabi/lib/thumb/v7-m/libcr_c.a(fflush.o)
 .comment       0x000000000000007f       0x80 /usr/local/mcuxpressoide-10.3.0_2200/ide/plugins/com.nxp.mcuxpresso.tools.linux_10.3.0.201811011841/tools/bin/../lib/gcc/arm-none-eabi/7.3.1/../../../../arm-none-eabi/lib/thumb/v7-m/libcr_c.a(fseek.o)
 .comment       0x000000000000007f       0x80 /usr/local/mcuxpressoide-10.3.0_2200/ide/plugins/com.nxp.mcuxpresso.tools.linux_10.3.0.201811011841/tools/bin/../lib/gcc/arm-none-eabi/7.3.1/../../../../arm-none-eabi/lib/thumb/v7-m/libcr_c.a(ftell.o)
 .comment       0x000000000000007f       0x80 /usr/local/mcuxpressoide-10.3.0_2200/ide/plugins/com.nxp.mcuxpresso.tools.linux_10.3.0.201811011841/tools/bin/../lib/gcc/arm-none-eabi/7.3.1/../../../../arm-none-eabi/lib/thumb/v7-m/libcr_c.a(remove.o)
 .comment       0x000000000000007f       0x80 /usr/local/mcuxpressoide-10.3.0_2200/ide/plugins/com.nxp.mcuxpresso.tools.linux_10.3.0.201811011841/tools/bin/../lib/gcc/arm-none-eabi/7.3.1/../../../../arm-none-eabi/lib/thumb/v7-m/libcr_c.a(strlen.o)
 .comment       0x000000000000007f       0x80 /usr/local/mcuxpressoide-10.3.0_2200/ide/plugins/com.nxp.mcuxpresso.tools.linux_10.3.0.201811011841/tools/bin/../lib/gcc/arm-none-eabi/7.3.1/../../../../arm-none-eabi/lib/thumb/v7-m/libcr_c.a(memset.o)
 .comment       0x000000000000007f       0x80 /usr/local/mcuxpressoide-10.3.0_2200/ide/plugins/com.nxp.mcuxpresso.tools.linux_10.3.0.201811011841/tools/bin/../lib/gcc/arm-none-eabi/7.3.1/../../../../arm-none-eabi/lib/thumb/v7-m/libcr_c.a(_do_fflush.o)
 .comment       0x000000000000007f       0x80 /usr/local/mcuxpressoide-10.3.0_2200/ide/plugins/com.nxp.mcuxpresso.tools.linux_10.3.0.201811011841/tools/bin/../lib/gcc/arm-none-eabi/7.3.1/../../../../arm-none-eabi/lib/thumb/v7-m/libcr_c.a(_fflush.o)
 .comment       0x000000000000007f       0x80 /usr/local/mcuxpressoide-10.3.0_2200/ide/plugins/com.nxp.mcuxpresso.tools.linux_10.3.0.201811011841/tools/bin/../lib/gcc/arm-none-eabi/7.3.1/../../../../arm-none-eabi/lib/thumb/v7-m/libcr_c.a(_writebuf.o)
 .comment       0x000000000000007f       0x80 /usr/local/mcuxpressoide-10.3.0_2200/ide/plugins/com.nxp.mcuxpresso.tools.linux_10.3.0.201811011841/tools/bin/../lib/gcc/arm-none-eabi/7.3.1/../../../../arm-none-eabi/lib/thumb/v7-m/libcr_c.a(alloc.o)
 .comment       0x000000000000007f       0x80 /usr/local/mcuxpressoide-10.3.0_2200/ide/plugins/com.nxp.mcuxpresso.tools.linux_10.3.0.201811011841/tools/bin/../lib/gcc/arm-none-eabi/7.3.1/../../../../arm-none-eabi/lib/thumb/v7-m/libcr_c.a(errno.o)
 .comment       0x000000000000007f       0x80 /usr/local/mcuxpressoide-10.3.0_2200/ide/plugins/com.nxp.mcuxpresso.tools.linux_10.3.0.201811011841/tools/bin/../lib/gcc/arm-none-eabi/7.3.1/../../../../arm-none-eabi/lib/thumb/v7-m/libcr_c.a(_deferredlazyseek.o)
 .comment       0x000000000000007f       0x80 /usr/local/mcuxpressoide-10.3.0_2200/ide/plugins/com.nxp.mcuxpresso.tools.linux_10.3.0.201811011841/tools/bin/../lib/gcc/arm-none-eabi/7.3.1/../../../../arm-none-eabi/lib/thumb/v7-m/libcr_nohost.a(__ciob.o)
 .comment       0x000000000000007f       0x80 /usr/local/mcuxpressoide-10.3.0_2200/ide/plugins/com.nxp.mcuxpresso.tools.linux_10.3.0.201811011841/tools/bin/../lib/gcc/arm-none-eabi/7.3.1/../../../../arm-none-eabi/lib/thumb/v7-m/libcr_nohost.a(__sys_close.o)
 .comment       0x000000000000007f       0x80 /usr/local/mcuxpressoide-10.3.0_2200/ide/plugins/com.nxp.mcuxpresso.tools.linux_10.3.0.201811011841/tools/bin/../lib/gcc/arm-none-eabi/7.3.1/../../../../arm-none-eabi/lib/thumb/v7-m/libcr_nohost.a(__sys_flen.o)
 .comment       0x000000000000007f       0x80 /usr/local/mcuxpressoide-10.3.0_2200/ide/plugins/com.nxp.mcuxpresso.tools.linux_10.3.0.201811011841/tools/bin/../lib/gcc/arm-none-eabi/7.3.1/../../../../arm-none-eabi/lib/thumb/v7-m/libcr_nohost.a(__sys_istty.o)
 .comment       0x000000000000007f       0x80 /usr/local/mcuxpressoide-10.3.0_2200/ide/plugins/com.nxp.mcuxpresso.tools.linux_10.3.0.201811011841/tools/bin/../lib/gcc/arm-none-eabi/7.3.1/../../../../arm-none-eabi/lib/thumb/v7-m/libcr_nohost.a(__sys_remove.o)
 .comment       0x000000000000007f       0x80 /usr/local/mcuxpressoide-10.3.0_2200/ide/plugins/com.nxp.mcuxpresso.tools.linux_10.3.0.201811011841/tools/bin/../lib/gcc/arm-none-eabi/7.3.1/../../../../arm-none-eabi/lib/thumb/v7-m/libcr_nohost.a(__sys_seek.o)
 .comment       0x000000000000007f       0x80 /usr/local/mcuxpressoide-10.3.0_2200/ide/plugins/com.nxp.mcuxpresso.tools.linux_10.3.0.201811011841/tools/bin/../lib/gcc/arm-none-eabi/7.3.1/../../../../arm-none-eabi/lib/thumb/v7-m/libcr_nohost.a(__sys_tmpnam.o)

.ARM.attributes
                0x0000000000000000       0x31
 .ARM.attributes
                0x0000000000000000       0x33 ./example/src/cr_startup_lpc175x_6x.o
 .ARM.attributes
                0x0000000000000033       0x33 ./example/src/spi.o
 .ARM.attributes
                0x0000000000000066       0x33 ./example/src/sysinit.o
 .ARM.attributes
                0x0000000000000099       0x33 /home/parichey/Documents/MCUXpresso_10.3.0_2200/workspace/lpc_board_nxp_lpcxpresso_1769/Debug/liblpc_board_nxp_lpcxpresso_1769.a(board.o)
 .ARM.attributes
                0x00000000000000cc       0x33 /home/parichey/Documents/MCUXpresso_10.3.0_2200/workspace/lpc_board_nxp_lpcxpresso_1769/Debug/liblpc_board_nxp_lpcxpresso_1769.a(board_sysinit.o)
 .ARM.attributes
                0x00000000000000ff       0x33 /home/parichey/Documents/MCUXpresso_10.3.0_2200/workspace/lpc_chip_175x_6x/Debug/liblpc_chip_175x_6x.a(chip_17xx_40xx.o)
 .ARM.attributes
                0x0000000000000132       0x33 /home/parichey/Documents/MCUXpresso_10.3.0_2200/workspace/lpc_chip_175x_6x/Debug/liblpc_chip_175x_6x.a(clock_17xx_40xx.o)
 .ARM.attributes
                0x0000000000000165       0x33 /home/parichey/Documents/MCUXpresso_10.3.0_2200/workspace/lpc_chip_175x_6x/Debug/liblpc_chip_175x_6x.a(gpdma_17xx_40xx.o)
 .ARM.attributes
                0x0000000000000198       0x33 /home/parichey/Documents/MCUXpresso_10.3.0_2200/workspace/lpc_chip_175x_6x/Debug/liblpc_chip_175x_6x.a(iocon_17xx_40xx.o)
 .ARM.attributes
                0x00000000000001cb       0x33 /home/parichey/Documents/MCUXpresso_10.3.0_2200/workspace/lpc_chip_175x_6x/Debug/liblpc_chip_175x_6x.a(spi_17xx_40xx.o)
 .ARM.attributes
                0x00000000000001fe       0x33 /home/parichey/Documents/MCUXpresso_10.3.0_2200/workspace/lpc_chip_175x_6x/Debug/liblpc_chip_175x_6x.a(ssp_17xx_40xx.o)
 .ARM.attributes
                0x0000000000000231       0x33 /home/parichey/Documents/MCUXpresso_10.3.0_2200/workspace/lpc_chip_175x_6x/Debug/liblpc_chip_175x_6x.a(sysinit_17xx_40xx.o)
 .ARM.attributes
                0x0000000000000264       0x33 /home/parichey/Documents/MCUXpresso_10.3.0_2200/workspace/lpc_chip_175x_6x/Debug/liblpc_chip_175x_6x.a(uart_17xx_40xx.o)
 .ARM.attributes
                0x0000000000000297       0x33 /usr/local/mcuxpressoide-10.3.0_2200/ide/plugins/com.nxp.mcuxpresso.tools.linux_10.3.0.201811011841/tools/bin/../lib/gcc/arm-none-eabi/7.3.1/../../../../arm-none-eabi/lib/thumb/v7-m/libcr_nohost.a(_cr__main.o)
 .ARM.attributes
                0x00000000000002ca       0x33 /usr/local/mcuxpressoide-10.3.0_2200/ide/plugins/com.nxp.mcuxpresso.tools.linux_10.3.0.201811011841/tools/bin/../lib/gcc/arm-none-eabi/7.3.1/../../../../arm-none-eabi/lib/thumb/v7-m/libcr_c.a(initio.o)
 .ARM.attributes
                0x00000000000002fd       0x33 /usr/local/mcuxpressoide-10.3.0_2200/ide/plugins/com.nxp.mcuxpresso.tools.linux_10.3.0.201811011841/tools/bin/../lib/gcc/arm-none-eabi/7.3.1/../../../../arm-none-eabi/lib/thumb/v7-m/libcr_c.a(setvbuf.o)
 .ARM.attributes
                0x0000000000000330       0x33 /usr/local/mcuxpressoide-10.3.0_2200/ide/plugins/com.nxp.mcuxpresso.tools.linux_10.3.0.201811011841/tools/bin/../lib/gcc/arm-none-eabi/7.3.1/../../../../arm-none-eabi/lib/thumb/v7-m/libcr_c.a(_fdopen.o)
 .ARM.attributes
                0x0000000000000363       0x33 /usr/local/mcuxpressoide-10.3.0_2200/ide/plugins/com.nxp.mcuxpresso.tools.linux_10.3.0.201811011841/tools/bin/../lib/gcc/arm-none-eabi/7.3.1/../../../../arm-none-eabi/lib/thumb/v7-m/libcr_c.a(fclose.o)
 .ARM.attributes
                0x0000000000000396       0x33 /usr/local/mcuxpressoide-10.3.0_2200/ide/plugins/com.nxp.mcuxpresso.tools.linux_10.3.0.201811011841/tools/bin/../lib/gcc/arm-none-eabi/7.3.1/../../../../arm-none-eabi/lib/thumb/v7-m/libcr_c.a(fflush.o)
 .ARM.attributes
                0x00000000000003c9       0x33 /usr/local/mcuxpressoide-10.3.0_2200/ide/plugins/com.nxp.mcuxpresso.tools.linux_10.3.0.201811011841/tools/bin/../lib/gcc/arm-none-eabi/7.3.1/../../../../arm-none-eabi/lib/thumb/v7-m/libcr_c.a(fseek.o)
 .ARM.attributes
                0x00000000000003fc       0x33 /usr/local/mcuxpressoide-10.3.0_2200/ide/plugins/com.nxp.mcuxpresso.tools.linux_10.3.0.201811011841/tools/bin/../lib/gcc/arm-none-eabi/7.3.1/../../../../arm-none-eabi/lib/thumb/v7-m/libcr_c.a(ftell.o)
 .ARM.attributes
                0x000000000000042f       0x33 /usr/local/mcuxpressoide-10.3.0_2200/ide/plugins/com.nxp.mcuxpresso.tools.linux_10.3.0.201811011841/tools/bin/../lib/gcc/arm-none-eabi/7.3.1/../../../../arm-none-eabi/lib/thumb/v7-m/libcr_c.a(remove.o)
 .ARM.attributes
                0x0000000000000462       0x33 /usr/local/mcuxpressoide-10.3.0_2200/ide/plugins/com.nxp.mcuxpresso.tools.linux_10.3.0.201811011841/tools/bin/../lib/gcc/arm-none-eabi/7.3.1/../../../../arm-none-eabi/lib/thumb/v7-m/libcr_c.a(strlen.o)
 .ARM.attributes
                0x0000000000000495       0x33 /usr/local/mcuxpressoide-10.3.0_2200/ide/plugins/com.nxp.mcuxpresso.tools.linux_10.3.0.201811011841/tools/bin/../lib/gcc/arm-none-eabi/7.3.1/../../../../arm-none-eabi/lib/thumb/v7-m/libcr_c.a(memset.o)
 .ARM.attributes
                0x00000000000004c8       0x33 /usr/local/mcuxpressoide-10.3.0_2200/ide/plugins/com.nxp.mcuxpresso.tools.linux_10.3.0.201811011841/tools/bin/../lib/gcc/arm-none-eabi/7.3.1/../../../../arm-none-eabi/lib/thumb/v7-m/libcr_c.a(_do_fflush.o)
 .ARM.attributes
                0x00000000000004fb       0x33 /usr/local/mcuxpressoide-10.3.0_2200/ide/plugins/com.nxp.mcuxpresso.tools.linux_10.3.0.201811011841/tools/bin/../lib/gcc/arm-none-eabi/7.3.1/../../../../arm-none-eabi/lib/thumb/v7-m/libcr_c.a(_fflush.o)
 .ARM.attributes
                0x000000000000052e       0x33 /usr/local/mcuxpressoide-10.3.0_2200/ide/plugins/com.nxp.mcuxpresso.tools.linux_10.3.0.201811011841/tools/bin/../lib/gcc/arm-none-eabi/7.3.1/../../../../arm-none-eabi/lib/thumb/v7-m/libcr_c.a(_writebuf.o)
 .ARM.attributes
                0x0000000000000561       0x33 /usr/local/mcuxpressoide-10.3.0_2200/ide/plugins/com.nxp.mcuxpresso.tools.linux_10.3.0.201811011841/tools/bin/../lib/gcc/arm-none-eabi/7.3.1/../../../../arm-none-eabi/lib/thumb/v7-m/libcr_c.a(alloc.o)
 .ARM.attributes
                0x0000000000000594       0x33 /usr/local/mcuxpressoide-10.3.0_2200/ide/plugins/com.nxp.mcuxpresso.tools.linux_10.3.0.201811011841/tools/bin/../lib/gcc/arm-none-eabi/7.3.1/../../../../arm-none-eabi/lib/thumb/v7-m/libcr_c.a(errno.o)
 .ARM.attributes
                0x00000000000005c7       0x33 /usr/local/mcuxpressoide-10.3.0_2200/ide/plugins/com.nxp.mcuxpresso.tools.linux_10.3.0.201811011841/tools/bin/../lib/gcc/arm-none-eabi/7.3.1/../../../../arm-none-eabi/lib/thumb/v7-m/libcr_c.a(_deferredlazyseek.o)
 .ARM.attributes
                0x00000000000005fa       0x21 /usr/local/mcuxpressoide-10.3.0_2200/ide/plugins/com.nxp.mcuxpresso.tools.linux_10.3.0.201811011841/tools/bin/../lib/gcc/arm-none-eabi/7.3.1/thumb/v7-m/libcr_eabihelpers.a(memcpy.o)
 .ARM.attributes
                0x000000000000061b       0x33 /usr/local/mcuxpressoide-10.3.0_2200/ide/plugins/com.nxp.mcuxpresso.tools.linux_10.3.0.201811011841/tools/bin/../lib/gcc/arm-none-eabi/7.3.1/../../../../arm-none-eabi/lib/thumb/v7-m/libcr_nohost.a(__ciob.o)
 .ARM.attributes
                0x000000000000064e       0x33 /usr/local/mcuxpressoide-10.3.0_2200/ide/plugins/com.nxp.mcuxpresso.tools.linux_10.3.0.201811011841/tools/bin/../lib/gcc/arm-none-eabi/7.3.1/../../../../arm-none-eabi/lib/thumb/v7-m/libcr_nohost.a(__sys_close.o)
 .ARM.attributes
                0x0000000000000681       0x33 /usr/local/mcuxpressoide-10.3.0_2200/ide/plugins/com.nxp.mcuxpresso.tools.linux_10.3.0.201811011841/tools/bin/../lib/gcc/arm-none-eabi/7.3.1/../../../../arm-none-eabi/lib/thumb/v7-m/libcr_nohost.a(__sys_flen.o)
 .ARM.attributes
                0x00000000000006b4       0x33 /usr/local/mcuxpressoide-10.3.0_2200/ide/plugins/com.nxp.mcuxpresso.tools.linux_10.3.0.201811011841/tools/bin/../lib/gcc/arm-none-eabi/7.3.1/../../../../arm-none-eabi/lib/thumb/v7-m/libcr_nohost.a(__sys_istty.o)
 .ARM.attributes
                0x00000000000006e7       0x33 /usr/local/mcuxpressoide-10.3.0_2200/ide/plugins/com.nxp.mcuxpresso.tools.linux_10.3.0.201811011841/tools/bin/../lib/gcc/arm-none-eabi/7.3.1/../../../../arm-none-eabi/lib/thumb/v7-m/libcr_nohost.a(__sys_remove.o)
 .ARM.attributes
                0x000000000000071a       0x33 /usr/local/mcuxpressoide-10.3.0_2200/ide/plugins/com.nxp.mcuxpresso.tools.linux_10.3.0.201811011841/tools/bin/../lib/gcc/arm-none-eabi/7.3.1/../../../../arm-none-eabi/lib/thumb/v7-m/libcr_nohost.a(__sys_seek.o)
 .ARM.attributes
                0x000000000000074d       0x33 /usr/local/mcuxpressoide-10.3.0_2200/ide/plugins/com.nxp.mcuxpresso.tools.linux_10.3.0.201811011841/tools/bin/../lib/gcc/arm-none-eabi/7.3.1/../../../../arm-none-eabi/lib/thumb/v7-m/libcr_nohost.a(__sys_tmpnam.o)

.debug_frame    0x0000000000000000     0x1ee0
 .debug_frame   0x0000000000000000      0x170 ./example/src/cr_startup_lpc175x_6x.o
 .debug_frame   0x0000000000000170      0x1f0 ./example/src/spi.o
 .debug_frame   0x0000000000000360       0x34 ./example/src/sysinit.o
 .debug_frame   0x0000000000000394      0x5d4 /home/parichey/Documents/MCUXpresso_10.3.0_2200/workspace/lpc_board_nxp_lpcxpresso_1769/Debug/liblpc_board_nxp_lpcxpresso_1769.a(board.o)
 .debug_frame   0x0000000000000968       0x8c /home/parichey/Documents/MCUXpresso_10.3.0_2200/workspace/lpc_board_nxp_lpcxpresso_1769/Debug/liblpc_board_nxp_lpcxpresso_1769.a(board_sysinit.o)
 .debug_frame   0x00000000000009f4       0x88 /home/parichey/Documents/MCUXpresso_10.3.0_2200/workspace/lpc_chip_175x_6x/Debug/liblpc_chip_175x_6x.a(chip_17xx_40xx.o)
 .debug_frame   0x0000000000000a7c      0x490 /home/parichey/Documents/MCUXpresso_10.3.0_2200/workspace/lpc_chip_175x_6x/Debug/liblpc_chip_175x_6x.a(clock_17xx_40xx.o)
 .debug_frame   0x0000000000000f0c      0x25c /home/parichey/Documents/MCUXpresso_10.3.0_2200/workspace/lpc_chip_175x_6x/Debug/liblpc_chip_175x_6x.a(gpdma_17xx_40xx.o)
 .debug_frame   0x0000000000001168       0x80 /home/parichey/Documents/MCUXpresso_10.3.0_2200/workspace/lpc_chip_175x_6x/Debug/liblpc_chip_175x_6x.a(iocon_17xx_40xx.o)
 .debug_frame   0x00000000000011e8      0x2b4 /home/parichey/Documents/MCUXpresso_10.3.0_2200/workspace/lpc_chip_175x_6x/Debug/liblpc_chip_175x_6x.a(spi_17xx_40xx.o)
 .debug_frame   0x000000000000149c      0x3e8 /home/parichey/Documents/MCUXpresso_10.3.0_2200/workspace/lpc_chip_175x_6x/Debug/liblpc_chip_175x_6x.a(ssp_17xx_40xx.o)
 .debug_frame   0x0000000000001884      0x12c /home/parichey/Documents/MCUXpresso_10.3.0_2200/workspace/lpc_chip_175x_6x/Debug/liblpc_chip_175x_6x.a(sysinit_17xx_40xx.o)
 .debug_frame   0x00000000000019b0      0x530 /home/parichey/Documents/MCUXpresso_10.3.0_2200/workspace/lpc_chip_175x_6x/Debug/liblpc_chip_175x_6x.a(uart_17xx_40xx.o)
