Archive member included to satisfy reference by file (symbol)

/home/parichey/Documents/MCUXpresso_10.3.0_2200/workspace/lpc_board_nxp_lpcxpresso_1769/Debug/liblpc_board_nxp_lpcxpresso_1769.a(board.o)
                              ./example/src/MassStorageHost.o (Board_Debug_Init)
/home/parichey/Documents/MCUXpresso_10.3.0_2200/workspace/lpc_board_nxp_lpcxpresso_1769/Debug/liblpc_board_nxp_lpcxpresso_1769.a(board_sysinit.o)
                              ./example/src/sysinit.o (Board_SystemInit)
/home/parichey/Documents/MCUXpresso_10.3.0_2200/workspace/lpc_chip_175x_6x/Debug/liblpc_chip_175x_6x.a(chip_17xx_40xx.o)
                              ./example/src/MassStorageHost.o (SystemCoreClockUpdate)
/home/parichey/Documents/MCUXpresso_10.3.0_2200/workspace/lpc_chip_175x_6x/Debug/liblpc_chip_175x_6x.a(clock_17xx_40xx.o)
                              ./lpcusblib/Drivers/USB/Core/HAL/LPC17XX/HAL_LPC17xx.o (Chip_Clock_EnablePLL)
/home/parichey/Documents/MCUXpresso_10.3.0_2200/workspace/lpc_chip_175x_6x/Debug/liblpc_chip_175x_6x.a(i2s_17xx_40xx.o)
                              /home/parichey/Documents/MCUXpresso_10.3.0_2200/workspace/lpc_board_nxp_lpcxpresso_1769/Debug/liblpc_board_nxp_lpcxpresso_1769.a(board.o) (Chip_I2S_Init)
/home/parichey/Documents/MCUXpresso_10.3.0_2200/workspace/lpc_chip_175x_6x/Debug/liblpc_chip_175x_6x.a(iocon_17xx_40xx.o)
                              ./lpcusblib/Drivers/USB/Core/HAL/LPC17XX/HAL_LPC17xx.o (Chip_IOCON_PinMux)
/home/parichey/Documents/MCUXpresso_10.3.0_2200/workspace/lpc_chip_175x_6x/Debug/liblpc_chip_175x_6x.a(rtc_17xx_40xx.o)
                              ./fatfs/src/rtc.o (Chip_RTC_Init)
/home/parichey/Documents/MCUXpresso_10.3.0_2200/workspace/lpc_chip_175x_6x/Debug/liblpc_chip_175x_6x.a(sysinit_17xx_40xx.o)
                              /home/parichey/Documents/MCUXpresso_10.3.0_2200/workspace/lpc_board_nxp_lpcxpresso_1769/Debug/liblpc_board_nxp_lpcxpresso_1769.a(board_sysinit.o) (Chip_SetupXtalClocking)
/home/parichey/Documents/MCUXpresso_10.3.0_2200/workspace/lpc_chip_175x_6x/Debug/liblpc_chip_175x_6x.a(uart_17xx_40xx.o)
                              /home/parichey/Documents/MCUXpresso_10.3.0_2200/workspace/lpc_board_nxp_lpcxpresso_1769/Debug/liblpc_board_nxp_lpcxpresso_1769.a(board.o) (Chip_UART_Init)
/home/parichey/Documents/MCUXpresso_10.3.0_2200/workspace/lpc_chip_175x_6x/Debug/liblpc_chip_175x_6x.a(ring_buffer.o)
                              /home/parichey/Documents/MCUXpresso_10.3.0_2200/workspace/lpc_chip_175x_6x/Debug/liblpc_chip_175x_6x.a(uart_17xx_40xx.o) (RingBuffer_Insert)
/usr/local/mcuxpressoide-10.3.0_2200/ide/plugins/com.nxp.mcuxpresso.tools.linux_10.3.0.201811011841/tools/bin/../lib/gcc/arm-none-eabi/7.3.1/../../../../arm-none-eabi/lib/thumb/v7-m/libcr_nohost.a(_cr__main.o)
                              ./example/src/cr_startup_lpc175x_6x.o (__main)
/usr/local/mcuxpressoide-10.3.0_2200/ide/plugins/com.nxp.mcuxpresso.tools.linux_10.3.0.201811011841/tools/bin/../lib/gcc/arm-none-eabi/7.3.1/../../../../arm-none-eabi/lib/thumb/v7-m/libcr_c.a(memcpy.o)
                              ./lpcusblib/Drivers/USB/Class/Common/HIDParser.o (memcpy)
/usr/local/mcuxpressoide-10.3.0_2200/ide/plugins/com.nxp.mcuxpresso.tools.linux_10.3.0.201811011841/tools/bin/../lib/gcc/arm-none-eabi/7.3.1/../../../../arm-none-eabi/lib/thumb/v7-m/libcr_c.a(memset.o)
                              ./lpcusblib/Drivers/USB/Core/HCD/OHCI/OHCI.o (memset)
/usr/local/mcuxpressoide-10.3.0_2200/ide/plugins/com.nxp.mcuxpresso.tools.linux_10.3.0.201811011841/tools/bin/../lib/gcc/arm-none-eabi/7.3.1/../../../../arm-none-eabi/lib/thumb/v7-m/libcr_c.a(fpprintf.o)
                              ./example/src/MassStorageHost.o (sprintf)
/usr/local/mcuxpressoide-10.3.0_2200/ide/plugins/com.nxp.mcuxpresso.tools.linux_10.3.0.201811011841/tools/bin/../lib/gcc/arm-none-eabi/7.3.1/../../../../arm-none-eabi/lib/thumb/v7-m/libcr_c.a(initio.o)
                              /usr/local/mcuxpressoide-10.3.0_2200/ide/plugins/com.nxp.mcuxpresso.tools.linux_10.3.0.201811011841/tools/bin/../lib/gcc/arm-none-eabi/7.3.1/../../../../arm-none-eabi/lib/thumb/v7-m/libcr_nohost.a(_cr__main.o) (_initio)
/usr/local/mcuxpressoide-10.3.0_2200/ide/plugins/com.nxp.mcuxpresso.tools.linux_10.3.0.201811011841/tools/bin/../lib/gcc/arm-none-eabi/7.3.1/../../../../arm-none-eabi/lib/thumb/v7-m/libcr_c.a(printf.o)
                              /usr/local/mcuxpressoide-10.3.0_2200/ide/plugins/com.nxp.mcuxpresso.tools.linux_10.3.0.201811011841/tools/bin/../lib/gcc/arm-none-eabi/7.3.1/../../../../arm-none-eabi/lib/thumb/v7-m/libcr_c.a(fpprintf.o) (__vfprintf)
/usr/local/mcuxpressoide-10.3.0_2200/ide/plugins/com.nxp.mcuxpresso.tools.linux_10.3.0.201811011841/tools/bin/../lib/gcc/arm-none-eabi/7.3.1/../../../../arm-none-eabi/lib/thumb/v7-m/libcr_c.a(setvbuf.o)
[...]
Memory Configuration

Name             Origin             Length             Attributes
MFlash512        0x0000000000000000 0x0000000000080000 xr
RamAHB32         0x000000002007c000 0x0000000000008000 xrw
RamLoc32         0x0000000010000000 0x0000000000008000 xrw
*default*        0x0000000000000000 0xffffffffffffffff

Linker script and memory map

LOAD ./lpcusblib/Drivers/USB/Core/HCD/OHCI/OHCI.o
LOAD ./lpcusblib/Drivers/USB/Core/HCD/HCD.o
LOAD ./lpcusblib/Drivers/USB/Core/HAL/LPC17XX/HAL_LPC17xx.o
LOAD ./lpcusblib/Drivers/USB/Core/ConfigDescriptor.o
LOAD ./lpcusblib/Drivers/USB/Core/Host.o
LOAD ./lpcusblib/Drivers/USB/Core/HostStandardReq.o
LOAD ./lpcusblib/Drivers/USB/Core/Pipe.o
LOAD ./lpcusblib/Drivers/USB/Core/PipeStream.o
LOAD ./lpcusblib/Drivers/USB/Core/USBController.o
LOAD ./lpcusblib/Drivers/USB/Core/USBMemory.o
LOAD ./lpcusblib/Drivers/USB/Core/USBTask.o
LOAD ./lpcusblib/Drivers/USB/Class/Host/MassStorageClassHost.o
LOAD ./lpcusblib/Drivers/USB/Class/Common/HIDParser.o
LOAD ./fatfs/src/ff.o
LOAD ./fatfs/src/fs_usb.o
LOAD ./fatfs/src/rtc.o
LOAD ./example/src/MassStorageHost.o
LOAD ./example/src/cr_startup_lpc175x_6x.o
LOAD ./example/src/sysinit.o
LOAD /home/parichey/Documents/MCUXpresso_10.3.0_2200/workspace/lpc_board_nxp_lpcxpresso_1769/Debug/liblpc_board_nxp_lpcxpresso_1769.a
LOAD /home/parichey/Documents/MCUXpresso_10.3.0_2200/workspace/lpc_chip_175x_6x/Debug/liblpc_chip_175x_6x.a
START GROUP
LOAD /usr/local/mcuxpressoide-10.3.0_2200/ide/plugins/com.nxp.mcuxpresso.tools.linux_10.3.0.201811011841/tools/bin/../lib/gcc/arm-none-eabi/7.3.1/../../../../arm-none-eabi/lib/thumb/v7-m/libcr_nohost.a
LOAD /usr/local/mcuxpressoide-10.3.0_2200/ide/plugins/com.nxp.mcuxpresso.tools.linux_10.3.0.201811011841/tools/bin/../lib/gcc/arm-none-eabi/7.3.1/../../../../arm-none-eabi/lib/thumb/v7-m/libcr_c.a
LOAD /usr/local/mcuxpressoide-10.3.0_2200/ide/plugins/com.nxp.mcuxpresso.tools.linux_10.3.0.201811011841/tools/bin/../lib/gcc/arm-none-eabi/7.3.1/thumb/v7-m/libcr_eabihelpers.a
END GROUP
                0x0000000000000000                __base_MFlash512 = 0x0
                0x0000000000000000                __base_Flash = 0x0
                0x0000000000080000                __top_MFlash512 = 0x80000
                0x0000000000080000                __top_Flash = 0x80000
                0x000000002007c000                __base_RamAHB32 = 0x2007c000
                0x000000002007c000                __base_RAM = 0x2007c000
                0x0000000020084000                __top_RamAHB32 = 0x20084000
                0x0000000020084000                __top_RAM = 0x20084000
                0x0000000010000000                __base_RamLoc32 = 0x10000000
                0x0000000010000000                __base_RAM2 = 0x10000000
                0x0000000010008000                __top_RamLoc32 = 0x10008000
                0x0000000010008000                __top_RAM2 = 0x10008000

.text           0x0000000000000000     0xa1c4
 FILL mask 0xff
                0x0000000000000000                __vectors_start__ = ABSOLUTE (.)
 *(.isr_vector)
 .isr_vector    0x0000000000000000       0xcc ./example/src/cr_startup_lpc175x_6x.o
                0x0000000000000000                g_pfnVectors
                0x00000000000000cc                . = ALIGN (0x4)
                0x00000000000000cc                __section_table_start = .
                0x00000000000000cc                __data_section_table = .
                0x00000000000000cc        0x4 LONG 0xa1c4 LOADADDR (.data)
                0x00000000000000d0        0x4 LONG 0x2007c000 ADDR (.data)
                0x00000000000000d4        0x4 LONG 0x18 SIZEOF (.data)
                0x00000000000000d8        0x4 LONG 0xa1c4 LOADADDR (.data_RAM2)
                0x00000000000000dc        0x4 LONG 0x10000000 ADDR (.data_RAM2)
                0x00000000000000e0        0x4 LONG 0x0 SIZEOF (.data_RAM2)
                0x00000000000000e4                __data_section_table_end = .
                0x00000000000000e4                __bss_section_table = .
                0x00000000000000e4        0x4 LONG 0x2007c018 ADDR (.bss)
                0x00000000000000e8        0x4 LONG 0x26fc SIZEOF (.bss)
                0x00000000000000ec        0x4 LONG 0x10000000 ADDR (.bss_RAM2)
                0x00000000000000f0        0x4 LONG 0x1508 SIZEOF (.bss_RAM2)
                0x00000000000000f4                __bss_section_table_end = .
                0x00000000000000f4                __section_table_end = .
 *(.after_vectors*)
 .after_vectors
                0x00000000000000f4      0x12c ./example/src/cr_startup_lpc175x_6x.o
                0x00000000000000f4                data_init
                0x0000000000000136                bss_init
                0x000000000000016c                ResetISR
                0x00000000000001e4                NMI_Handler
                0x00000000000001ea                HardFault_Handler
                0x00000000000001f0                MemManage_Handler
                0x00000000000001f6                BusFault_Handler
                0x00000000000001fc                UsageFault_Handler
                0x0000000000000202                SVC_Handler
                0x0000000000000208                DebugMon_Handler
                0x000000000000020e                PendSV_Handler
                0x0000000000000214                SysTick_Handler
                0x000000000000021a                TIMER2_IRQHandler
                0x000000000000021a                RIT_IRQHandler
                0x000000000000021a                I2C0_IRQHandler
                0x000000000000021a                USBActivity_IRQHandler
                0x000000000000021a                PWM1_IRQHandler
                0x000000000000021a                I2C1_IRQHandler
                0x000000000000021a                EINT2_IRQHandler
                0x000000000000021a                UART1_IRQHandler
                0x000000000000021a                EINT3_IRQHandler
                0x000000000000021a                CANActivity_IRQHandler
                0x000000000000021a                TIMER3_IRQHandler
                0x000000000000021a                UART0_IRQHandler
                0x000000000000021a                IntDefaultHandler
                0x000000000000021a                PLL0_IRQHandler
                0x000000000000021a                CAN_IRQHandler
                0x000000000000021a                PLL1_IRQHandler
                0x000000000000021a                SSP0_IRQHandler
                0x000000000000021a                I2S_IRQHandler
                0x000000000000021a                I2C2_IRQHandler
                0x000000000000021a                RTC_IRQHandler
                0x000000000000021a                TIMER0_IRQHandler
                0x000000000000021a                SPI_IRQHandler
                0x000000000000021a                EINT1_IRQHandler
                0x000000000000021a                TIMER1_IRQHandler
                0x000000000000021a                UART2_IRQHandler
                0x000000000000021a                ADC_IRQHandler
                0x000000000000021a                SSP1_IRQHandler
                0x000000000000021a                BOD_IRQHandler
                0x000000000000021a                WDT_IRQHandler
                0x000000000000021a                QEI_IRQHandler
                0x000000000000021a                EINT0_IRQHandler
                0x000000000000021a                ETH_IRQHandler
                0x000000000000021a                DMA_IRQHandler
                0x000000000000021a                UART3_IRQHandler
                0x000000000000021a                MCPWM_IRQHandler
 *(.text*)
 .text.Align4k  0x0000000000000220       0x1c ./lpcusblib/Drivers/USB/Core/HCD/OHCI/OHCI.o
 .text.Offset4k
                0x000000000000023c       0x18 ./lpcusblib/Drivers/USB/Core/HCD/OHCI/OHCI.o
 .text.HcdGetDeviceSpeed
                0x0000000000000254       0x44 ./lpcusblib/Drivers/USB/Core/HCD/OHCI/OHCI.o
                0x0000000000000254                HcdGetDeviceSpeed
 .text.HcdGetFrameNumber
                0x0000000000000298       0x2c ./lpcusblib/Drivers/USB/Core/HCD/OHCI/OHCI.o
                0x0000000000000298                HcdGetFrameNumber
 .text.HcdRhPortReset
                0x00000000000002c4       0x44 ./lpcusblib/Drivers/USB/Core/HCD/OHCI/OHCI.o
                0x00000000000002c4                HcdRhPortReset
 .text.HcdInitDriver
                0x0000000000000308       0x48 ./lpcusblib/Drivers/USB/Core/HCD/OHCI/OHCI.o
                0x0000000000000308                HcdInitDriver
 .text.HcdDeInitDriver
                0x0000000000000350       0x24 ./lpcusblib/Drivers/USB/Core/HCD/OHCI/OHCI.o
                0x0000000000000350                HcdDeInitDriver
 .text.HcdOpenPipe
                0x0000000000000374      0x120 ./lpcusblib/Drivers/USB/Core/HCD/OHCI/OHCI.o
                0x0000000000000374                HcdOpenPipe
 .text.HcdCancelTransfer
                0x0000000000000494      0x120 ./lpcusblib/Drivers/USB/Core/HCD/OHCI/OHCI.o
                0x0000000000000494                HcdCancelTransfer
 .text.HcdClosePipe
                0x00000000000005b4       0x6a ./lpcusblib/Drivers/USB/Core/HCD/OHCI/OHCI.o
                0x00000000000005b4                HcdClosePipe
 .text.HcdClearEndpointHalt
                0x000000000000061e       0x62 ./lpcusblib/Drivers/USB/Core/HCD/OHCI/OHCI.o
                0x000000000000061e                HcdClearEndpointHalt
 .text.HcdControlTransfer
                0x0000000000000680      0x120 ./lpcusblib/Drivers/USB/Core/HCD/OHCI/OHCI.o
                0x0000000000000680                HcdControlTransfer
 .text.QueueOneITD
                0x00000000000007a0      0x16a ./lpcusblib/Drivers/USB/Core/HCD/OHCI/OHCI.o
 .text.QueueITDs
                0x000000000000090a       0x9e ./lpcusblib/Drivers/USB/Core/HCD/OHCI/OHCI.o
 .text.HcdDataTransfer
                0x00000000000009a8      0x120 ./lpcusblib/Drivers/USB/Core/HCD/OHCI/OHCI.o
                0x00000000000009a8                HcdDataTransfer
 .text.HcdGetPipeStatus
                0x0000000000000ac8       0x3c ./lpcusblib/Drivers/USB/Core/HCD/OHCI/OHCI.o
                0x0000000000000ac8                HcdGetPipeStatus
 .text.OHciRhStatusChangeIsr
                0x0000000000000b04       0x2c ./lpcusblib/Drivers/USB/Core/HCD/OHCI/OHCI.o
 .text.ProcessDoneQueue
                0x0000000000000b30      0x192 ./lpcusblib/Drivers/USB/Core/HCD/OHCI/OHCI.o
 *fill*         0x0000000000000cc2        0x2 ff
 .text.HcdIrqHandler
                0x0000000000000cc4      0x108 ./lpcusblib/Drivers/USB/Core/HCD/OHCI/OHCI.o
                0x0000000000000cc4                HcdIrqHandler
 .text.QueueOneGTD
                0x0000000000000dcc       0x9c ./lpcusblib/Drivers/USB/Core/HCD/OHCI/OHCI.o
 .text.QueueGTDs
                0x0000000000000e68       0x7a ./lpcusblib/Drivers/USB/Core/HCD/OHCI/OHCI.o
 .text.WaitForTransferComplete
                0x0000000000000ee2       0x32 ./lpcusblib/Drivers/USB/Core/HCD/OHCI/OHCI.o
 .text.InsertEndpoint
                0x0000000000000f14       0x5c ./lpcusblib/Drivers/USB/Core/HCD/OHCI/OHCI.o
 .text.RemoveEndpoint
                0x0000000000000f70       0x74 ./lpcusblib/Drivers/USB/Core/HCD/OHCI/OHCI.o
 .text.BuildPeriodicStaticEdTree
                0x0000000000000fe4       0x54 ./lpcusblib/Drivers/USB/Core/HCD/OHCI/OHCI.o
 .text.Align16  0x0000000000001038       0x18 ./lpcusblib/Drivers/USB/Core/HCD/OHCI/OHCI.o
 .text.HcdED    0x0000000000001050       0x24 ./lpcusblib/Drivers/USB/Core/HCD/OHCI/OHCI.o
 .text.HcdGTD   0x0000000000001074       0x24 ./lpcusblib/Drivers/USB/Core/HCD/OHCI/OHCI.o
 .text.HcdITD   0x0000000000001098       0x24 ./lpcusblib/Drivers/USB/Core/HCD/OHCI/OHCI.o
 .text.IsIsoEndpoint
                0x00000000000010bc       0x26 ./lpcusblib/Drivers/USB/Core/HCD/OHCI/OHCI.o
 .text.PipehandleCreate
                0x00000000000010e2       0x28 ./lpcusblib/Drivers/USB/Core/HCD/OHCI/OHCI.o
 .text.PipehandleParse
                0x000000000000110a       0x54 ./lpcusblib/Drivers/USB/Core/HCD/OHCI/OHCI.o
 .text.AllocEd  0x000000000000115e      0x1c6 ./lpcusblib/Drivers/USB/Core/HCD/OHCI/OHCI.o
 .text.AllocGtdForEd
                0x0000000000001324      0x110 ./lpcusblib/Drivers/USB/Core/HCD/OHCI/OHCI.o
 .text.AllocItdForEd
                0x0000000000001434      0x102 ./lpcusblib/Drivers/USB/Core/HCD/OHCI/OHCI.o
 .text.FreeED   0x0000000000001536       0x68 ./lpcusblib/Drivers/USB/Core/HCD/OHCI/OHCI.o
 .text.FreeGtd  0x000000000000159e       0x1e ./lpcusblib/Drivers/USB/Core/HCD/OHCI/OHCI.o
 .text.FreeItd  0x00000000000015bc       0x22 ./lpcusblib/Drivers/USB/Core/HCD/OHCI/OHCI.o
 *fill*         0x00000000000015de        0x2 ff
 .text.OHciHostInit
                0x00000000000015e0      0x108 ./lpcusblib/Drivers/USB/Core/HCD/OHCI/OHCI.o
 .text.OHciHostReset
                0x00000000000016e8       0x30 ./lpcusblib/Drivers/USB/Core/HCD/OHCI/OHCI.o
 .text.OHciHostOperational
                0x0000000000001718       0x2c ./lpcusblib/Drivers/USB/Core/HCD/OHCI/OHCI.o
 .text.HcdSetStreamPacketSize
                0x0000000000001744       0x16 ./lpcusblib/Drivers/USB/Core/HCD/OHCI/OHCI.o
                0x0000000000001744                HcdSetStreamPacketSize
 .text.HcdDelayUS
                0x000000000000175a       0x28 ./lpcusblib/Drivers/USB/Core/HCD/HCD.o
                0x000000000000175a                HcdDelayUS
 .text.HcdDelayMS
                0x0000000000001782       0x2c ./lpcusblib/Drivers/USB/Core/HCD/HCD.o
                0x0000000000001782                HcdDelayMS
 *fill*         0x00000000000017ae        0x2 ff
 .text.OpenPipe_VerifyParameters
                0x00000000000017b0      0x16c ./lpcusblib/Drivers/USB/Core/HCD/HCD.o
                0x00000000000017b0                OpenPipe_VerifyParameters
 .text.NVIC_EnableIRQ
                0x000000000000191c       0x30 ./lpcusblib/Drivers/USB/Core/HAL/LPC17XX/HAL_LPC17xx.o
 .text.Chip_Clock_GetPLLStatus
                0x000000000000194c       0x24 ./lpcusblib/Drivers/USB/Core/HAL/LPC17XX/HAL_LPC17xx.o
 .text.HAL_USBInit
                0x0000000000001970       0x74 ./lpcusblib/Drivers/USB/Core/HAL/LPC17XX/HAL_LPC17xx.o
                0x0000000000001970                HAL_USBInit
 .text.HAL_EnableUSBInterrupt
                0x00000000000019e4       0x18 ./lpcusblib/Drivers/USB/Core/HAL/LPC17XX/HAL_LPC17xx.o
                0x00000000000019e4                HAL_EnableUSBInterrupt
 .text.USB_IRQHandler
                0x00000000000019fc       0x20 ./lpcusblib/Drivers/USB/Core/HAL/LPC17XX/HAL_LPC17xx.o
                0x00000000000019fc                USB_IRQHandler
 .text.USB_GetNextDescriptor
                0x0000000000001a1c       0x4a ./lpcusblib/Drivers/USB/Core/ConfigDescriptor.o
 *fill*         0x0000000000001a66        0x2 ff
 .text.USB_Host_GetDeviceConfigDescriptor
                0x0000000000001a68       0xd0 ./lpcusblib/Drivers/USB/Core/ConfigDescriptor.o
                0x0000000000001a68                USB_Host_GetDeviceConfigDescriptor
 .text.USB_GetNextDescriptorComp
                0x0000000000001b38       0x5e ./lpcusblib/Drivers/USB/Core/ConfigDescriptor.o
                0x0000000000001b38                USB_GetNextDescriptorComp
 *fill*         0x0000000000001b96        0x2 ff
 .text.USB_Host_ProcessNextHostState
                0x0000000000001b98      0x2f0 ./lpcusblib/Drivers/USB/Core/Host.o
                0x0000000000001b98                USB_Host_ProcessNextHostState
 .text.USB_Host_WaitMS
                0x0000000000001e88       0x16 ./lpcusblib/Drivers/USB/Core/Host.o
                0x0000000000001e88                USB_Host_WaitMS
 *fill*         0x0000000000001e9e        0x2 ff
 .text.USB_Host_Enumerate
                0x0000000000001ea0       0x28 ./lpcusblib/Drivers/USB/Core/Host.o
                0x0000000000001ea0                USB_Host_Enumerate
 .text.USB_Host_DeEnumerate
                0x0000000000001ec8       0x68 ./lpcusblib/Drivers/USB/Core/Host.o
                0x0000000000001ec8                USB_Host_DeEnumerate
 .text.USB_Host_GetActiveHost
                0x0000000000001f30       0x14 ./lpcusblib/Drivers/USB/Core/Host.o
                0x0000000000001f30                USB_Host_GetActiveHost
 .text.USB_Host_SetDeviceSpeed
                0x0000000000001f44       0x28 ./lpcusblib/Drivers/USB/Core/Host.o
                0x0000000000001f44                USB_Host_SetDeviceSpeed
 .text.USB_Host_GetFrameNumber
                0x0000000000001f6c       0x18 ./lpcusblib/Drivers/USB/Core/Host.o
                0x0000000000001f6c                USB_Host_GetFrameNumber
 .text.USB_Host_SendControlRequest
                0x0000000000001f84      0x1ac ./lpcusblib/Drivers/USB/Core/HostStandardReq.o
                0x0000000000001f84                USB_Host_SendControlRequest
 .text.USB_Host_SetDeviceConfiguration
                0x0000000000002130       0x8c ./lpcusblib/Drivers/USB/Core/HostStandardReq.o
                0x0000000000002130                USB_Host_SetDeviceConfiguration
 .text.USB_Host_ClearEndpointStall
                0x00000000000021bc       0x60 ./lpcusblib/Drivers/USB/Core/HostStandardReq.o
                0x00000000000021bc                USB_Host_ClearEndpointStall
 .text.Pipe_ConfigurePipe
                0x000000000000221c      0x150 ./lpcusblib/Drivers/USB/Core/Pipe.o
                0x000000000000221c                Pipe_ConfigurePipe
 .text.Pipe_ClosePipe
                0x000000000000236c       0x8c ./lpcusblib/Drivers/USB/Core/Pipe.o
                0x000000000000236c                Pipe_ClosePipe
 .text.Pipe_IsEndpointBound
                0x00000000000023f8       0x16 ./lpcusblib/Drivers/USB/Core/Pipe.o
                0x00000000000023f8                Pipe_IsEndpointBound
 *fill*         0x000000000000240e        0x2 ff
 .text.Pipe_WaitUntilReady
                0x0000000000002410      0x16c ./lpcusblib/Drivers/USB/Core/Pipe.o
                0x0000000000002410                Pipe_WaitUntilReady
 .text.Pipe_IsINReceived
                0x000000000000257c       0xd0 ./lpcusblib/Drivers/USB/Core/Pipe.o
                0x000000000000257c                Pipe_IsINReceived
 .text.Pipe_Write_Stream_LE
                0x000000000000264c       0xfc ./lpcusblib/Drivers/USB/Core/PipeStream.o
                0x000000000000264c                Pipe_Write_Stream_LE
 .text.Pipe_Read_Stream_LE
                0x0000000000002748      0x300 ./lpcusblib/Drivers/USB/Core/PipeStream.o
                0x0000000000002748                Pipe_Read_Stream_LE
 .text.Pipe_Streaming
                0x0000000000002a48       0x78 ./lpcusblib/Drivers/USB/Core/PipeStream.o
                0x0000000000002a48                Pipe_Streaming
 .text.USB_Init
                0x0000000000002ac0       0x6c ./lpcusblib/Drivers/USB/Core/USBController.o
                0x0000000000002ac0                USB_Init
 .text.USB_ResetInterface
                0x0000000000002b2c       0x2c ./lpcusblib/Drivers/USB/Core/USBController.o
                0x0000000000002b2c                USB_ResetInterface
 .text.USB_Init_Host
                0x0000000000002b58       0x68 ./lpcusblib/Drivers/USB/Core/USBController.o
 .text.USB_Memory_Init
                0x0000000000002bc0       0x48 ./lpcusblib/Drivers/USB/Core/USBMemory.o
                0x0000000000002bc0                USB_Memory_Init
 .text.USB_Memory_Alloc
                0x0000000000002c08      0x124 ./lpcusblib/Drivers/USB/Core/USBMemory.o
                0x0000000000002c08                USB_Memory_Alloc
 .text.USB_Memory_Free
                0x0000000000002d2c      0x150 ./lpcusblib/Drivers/USB/Core/USBMemory.o
                0x0000000000002d2c                USB_Memory_Free
 .text.USB_USBTask
                0x0000000000002e7c       0x20 ./lpcusblib/Drivers/USB/Core/USBTask.o
                0x0000000000002e7c                USB_USBTask
 .text.USB_HostTask
                0x0000000000002e9c       0x48 ./lpcusblib/Drivers/USB/Core/USBTask.o
 .text.MS_Host_ConfigurePipes
                0x0000000000002ee4      0x180 ./lpcusblib/Drivers/USB/Class/Host/MassStorageClassHost.o
                0x0000000000002ee4                MS_Host_ConfigurePipes
 .text.DCOMP_MS_Host_NextMSInterface
                0x0000000000003064       0x40 ./lpcusblib/Drivers/USB/Class/Host/MassStorageClassHost.o
 .text.DCOMP_MS_Host_NextMSInterfaceEndpoint
                0x00000000000030a4       0x58 ./lpcusblib/Drivers/USB/Class/Host/MassStorageClassHost.o
 .text.MS_Host_SendCommand
                0x00000000000030fc      0x1a0 ./lpcusblib/Drivers/USB/Class/Host/MassStorageClassHost.o
 .text.MS_Host_WaitForDataReceived
                0x000000000000329c      0x1d4 ./lpcusblib/Drivers/USB/Class/Host/MassStorageClassHost.o
 .text.MS_Host_SendReceiveData
                0x0000000000003470       0xf4 ./lpcusblib/Drivers/USB/Class/Host/MassStorageClassHost.o
 .text.MS_Host_GetReturnedStatus
                0x0000000000003564       0xb8 ./lpcusblib/Drivers/USB/Class/Host/MassStorageClassHost.o
 .text.MS_Host_ResetMSInterface
                0x000000000000361c      0x104 ./lpcusblib/Drivers/USB/Class/Host/MassStorageClassHost.o
                0x000000000000361c                MS_Host_ResetMSInterface
 .text.MS_Host_GetMaxLUN
                0x0000000000003720       0x7c ./lpcusblib/Drivers/USB/Class/Host/MassStorageClassHost.o
                0x0000000000003720                MS_Host_GetMaxLUN
 .text.MS_Host_GetInquiryData
                0x000000000000379c       0x98 ./lpcusblib/Drivers/USB/Class/Host/MassStorageClassHost.o
                0x000000000000379c                MS_Host_GetInquiryData
 .text.MS_Host_TestUnitReady
                0x0000000000003834       0x78 ./lpcusblib/Drivers/USB/Class/Host/MassStorageClassHost.o
                0x0000000000003834                MS_Host_TestUnitReady
 .text.MS_Host_ReadDeviceCapacity
                0x00000000000038ac       0xd8 ./lpcusblib/Drivers/USB/Class/Host/MassStorageClassHost.o
                0x00000000000038ac                MS_Host_ReadDeviceCapacity
 .text.MS_Host_RequestSense
                0x0000000000003984       0x88 ./lpcusblib/Drivers/USB/Class/Host/MassStorageClassHost.o
                0x0000000000003984                MS_Host_RequestSense
 .text.MS_Host_ReadDeviceBlocks
                0x0000000000003a0c       0xbc ./lpcusblib/Drivers/USB/Class/Host/MassStorageClassHost.o
                0x0000000000003a0c                MS_Host_ReadDeviceBlocks
 .text.MS_Host_WriteDeviceBlocks
                0x0000000000003ac8       0xb8 ./lpcusblib/Drivers/USB/Class/Host/MassStorageClassHost.o
                0x0000000000003ac8                MS_Host_WriteDeviceBlocks
 .text.mem_cpy  0x0000000000003b80       0x3a ./fatfs/src/ff.o
 .text.mem_set  0x0000000000003bba       0x32 ./fatfs/src/ff.o
 .text.mem_cmp  0x0000000000003bec       0x4c ./fatfs/src/ff.o
 .text.chk_chr  0x0000000000003c38       0x34 ./fatfs/src/ff.o
 .text.move_window
                0x0000000000003c6c       0xb4 ./fatfs/src/ff.o
 .text.sync     0x0000000000003d20      0x142 ./fatfs/src/ff.o
 .text.clust2sect
                0x0000000000003e62       0x3c ./fatfs/src/ff.o
                0x0000000000003e62                clust2sect
 .text.get_fat  0x0000000000003e9e      0x15e ./fatfs/src/ff.o
                0x0000000000003e9e                get_fat
 .text.put_fat  0x0000000000003ffc      0x200 ./fatfs/src/ff.o
                0x0000000000003ffc                put_fat
 .text.remove_chain
                0x00000000000041fc       0x9e ./fatfs/src/ff.o
 .text.create_chain
                0x000000000000429a      0x112 ./fatfs/src/ff.o
 .text.dir_sdi  0x00000000000043ac      0x104 ./fatfs/src/ff.o
 .text.dir_next
                0x00000000000044b0      0x1a8 ./fatfs/src/ff.o
 .text.ld_clust
                0x0000000000004658       0x58 ./fatfs/src/ff.o
 .text.st_clust
                0x00000000000046b0       0x4c ./fatfs/src/ff.o
 .text.dir_find
                0x00000000000046fc       0x96 ./fatfs/src/ff.o
 .text.dir_read
                0x0000000000004792       0x96 ./fatfs/src/ff.o
 .text.dir_register
                0x0000000000004828       0xae ./fatfs/src/ff.o
 *fill*         0x00000000000048d6        0x2 ff
 .text.create_name
                0x00000000000048d8      0x230 ./fatfs/src/ff.o
 .text.get_fileinfo
                0x0000000000004b08      0x11a ./fatfs/src/ff.o
 .text.follow_path
                0x0000000000004c22       0xd4 ./fatfs/src/ff.o
 *fill*         0x0000000000004cf6        0x2 ff
 .text.check_fs
                0x0000000000004cf8       0xcc ./fatfs/src/ff.o
 .text.chk_mounted
                0x0000000000004dc4      0x548 ./fatfs/src/ff.o
 .text.validate
                0x000000000000530c       0x54 ./fatfs/src/ff.o
 .text.f_mount  0x0000000000005360       0x54 ./fatfs/src/ff.o
                0x0000000000005360                f_mount
 .text.f_open   0x00000000000053b4      0x278 ./fatfs/src/ff.o
                0x00000000000053b4                f_open
 .text.f_read   0x000000000000562c      0x2a0 ./fatfs/src/ff.o
                0x000000000000562c                f_read
 .text.f_write  0x00000000000058cc      0x302 ./fatfs/src/ff.o
                0x00000000000058cc                f_write
 .text.f_sync   0x0000000000005bce      0x150 ./fatfs/src/ff.o
                0x0000000000005bce                f_sync
 .text.f_close  0x0000000000005d1e       0x28 ./fatfs/src/ff.o
                0x0000000000005d1e                f_close
 .text.f_opendir
                0x0000000000005d46       0xbe ./fatfs/src/ff.o
                0x0000000000005d46                f_opendir
 .text.f_readdir
                0x0000000000005e04       0x84 ./fatfs/src/ff.o
                0x0000000000005e04                f_readdir
 .text.disk_initialize
                0x0000000000005e88       0x8c ./fatfs/src/fs_usb.o
                0x0000000000005e88                disk_initialize
 .text.disk_ioctl
                0x0000000000005f14       0xbc ./fatfs/src/fs_usb.o
                0x0000000000005f14                disk_ioctl
 .text.disk_read
                0x0000000000005fd0       0x60 ./fatfs/src/fs_usb.o
                0x0000000000005fd0                disk_read
 .text.disk_status
                0x0000000000006030       0x28 ./fatfs/src/fs_usb.o
                0x0000000000006030                disk_status
 .text.disk_write
                0x0000000000006058       0x60 ./fatfs/src/fs_usb.o
                0x0000000000006058                disk_write
 .text.rtc_initialize
                0x00000000000060b8       0x5c ./fatfs/src/rtc.o
                0x00000000000060b8                rtc_initialize
 .text.rtc_gettime
                0x0000000000006114       0x5c ./fatfs/src/rtc.o
                0x0000000000006114                rtc_gettime
 .text.get_fattime
                0x0000000000006170       0x3e ./fatfs/src/rtc.o
                0x0000000000006170                get_fattime
 .text.die      0x00000000000061ae       0x14 ./example/src/MassStorageHost.o
 *fill*         0x00000000000061c2        0x2 ff
 .text.SetupHardware
                0x00000000000061c4       0x28 ./example/src/MassStorageHost.o
 .text.USB_ReadWriteFile
                0x00000000000061ec      0x270 ./example/src/MassStorageHost.o
 .text.main     0x000000000000645c       0x24 ./example/src/MassStorageHost.o
                0x000000000000645c                main
 .text.EVENT_USB_Host_DeviceAttached
                0x0000000000006480       0x20 ./example/src/MassStorageHost.o
                0x0000000000006480                EVENT_USB_Host_DeviceAttached
 .text.EVENT_USB_Host_DeviceUnattached
                0x00000000000064a0       0x20 ./example/src/MassStorageHost.o
                0x00000000000064a0                EVENT_USB_Host_DeviceUnattached
 .text.EVENT_USB_Host_DeviceEnumerationComplete
                0x00000000000064c0      0x154 ./example/src/MassStorageHost.o
                0x00000000000064c0                EVENT_USB_Host_DeviceEnumerationComplete
 .text.EVENT_USB_Host_DeviceEnumerationFailed
                0x0000000000006614       0x3c ./example/src/MassStorageHost.o
                0x0000000000006614                EVENT_USB_Host_DeviceEnumerationFailed
 .text.FSUSB_DiskInit
                0x0000000000006650       0x14 ./example/src/MassStorageHost.o
                0x0000000000006650                FSUSB_DiskInit
 .text.FSUSB_DiskInsertWait
                0x0000000000006664       0x38 ./example/src/MassStorageHost.o
                0x0000000000006664                FSUSB_DiskInsertWait
 .text.FSUSB_DiskAcquire
                0x000000000000669c       0x9c ./example/src/MassStorageHost.o
                0x000000000000669c                FSUSB_DiskAcquire
 .text.FSUSB_DiskGetSectorCnt
                0x0000000000006738       0x1c ./example/src/MassStorageHost.o
                0x0000000000006738                FSUSB_DiskGetSectorCnt
 .text.FSUSB_DiskGetSectorSz
                0x0000000000006754       0x1c ./example/src/MassStorageHost.o
                0x0000000000006754                FSUSB_DiskGetSectorSz
 .text.FSUSB_DiskReadSectors
                0x0000000000006770       0x5c ./example/src/MassStorageHost.o
                0x0000000000006770                FSUSB_DiskReadSectors
 .text.FSUSB_DiskWriteSectors
                0x00000000000067cc       0x4c ./example/src/MassStorageHost.o
                0x00000000000067cc                FSUSB_DiskWriteSectors
 .text.FSUSB_DiskReadyWait
                0x0000000000006818       0x2c ./example/src/MassStorageHost.o
                0x0000000000006818                FSUSB_DiskReadyWait
 .text.SystemInit
                0x0000000000006844       0x24 ./example/src/sysinit.o
                0x0000000000006844                SystemInit
 .text.Chip_IOCON_Init
                0x0000000000006868       0x16 /home/parichey/Documents/MCUXpresso_10.3.0_2200/workspace/lpc_board_nxp_lpcxpresso_1769/Debug/liblpc_board_nxp_lpcxpresso_1769.a(board.o)
 .text.Chip_GPIO_Init
                0x000000000000687e       0x16 /home/parichey/Documents/MCUXpresso_10.3.0_2200/workspace/lpc_board_nxp_lpcxpresso_1769/Debug/liblpc_board_nxp_lpcxpresso_1769.a(board.o)
 .text.Chip_GPIO_SetPinDIROutput
                0x0000000000006894       0x36 /home/parichey/Documents/MCUXpresso_10.3.0_2200/workspace/lpc_board_nxp_lpcxpresso_1769/Debug/liblpc_board_nxp_lpcxpresso_1769.a(board.o)
 .text.Chip_GPIO_SetPinDIRInput
                0x00000000000068ca       0x3a /home/parichey/Documents/MCUXpresso_10.3.0_2200/workspace/lpc_board_nxp_lpcxpresso_1769/Debug/liblpc_board_nxp_lpcxpresso_1769.a(board.o)
 .text.Chip_GPIO_SetPinDIR
                0x0000000000006904       0x42 /home/parichey/Documents/MCUXpresso_10.3.0_2200/workspace/lpc_board_nxp_lpcxpresso_1769/Debug/liblpc_board_nxp_lpcxpresso_1769.a(board.o)
 .text.Chip_GPIO_WriteDirBit
                0x0000000000006946       0x2e /home/parichey/Documents/MCUXpresso_10.3.0_2200/workspace/lpc_board_nxp_lpcxpresso_1769/Debug/liblpc_board_nxp_lpcxpresso_1769.a(board.o)
 .text.Chip_UART_SendByte
                0x0000000000006974       0x1c /home/parichey/Documents/MCUXpresso_10.3.0_2200/workspace/lpc_board_nxp_lpcxpresso_1769/Debug/liblpc_board_nxp_lpcxpresso_1769.a(board.o)
 .text.Chip_UART_ConfigData
                0x0000000000006990       0x1a /home/parichey/Documents/MCUXpresso_10.3.0_2200/workspace/lpc_board_nxp_lpcxpresso_1769/Debug/liblpc_board_nxp_lpcxpresso_1769.a(board.o)
 .text.Chip_UART_ReadLineStatus
                0x00000000000069aa       0x16 /home/parichey/Documents/MCUXpresso_10.3.0_2200/workspace/lpc_board_nxp_lpcxpresso_1769/Debug/liblpc_board_nxp_lpcxpresso_1769.a(board.o)
 .text.__sys_write
                0x00000000000069c0       0x38 /home/parichey/Documents/MCUXpresso_10.3.0_2200/workspace/lpc_board_nxp_lpcxpresso_1769/Debug/liblpc_board_nxp_lpcxpresso_1769.a(board.o)
                0x00000000000069c0                __sys_write
 .text.Board_LED_Init
                0x00000000000069f8       0x18 /home/parichey/Documents/MCUXpresso_10.3.0_2200/workspace/lpc_board_nxp_lpcxpresso_1769/Debug/liblpc_board_nxp_lpcxpresso_1769.a(board.o)
 .text.Board_UART_Init
                0x0000000000006a10       0x12 /home/parichey/Documents/MCUXpresso_10.3.0_2200/workspace/lpc_board_nxp_lpcxpresso_1769/Debug/liblpc_board_nxp_lpcxpresso_1769.a(board.o)
                0x0000000000006a10                Board_UART_Init
 *fill*         0x0000000000006a22        0x2 ff
 .text.Board_Debug_Init
                0x0000000000006a24       0x30 /home/parichey/Documents/MCUXpresso_10.3.0_2200/workspace/lpc_board_nxp_lpcxpresso_1769/Debug/liblpc_board_nxp_lpcxpresso_1769.a(board.o)
                0x0000000000006a24                Board_Debug_Init
 .text.Board_UARTPutChar
                0x0000000000006a54       0x34 /home/parichey/Documents/MCUXpresso_10.3.0_2200/workspace/lpc_board_nxp_lpcxpresso_1769/Debug/liblpc_board_nxp_lpcxpresso_1769.a(board.o)
                0x0000000000006a54                Board_UARTPutChar
 .text.Board_Init
                0x0000000000006a88       0x24 /home/parichey/Documents/MCUXpresso_10.3.0_2200/workspace/lpc_board_nxp_lpcxpresso_1769/Debug/liblpc_board_nxp_lpcxpresso_1769.a(board.o)
                0x0000000000006a88                Board_Init
 .text.Chip_SYSCTL_SetFLASHAccess
                0x0000000000006aac       0x30 /home/parichey/Documents/MCUXpresso_10.3.0_2200/workspace/lpc_board_nxp_lpcxpresso_1769/Debug/liblpc_board_nxp_lpcxpresso_1769.a(board_sysinit.o)
 .text.Board_SetupMuxing
                0x0000000000006adc       0x1c /home/parichey/Documents/MCUXpresso_10.3.0_2200/workspace/lpc_board_nxp_lpcxpresso_1769/Debug/liblpc_board_nxp_lpcxpresso_1769.a(board_sysinit.o)
                0x0000000000006adc                Board_SetupMuxing
 .text.Board_SetupClocking
                0x0000000000006af8       0x12 /home/parichey/Documents/MCUXpresso_10.3.0_2200/workspace/lpc_board_nxp_lpcxpresso_1769/Debug/liblpc_board_nxp_lpcxpresso_1769.a(board_sysinit.o)
                0x0000000000006af8                Board_SetupClocking
 .text.Board_SystemInit
                0x0000000000006b0a       0x10 /home/parichey/Documents/MCUXpresso_10.3.0_2200/workspace/lpc_board_nxp_lpcxpresso_1769/Debug/liblpc_board_nxp_lpcxpresso_1769.a(board_sysinit.o)
                0x0000000000006b0a                Board_SystemInit
 *fill*         0x0000000000006b1a        0x2 ff
 .text.Chip_Clock_IsUSBPLLLocked
                0x0000000000006b1c       0x24 /home/parichey/Documents/MCUXpresso_10.3.0_2200/workspace/lpc_chip_175x_6x/Debug/liblpc_chip_175x_6x.a(chip_17xx_40xx.o)
 .text.Chip_Clock_IsUSBPLLConnected
                0x0000000000006b40       0x24 /home/parichey/Documents/MCUXpresso_10.3.0_2200/workspace/lpc_chip_175x_6x/Debug/liblpc_chip_175x_6x.a(chip_17xx_40xx.o)
 .text.SystemCoreClockUpdate
                0x0000000000006b64       0x18 /home/parichey/Documents/MCUXpresso_10.3.0_2200/workspace/lpc_chip_175x_6x/Debug/liblpc_chip_175x_6x.a(chip_17xx_40xx.o)
                0x0000000000006b64                SystemCoreClockUpdate
 .text.Chip_USB_Init
                0x0000000000006b7c       0x4c /home/parichey/Documents/MCUXpresso_10.3.0_2200/workspace/lpc_chip_175x_6x/Debug/liblpc_chip_175x_6x.a(chip_17xx_40xx.o)
                0x0000000000006b7c                Chip_USB_Init
 .text.Chip_Clock_IsMainPLLEnabled
                0x0000000000006bc8       0x24 /home/parichey/Documents/MCUXpresso_10.3.0_2200/workspace/lpc_chip_175x_6x/Debug/liblpc_chip_175x_6x.a(clock_17xx_40xx.o)
 .text.Chip_Clock_IsMainPLLConnected
                0x0000000000006bec       0x24 /home/parichey/Documents/MCUXpresso_10.3.0_2200/workspace/lpc_chip_175x_6x/Debug/liblpc_chip_175x_6x.a(clock_17xx_40xx.o)
 .text.Chip_Clock_FeedPLL
                0x0000000000006c10       0x34 /home/parichey/Documents/MCUXpresso_10.3.0_2200/workspace/lpc_chip_175x_6x/Debug/liblpc_chip_175x_6x.a(clock_17xx_40xx.o)
 .text.Chip_Clock_GetMainPLLSource
                0x0000000000006c44       0x20 /home/parichey/Documents/MCUXpresso_10.3.0_2200/workspace/lpc_chip_175x_6x/Debug/liblpc_chip_175x_6x.a(clock_17xx_40xx.o)
 .text.Chip_Clock_GetMainOscRate
                0x0000000000006c64       0x14 /home/parichey/Documents/MCUXpresso_10.3.0_2200/workspace/lpc_chip_175x_6x/Debug/liblpc_chip_175x_6x.a(clock_17xx_40xx.o)
 .text.Chip_Clock_GetIntOscRate
                0x0000000000006c78       0x14 /home/parichey/Documents/MCUXpresso_10.3.0_2200/workspace/lpc_chip_175x_6x/Debug/liblpc_chip_175x_6x.a(clock_17xx_40xx.o)
 .text.Chip_Clock_GetRTCOscRate
                0x0000000000006c8c       0x14 /home/parichey/Documents/MCUXpresso_10.3.0_2200/workspace/lpc_chip_175x_6x/Debug/liblpc_chip_175x_6x.a(clock_17xx_40xx.o)
 .text.Chip_Clock_GetMainPLLInClockRate
                0x0000000000006ca0        0xe /home/parichey/Documents/MCUXpresso_10.3.0_2200/workspace/lpc_chip_175x_6x/Debug/liblpc_chip_175x_6x.a(clock_17xx_40xx.o)
 *fill*         0x0000000000006cae        0x2 ff
 .text.Chip_Clock_EnablePLL
                0x0000000000006cb0       0x44 /home/parichey/Documents/MCUXpresso_10.3.0_2200/workspace/lpc_chip_175x_6x/Debug/liblpc_chip_175x_6x.a(clock_17xx_40xx.o)
                0x0000000000006cb0                Chip_Clock_EnablePLL
 .text.Chip_Clock_DisablePLL
                0x0000000000006cf4       0x48 /home/parichey/Documents/MCUXpresso_10.3.0_2200/workspace/lpc_chip_175x_6x/Debug/liblpc_chip_175x_6x.a(clock_17xx_40xx.o)
                0x0000000000006cf4                Chip_Clock_DisablePLL
 .text.Chip_Clock_SetupPLL
                0x0000000000006d3c       0x5c /home/parichey/Documents/MCUXpresso_10.3.0_2200/workspace/lpc_chip_175x_6x/Debug/liblpc_chip_175x_6x.a(clock_17xx_40xx.o)
                0x0000000000006d3c                Chip_Clock_SetupPLL
 .text.Chip_Clock_EnablePeriphClock
                0x0000000000006d98       0x34 /home/parichey/Documents/MCUXpresso_10.3.0_2200/workspace/lpc_chip_175x_6x/Debug/liblpc_chip_175x_6x.a(clock_17xx_40xx.o)
                0x0000000000006d98                Chip_Clock_EnablePeriphClock
 .text.Chip_Clock_GetCPUClockSource
                0x0000000000006dcc       0x24 /home/parichey/Documents/MCUXpresso_10.3.0_2200/workspace/lpc_chip_175x_6x/Debug/liblpc_chip_175x_6x.a(clock_17xx_40xx.o)
                0x0000000000006dcc                Chip_Clock_GetCPUClockSource
 .text.Chip_Clock_SetCPUClockDiv
                0x0000000000006df0       0x20 /home/parichey/Documents/MCUXpresso_10.3.0_2200/workspace/lpc_chip_175x_6x/Debug/liblpc_chip_175x_6x.a(clock_17xx_40xx.o)
                0x0000000000006df0                Chip_Clock_SetCPUClockDiv
 .text.Chip_Clock_GetCPUClockDiv
                0x0000000000006e10       0x1c /home/parichey/Documents/MCUXpresso_10.3.0_2200/workspace/lpc_chip_175x_6x/Debug/liblpc_chip_175x_6x.a(clock_17xx_40xx.o)
                0x0000000000006e10                Chip_Clock_GetCPUClockDiv
 .text.Chip_Clock_GetPCLKDiv
                0x0000000000006e2c       0x8c /home/parichey/Documents/MCUXpresso_10.3.0_2200/workspace/lpc_chip_175x_6x/Debug/liblpc_chip_175x_6x.a(clock_17xx_40xx.o)
                0x0000000000006e2c                Chip_Clock_GetPCLKDiv
 .text.Chip_Clock_GetSYSCLKRate
                0x0000000000006eb8       0x34 /home/parichey/Documents/MCUXpresso_10.3.0_2200/workspace/lpc_chip_175x_6x/Debug/liblpc_chip_175x_6x.a(clock_17xx_40xx.o)
                0x0000000000006eb8                Chip_Clock_GetSYSCLKRate
 .text.Chip_Clock_GetMainPLLOutClockRate
                0x0000000000006eec       0x54 /home/parichey/Documents/MCUXpresso_10.3.0_2200/workspace/lpc_chip_175x_6x/Debug/liblpc_chip_175x_6x.a(clock_17xx_40xx.o)
                0x0000000000006eec                Chip_Clock_GetMainPLLOutClockRate
 .text.Chip_Clock_GetMainClockRate
                0x0000000000006f40       0x28 /home/parichey/Documents/MCUXpresso_10.3.0_2200/workspace/lpc_chip_175x_6x/Debug/liblpc_chip_175x_6x.a(clock_17xx_40xx.o)
                0x0000000000006f40                Chip_Clock_GetMainClockRate
 .text.Chip_Clock_GetSystemClockRate
                0x0000000000006f68       0x18 /home/parichey/Documents/MCUXpresso_10.3.0_2200/workspace/lpc_chip_175x_6x/Debug/liblpc_chip_175x_6x.a(clock_17xx_40xx.o)
                0x0000000000006f68                Chip_Clock_GetSystemClockRate
 .text.Chip_Clock_GetPeripheralClockRate
                0x0000000000006f80       0x26 /home/parichey/Documents/MCUXpresso_10.3.0_2200/workspace/lpc_chip_175x_6x/Debug/liblpc_chip_175x_6x.a(clock_17xx_40xx.o)
                0x0000000000006f80                Chip_Clock_GetPeripheralClockRate
 .text.Chip_IOCON_PinMuxSet
                0x0000000000006fa6       0x36 /home/parichey/Documents/MCUXpresso_10.3.0_2200/workspace/lpc_chip_175x_6x/Debug/liblpc_chip_175x_6x.a(iocon_17xx_40xx.o)
                0x0000000000006fa6                Chip_IOCON_PinMuxSet
 .text.Chip_IOCON_PinMux
                0x0000000000006fdc       0x94 /home/parichey/Documents/MCUXpresso_10.3.0_2200/workspace/lpc_chip_175x_6x/Debug/liblpc_chip_175x_6x.a(iocon_17xx_40xx.o)
                0x0000000000006fdc                Chip_IOCON_PinMux
 .text.Chip_IOCON_SetPinMuxing
                0x0000000000007070       0x62 /home/parichey/Documents/MCUXpresso_10.3.0_2200/workspace/lpc_chip_175x_6x/Debug/liblpc_chip_175x_6x.a(iocon_17xx_40xx.o)
                0x0000000000007070                Chip_IOCON_SetPinMuxing
 .text.Chip_RTC_Init
                0x00000000000070d2       0x4e /home/parichey/Documents/MCUXpresso_10.3.0_2200/workspace/lpc_chip_175x_6x/Debug/liblpc_chip_175x_6x.a(rtc_17xx_40xx.o)
                0x00000000000070d2                Chip_RTC_Init
 .text.Chip_RTC_ResetClockTickCounter
                0x0000000000007120       0x42 /home/parichey/Documents/MCUXpresso_10.3.0_2200/workspace/lpc_chip_175x_6x/Debug/liblpc_chip_175x_6x.a(rtc_17xx_40xx.o)
                0x0000000000007120                Chip_RTC_ResetClockTickCounter
 .text.Chip_RTC_Enable
                0x0000000000007162       0x42 /home/parichey/Documents/MCUXpresso_10.3.0_2200/workspace/lpc_chip_175x_6x/Debug/liblpc_chip_175x_6x.a(rtc_17xx_40xx.o)
                0x0000000000007162                Chip_RTC_Enable
 .text.Chip_RTC_GetFullTime
                0x00000000000071a4       0x56 /home/parichey/Documents/MCUXpresso_10.3.0_2200/workspace/lpc_chip_175x_6x/Debug/liblpc_chip_175x_6x.a(rtc_17xx_40xx.o)
                0x00000000000071a4                Chip_RTC_GetFullTime
 .text.Chip_RTC_SetFullAlarmTime
                0x00000000000071fa       0x38 /home/parichey/Documents/MCUXpresso_10.3.0_2200/workspace/lpc_chip_175x_6x/Debug/liblpc_chip_175x_6x.a(rtc_17xx_40xx.o)
                0x00000000000071fa                Chip_RTC_SetFullAlarmTime
 .text.Chip_RTC_CalibCounterCmd
                0x0000000000007232       0x42 /home/parichey/Documents/MCUXpresso_10.3.0_2200/workspace/lpc_chip_175x_6x/Debug/liblpc_chip_175x_6x.a(rtc_17xx_40xx.o)
                0x0000000000007232                Chip_RTC_CalibCounterCmd
 .text.Chip_Clock_IsMainPLLEnabled
                0x0000000000007274       0x24 /home/parichey/Documents/MCUXpresso_10.3.0_2200/workspace/lpc_chip_175x_6x/Debug/liblpc_chip_175x_6x.a(sysinit_17xx_40xx.o)
 .text.Chip_Clock_IsMainPLLLocked
                0x0000000000007298       0x24 /home/parichey/Documents/MCUXpresso_10.3.0_2200/workspace/lpc_chip_175x_6x/Debug/liblpc_chip_175x_6x.a(sysinit_17xx_40xx.o)
 .text.Chip_Clock_IsMainPLLConnected
                0x00000000000072bc       0x24 /home/parichey/Documents/MCUXpresso_10.3.0_2200/workspace/lpc_chip_175x_6x/Debug/liblpc_chip_175x_6x.a(sysinit_17xx_40xx.o)
 .text.Chip_Clock_EnableCrystal
                0x00000000000072e0       0x20 /home/parichey/Documents/MCUXpresso_10.3.0_2200/workspace/lpc_chip_175x_6x/Debug/liblpc_chip_175x_6x.a(sysinit_17xx_40xx.o)
 .text.Chip_Clock_IsCrystalEnabled
                0x0000000000007300       0x24 /home/parichey/Documents/MCUXpresso_10.3.0_2200/workspace/lpc_chip_175x_6x/Debug/liblpc_chip_175x_6x.a(sysinit_17xx_40xx.o)
 .text.Chip_Clock_SetMainPLLSource
                0x0000000000007324       0x20 /home/parichey/Documents/MCUXpresso_10.3.0_2200/workspace/lpc_chip_175x_6x/Debug/liblpc_chip_175x_6x.a(sysinit_17xx_40xx.o)
 .text.Chip_SetupXtalClocking
                0x0000000000007344       0x90 /home/parichey/Documents/MCUXpresso_10.3.0_2200/workspace/lpc_chip_175x_6x/Debug/liblpc_chip_175x_6x.a(sysinit_17xx_40xx.o)
                0x0000000000007344                Chip_SetupXtalClocking
 .text.Chip_UART_SetupFIFOS
                0x00000000000073d4       0x1a /home/parichey/Documents/MCUXpresso_10.3.0_2200/workspace/lpc_chip_175x_6x/Debug/liblpc_chip_175x_6x.a(uart_17xx_40xx.o)
 .text.Chip_UART_ConfigData
                0x00000000000073ee       0x1a /home/parichey/Documents/MCUXpresso_10.3.0_2200/workspace/lpc_chip_175x_6x/Debug/liblpc_chip_175x_6x.a(uart_17xx_40xx.o)
 .text.Chip_UART_EnableDivisorAccess
                0x0000000000007408       0x1e /home/parichey/Documents/MCUXpresso_10.3.0_2200/workspace/lpc_chip_175x_6x/Debug/liblpc_chip_175x_6x.a(uart_17xx_40xx.o)
 .text.Chip_UART_DisableDivisorAccess
                0x0000000000007426       0x1e /home/parichey/Documents/MCUXpresso_10.3.0_2200/workspace/lpc_chip_175x_6x/Debug/liblpc_chip_175x_6x.a(uart_17xx_40xx.o)
 .text.Chip_UART_SetDivisorLatches
                0x0000000000007444       0x26 /home/parichey/Documents/MCUXpresso_10.3.0_2200/workspace/lpc_chip_175x_6x/Debug/liblpc_chip_175x_6x.a(uart_17xx_40xx.o)
 *fill*         0x000000000000746a        0x2 ff
 .text.Chip_UART_GetClockIndex
                0x000000000000746c       0x50 /home/parichey/Documents/MCUXpresso_10.3.0_2200/workspace/lpc_chip_175x_6x/Debug/liblpc_chip_175x_6x.a(uart_17xx_40xx.o)
 .text.Chip_UART_GetClkIndex
                0x00000000000074bc       0x50 /home/parichey/Documents/MCUXpresso_10.3.0_2200/workspace/lpc_chip_175x_6x/Debug/liblpc_chip_175x_6x.a(uart_17xx_40xx.o)
 .text.Chip_UART_Init
                0x000000000000750c       0x78 /home/parichey/Documents/MCUXpresso_10.3.0_2200/workspace/lpc_chip_175x_6x/Debug/liblpc_chip_175x_6x.a(uart_17xx_40xx.o)
                0x000000000000750c                Chip_UART_Init
 .text.Chip_UART_TXEnable
                0x0000000000007584       0x18 /home/parichey/Documents/MCUXpresso_10.3.0_2200/workspace/lpc_chip_175x_6x/Debug/liblpc_chip_175x_6x.a(uart_17xx_40xx.o)
                0x0000000000007584                Chip_UART_TXEnable
 .text.Chip_UART_TXDisable
                0x000000000000759c       0x18 /home/parichey/Documents/MCUXpresso_10.3.0_2200/workspace/lpc_chip_175x_6x/Debug/liblpc_chip_175x_6x.a(uart_17xx_40xx.o)
                0x000000000000759c                Chip_UART_TXDisable
 .text.Chip_UART_SetBaud
                0x00000000000075b4       0x62 /home/parichey/Documents/MCUXpresso_10.3.0_2200/workspace/lpc_chip_175x_6x/Debug/liblpc_chip_175x_6x.a(uart_17xx_40xx.o)
                0x00000000000075b4                Chip_UART_SetBaud
 .text.__main   0x0000000000007616        0xe /usr/local/mcuxpressoide-10.3.0_2200/ide/plugins/com.nxp.mcuxpresso.tools.linux_10.3.0.201811011841/tools/bin/../lib/gcc/arm-none-eabi/7.3.1/../../../../arm-none-eabi/lib/thumb/v7-m/libcr_nohost.a(_cr__main.o)
                0x0000000000007616                __main
 .text.memset   0x0000000000007624        0x4 /usr/local/mcuxpressoide-10.3.0_2200/ide/plugins/com.nxp.mcuxpresso.tools.linux_10.3.0.201811011841/tools/bin/../lib/gcc/arm-none-eabi/7.3.1/../../../../arm-none-eabi/lib/thumb/v7-m/libcr_c.a(memset.o)
                0x0000000000007624                memset
 .text.fp_round
                0x0000000000007628       0x4c /usr/local/mcuxpressoide-10.3.0_2200/ide/plugins/com.nxp.mcuxpresso.tools.linux_10.3.0.201811011841/tools/bin/../lib/gcc/arm-none-eabi/7.3.1/../../../../arm-none-eabi/lib/thumb/v7-m/libcr_c.a(fpprintf.o)
 .text.pr_dec.constprop.1
                0x0000000000007674       0x26 /usr/local/mcuxpressoide-10.3.0_2200/ide/plugins/com.nxp.mcuxpresso.tools.linux_10.3.0.201811011841/tools/bin/../lib/gcc/arm-none-eabi/7.3.1/../../../../arm-none-eabi/lib/thumb/v7-m/libcr_c.a(fpprintf.o)
 *fill*         0x000000000000769a        0x2 ff
 .text.sprintf  0x000000000000769c       0x6c /usr/local/mcuxpressoide-10.3.0_2200/ide/plugins/com.nxp.mcuxpresso.tools.linux_10.3.0.201811011841/tools/bin/../lib/gcc/arm-none-eabi/7.3.1/../../../../arm-none-eabi/lib/thumb/v7-m/libcr_c.a(fpprintf.o)
                0x000000000000769c                sprintf
 .text.fp_display
                0x0000000000007708      0x96c /usr/local/mcuxpressoide-10.3.0_2200/ide/plugins/com.nxp.mcuxpresso.tools.linux_10.3.0.201811011841/tools/bin/../lib/gcc/arm-none-eabi/7.3.1/../../../../arm-none-eabi/lib/thumb/v7-m/libcr_c.a(fpprintf.o)
 .text.vsnprintf
                0x0000000000008074       0x68 /usr/local/mcuxpressoide-10.3.0_2200/ide/plugins/com.nxp.mcuxpresso.tools.linux_10.3.0.201811011841/tools/bin/../lib/gcc/arm-none-eabi/7.3.1/../../../../arm-none-eabi/lib/thumb/v7-m/libcr_c.a(fpprintf.o)
                0x0000000000008074                vsnprintf
 .text.printf   0x00000000000080dc       0x54 /usr/local/mcuxpressoide-10.3.0_2200/ide/plugins/com.nxp.mcuxpresso.tools.linux_10.3.0.201811011841/tools/bin/../lib/gcc/arm-none-eabi/7.3.1/../../../../arm-none-eabi/lib/thumb/v7-m/libcr_c.a(fpprintf.o)
                0x00000000000080dc                printf
 .text._initio  0x0000000000008130       0x78 /usr/local/mcuxpressoide-10.3.0_2200/ide/plugins/com.nxp.mcuxpresso.tools.linux_10.3.0.201811011841/tools/bin/../lib/gcc/arm-none-eabi/7.3.1/../../../../arm-none-eabi/lib/thumb/v7-m/libcr_c.a(initio.o)
                0x0000000000008130                _initio
 .text.__vfprintf
                0x00000000000081a8      0xb8c /usr/local/mcuxpressoide-10.3.0_2200/ide/plugins/com.nxp.mcuxpresso.tools.linux_10.3.0.201811011841/tools/bin/../lib/gcc/arm-none-eabi/7.3.1/../../../../arm-none-eabi/lib/thumb/v7-m/libcr_c.a(printf.o)
                0x00000000000081a8                __vfprintf
 .text.setvbuf  0x0000000000008d34       0x40 /usr/local/mcuxpressoide-10.3.0_2200/ide/plugins/com.nxp.mcuxpresso.tools.linux_10.3.0.201811011841/tools/bin/../lib/gcc/arm-none-eabi/7.3.1/../../../../arm-none-eabi/lib/thumb/v7-m/libcr_c.a(setvbuf.o)
                0x0000000000008d34                setvbuf
 .text.strlen   0x0000000000008d74       0x4a /usr/local/mcuxpressoide-10.3.0_2200/ide/plugins/com.nxp.mcuxpresso.tools.linux_10.3.0.201811011841/tools/bin/../lib/gcc/arm-none-eabi/7.3.1/../../../../arm-none-eabi/lib/thumb/v7-m/libcr_c.a(strlen.o)
                0x0000000000008d74                strlen
 .text._deferredlazyseek
                0x0000000000008dbe       0x40 /usr/local/mcuxpressoide-10.3.0_2200/ide/plugins/com.nxp.mcuxpresso.tools.linux_10.3.0.201811011841/tools/bin/../lib/gcc/arm-none-eabi/7.3.1/../../../../arm-none-eabi/lib/thumb/v7-m/libcr_c.a(_deferredlazyseek.o)
                0x0000000000008dbe                _deferredlazyseek
 .text.__flsbuf
                0x0000000000008dfe      0x140 /usr/local/mcuxpressoide-10.3.0_2200/ide/plugins/com.nxp.mcuxpresso.tools.linux_10.3.0.201811011841/tools/bin/../lib/gcc/arm-none-eabi/7.3.1/../../../../arm-none-eabi/lib/thumb/v7-m/libcr_c.a(_deferredlazyseek.o)
                0x0000000000008dfe                __flsbuf
 .text._fdopen  0x0000000000008f3e       0x68 /usr/local/mcuxpressoide-10.3.0_2200/ide/plugins/com.nxp.mcuxpresso.tools.linux_10.3.0.201811011841/tools/bin/../lib/gcc/arm-none-eabi/7.3.1/../../../../arm-none-eabi/lib/thumb/v7-m/libcr_c.a(_fdopen.o)
                0x0000000000008f3e                _fdopen
 .text._fflush  0x0000000000008fa6       0x52 /usr/local/mcuxpressoide-10.3.0_2200/ide/plugins/com.nxp.mcuxpresso.tools.linux_10.3.0.201811011841/tools/bin/../lib/gcc/arm-none-eabi/7.3.1/../../../../arm-none-eabi/lib/thumb/v7-m/libcr_c.a(_fflush.o)
                0x0000000000008fa6                _fflush
 .text._frexpl  0x0000000000008ff8       0x56 /usr/local/mcuxpressoide-10.3.0_2200/ide/plugins/com.nxp.mcuxpresso.tools.linux_10.3.0.201811011841/tools/bin/../lib/gcc/arm-none-eabi/7.3.1/../../../../arm-none-eabi/lib/thumb/v7-m/libcr_c.a(_frexpl.o)
                0x0000000000008ff8                _frexpl
 *fill*         0x000000000000904e        0x2 ff
 .text._ldexpl  0x0000000000009050       0x4c /usr/local/mcuxpressoide-10.3.0_2200/ide/plugins/com.nxp.mcuxpresso.tools.linux_10.3.0.201811011841/tools/bin/../lib/gcc/arm-none-eabi/7.3.1/../../../../arm-none-eabi/lib/thumb/v7-m/libcr_c.a(_ldexpl.o)
                0x0000000000009050                _ldexpl
 .text._Cwritebuf
                0x000000000000909c       0x6c /usr/local/mcuxpressoide-10.3.0_2200/ide/plugins/com.nxp.mcuxpresso.tools.linux_10.3.0.201811011841/tools/bin/../lib/gcc/arm-none-eabi/7.3.1/../../../../arm-none-eabi/lib/thumb/v7-m/libcr_c.a(_writebuf.o)
                0x000000000000909c                _Cwritebuf
 .text.malloc   0x0000000000009108       0xc8 /usr/local/mcuxpressoide-10.3.0_2200/ide/plugins/com.nxp.mcuxpresso.tools.linux_10.3.0.201811011841/tools/bin/../lib/gcc/arm-none-eabi/7.3.1/../../../../arm-none-eabi/lib/thumb/v7-m/libcr_c.a(alloc.o)
                0x0000000000009108                malloc
 .text.free     0x00000000000091d0       0x30 /usr/local/mcuxpressoide-10.3.0_2200/ide/plugins/com.nxp.mcuxpresso.tools.linux_10.3.0.201811011841/tools/bin/../lib/gcc/arm-none-eabi/7.3.1/../../../../arm-none-eabi/lib/thumb/v7-m/libcr_c.a(alloc.o)
                0x00000000000091d0                free
 .text._Csys_alloc
                0x0000000000009200       0x20 /usr/local/mcuxpressoide-10.3.0_2200/ide/plugins/com.nxp.mcuxpresso.tools.linux_10.3.0.201811011841/tools/bin/../lib/gcc/arm-none-eabi/7.3.1/../../../../arm-none-eabi/lib/thumb/v7-m/libcr_c.a(alloc.o)
                0x0000000000009200                _Csys_alloc
 .text.fclose   0x0000000000009220       0x58 /usr/local/mcuxpressoide-10.3.0_2200/ide/plugins/com.nxp.mcuxpresso.tools.linux_10.3.0.201811011841/tools/bin/../lib/gcc/arm-none-eabi/7.3.1/../../../../arm-none-eabi/lib/thumb/v7-m/libcr_c.a(fclose.o)
                0x0000000000009220                fclose
 .text.fflush   0x0000000000009278       0x44 /usr/local/mcuxpressoide-10.3.0_2200/ide/plugins/com.nxp.mcuxpresso.tools.linux_10.3.0.201811011841/tools/bin/../lib/gcc/arm-none-eabi/7.3.1/../../../../arm-none-eabi/lib/thumb/v7-m/libcr_c.a(fflush.o)
                0x0000000000009278                fflush
 .text.fseek    0x00000000000092bc      0x100 /usr/local/mcuxpressoide-10.3.0_2200/ide/plugins/com.nxp.mcuxpresso.tools.linux_10.3.0.201811011841/tools/bin/../lib/gcc/arm-none-eabi/7.3.1/../../../../arm-none-eabi/lib/thumb/v7-m/libcr_c.a(fseek.o)
                0x00000000000092bc                fseek
 .text.ftell    0x00000000000093bc       0x44 /usr/local/mcuxpressoide-10.3.0_2200/ide/plugins/com.nxp.mcuxpresso.tools.linux_10.3.0.201811011841/tools/bin/../lib/gcc/arm-none-eabi/7.3.1/../../../../arm-none-eabi/lib/thumb/v7-m/libcr_c.a(ftell.o)
                0x00000000000093bc                ftell
 .text.remove   0x0000000000009400       0x14 /usr/local/mcuxpressoide-10.3.0_2200/ide/plugins/com.nxp.mcuxpresso.tools.linux_10.3.0.201811011841/tools/bin/../lib/gcc/arm-none-eabi/7.3.1/../../../../arm-none-eabi/lib/thumb/v7-m/libcr_c.a(remove.o)
                0x0000000000009400                remove
 .text._sbrk    0x0000000000009414       0x3c /usr/local/mcuxpressoide-10.3.0_2200/ide/plugins/com.nxp.mcuxpresso.tools.linux_10.3.0.201811011841/tools/bin/../lib/gcc/arm-none-eabi/7.3.1/../../../../arm-none-eabi/lib/thumb/v7-m/libcr_c.a(_cr_sbrk.o)
                0x0000000000009414                _sbrk
 .text._do_fflush
                0x0000000000009450       0x40 /usr/local/mcuxpressoide-10.3.0_2200/ide/plugins/com.nxp.mcuxpresso.tools.linux_10.3.0.201811011841/tools/bin/../lib/gcc/arm-none-eabi/7.3.1/../../../../arm-none-eabi/lib/thumb/v7-m/libcr_c.a(_do_fflush.o)
                0x0000000000009450                _do_fflush
 .text.__check_heap_overflow
                0x0000000000009490       0x18 /usr/local/mcuxpressoide-10.3.0_2200/ide/plugins/com.nxp.mcuxpresso.tools.linux_10.3.0.201811011841/tools/bin/../lib/gcc/arm-none-eabi/7.3.1/../../../../arm-none-eabi/lib/thumb/v7-m/libcr_c.a(_cr_check_heap.o)
                0x0000000000009490                __check_heap_overflow
 .text.__aeabi_dmul
                0x00000000000094a8      0x10c /usr/local/mcuxpressoide-10.3.0_2200/ide/plugins/com.nxp.mcuxpresso.tools.linux_10.3.0.201811011841/tools/bin/../lib/gcc/arm-none-eabi/7.3.1/thumb/v7-m/libcr_eabihelpers.a(double.o)
                0x00000000000094a8                __aeabi_dmul
 .text.__aeabi_ddiv
                0x00000000000095b4      0x130 /usr/local/mcuxpressoide-10.3.0_2200/ide/plugins/com.nxp.mcuxpresso.tools.linux_10.3.0.201811011841/tools/bin/../lib/gcc/arm-none-eabi/7.3.1/thumb/v7-m/libcr_eabihelpers.a(double.o)
                0x00000000000095b4                __aeabi_ddiv
 .text.__aeabi_dsub
                0x00000000000096e4      0x1b0 /usr/local/mcuxpressoide-10.3.0_2200/ide/plugins/com.nxp.mcuxpresso.tools.linux_10.3.0.201811011841/tools/bin/../lib/gcc/arm-none-eabi/7.3.1/thumb/v7-m/libcr_eabihelpers.a(double.o)
                0x00000000000096e4                __aeabi_dsub
 .text.__aeabi_dadd
                0x0000000000009894      0x10c /usr/local/mcuxpressoide-10.3.0_2200/ide/plugins/com.nxp.mcuxpresso.tools.linux_10.3.0.201811011841/tools/bin/../lib/gcc/arm-none-eabi/7.3.1/thumb/v7-m/libcr_eabihelpers.a(double.o)
                0x0000000000009894                __aeabi_dadd
 .text.__aeabi_d2iz
                0x00000000000099a0       0x40 /usr/local/mcuxpressoide-10.3.0_2200/ide/plugins/com.nxp.mcuxpresso.tools.linux_10.3.0.201811011841/tools/bin/../lib/gcc/arm-none-eabi/7.3.1/thumb/v7-m/libcr_eabihelpers.a(double.o)
                0x00000000000099a0                __aeabi_d2iz
 .text.__bhs_ui2d
                0x00000000000099e0       0x46 /usr/local/mcuxpressoide-10.3.0_2200/ide/plugins/com.nxp.mcuxpresso.tools.linux_10.3.0.201811011841/tools/bin/../lib/gcc/arm-none-eabi/7.3.1/thumb/v7-m/libcr_eabihelpers.a(double.o)
                0x00000000000099e0                __bhs_ui2d
 .text.__aeabi_i2d
                0x0000000000009a26       0x12 /usr/local/mcuxpressoide-10.3.0_2200/ide/plugins/com.nxp.mcuxpresso.tools.linux_10.3.0.201811011841/tools/bin/../lib/gcc/arm-none-eabi/7.3.1/thumb/v7-m/libcr_eabihelpers.a(double.o)
                0x0000000000009a26                __aeabi_i2d
 .text.__aeabi_dcmpeq
                0x0000000000009a38       0x2c /usr/local/mcuxpressoide-10.3.0_2200/ide/plugins/com.nxp.mcuxpresso.tools.linux_10.3.0.201811011841/tools/bin/../lib/gcc/arm-none-eabi/7.3.1/thumb/v7-m/libcr_eabihelpers.a(double.o)
                0x0000000000009a38                __aeabi_dcmpeq
 .text.__aeabi_dcmplt
                0x0000000000009a64       0x54 /usr/local/mcuxpressoide-10.3.0_2200/ide/plugins/com.nxp.mcuxpresso.tools.linux_10.3.0.201811011841/tools/bin/../lib/gcc/arm-none-eabi/7.3.1/thumb/v7-m/libcr_eabihelpers.a(double.o)
                0x0000000000009a64                __aeabi_dcmplt
 .text.__aeabi_dcmple
                0x0000000000009ab8       0x54 /usr/local/mcuxpressoide-10.3.0_2200/ide/plugins/com.nxp.mcuxpresso.tools.linux_10.3.0.201811011841/tools/bin/../lib/gcc/arm-none-eabi/7.3.1/thumb/v7-m/libcr_eabihelpers.a(double.o)
                0x0000000000009ab8                __aeabi_dcmple
 .text.__aeabi_dcmpge
                0x0000000000009b0c       0x54 /usr/local/mcuxpressoide-10.3.0_2200/ide/plugins/com.nxp.mcuxpresso.tools.linux_10.3.0.201811011841/tools/bin/../lib/gcc/arm-none-eabi/7.3.1/thumb/v7-m/libcr_eabihelpers.a(double.o)
                0x0000000000009b0c                __aeabi_dcmpge
 .text.__aeabi_memset_lowlevel
                0x0000000000009b60       0x32 /usr/local/mcuxpressoide-10.3.0_2200/ide/plugins/com.nxp.mcuxpresso.tools.linux_10.3.0.201811011841/tools/bin/../lib/gcc/arm-none-eabi/7.3.1/thumb/v7-m/libcr_eabihelpers.a(memcpy.o)
                0x0000000000009b60                __aeabi_lowlevel_memset
 .text.__sys_appexit
                0x0000000000009b92        0x2 /usr/local/mcuxpressoide-10.3.0_2200/ide/plugins/com.nxp.mcuxpresso.tools.linux_10.3.0.201811011841/tools/bin/../lib/gcc/arm-none-eabi/7.3.1/../../../../arm-none-eabi/lib/thumb/v7-m/libcr_nohost.a(__sys_appexit.o)
                0x0000000000009b92                __exit
                0x0000000000009b92                __sys_appexit
 .text.__sys_close
                0x0000000000009b94        0x6 /usr/local/mcuxpressoide-10.3.0_2200/ide/plugins/com.nxp.mcuxpresso.tools.linux_10.3.0.201811011841/tools/bin/../lib/gcc/arm-none-eabi/7.3.1/../../../../arm-none-eabi/lib/thumb/v7-m/libcr_nohost.a(__sys_close.o)
                0x0000000000009b94                __sys_close
 .text.__sys_flen
                0x0000000000009b9a        0x6 /usr/local/mcuxpressoide-10.3.0_2200/ide/plugins/com.nxp.mcuxpresso.tools.linux_10.3.0.201811011841/tools/bin/../lib/gcc/arm-none-eabi/7.3.1/../../../../arm-none-eabi/lib/thumb/v7-m/libcr_nohost.a(__sys_flen.o)
                0x0000000000009b9a                __sys_flen
 .text.__sys_istty
                0x0000000000009ba0        0x6 /usr/local/mcuxpressoide-10.3.0_2200/ide/plugins/com.nxp.mcuxpresso.tools.linux_10.3.0.201811011841/tools/bin/../lib/gcc/arm-none-eabi/7.3.1/../../../../arm-none-eabi/lib/thumb/v7-m/libcr_nohost.a(__sys_istty.o)
                0x0000000000009ba0                __sys_istty
 .text.__sys_remove
                0x0000000000009ba6        0x6 /usr/local/mcuxpressoide-10.3.0_2200/ide/plugins/com.nxp.mcuxpresso.tools.linux_10.3.0.201811011841/tools/bin/../lib/gcc/arm-none-eabi/7.3.1/../../../../arm-none-eabi/lib/thumb/v7-m/libcr_nohost.a(__sys_remove.o)
                0x0000000000009ba6                __sys_remove
 .text.__sys_seek
                0x0000000000009bac        0x6 /usr/local/mcuxpressoide-10.3.0_2200/ide/plugins/com.nxp.mcuxpresso.tools.linux_10.3.0.201811011841/tools/bin/../lib/gcc/arm-none-eabi/7.3.1/../../../../arm-none-eabi/lib/thumb/v7-m/libcr_nohost.a(__sys_seek.o)
                0x0000000000009bac                __sys_seek
 .text.__sys_tmpnam
                0x0000000000009bb2        0x6 /usr/local/mcuxpressoide-10.3.0_2200/ide/plugins/com.nxp.mcuxpresso.tools.linux_10.3.0.201811011841/tools/bin/../lib/gcc/arm-none-eabi/7.3.1/../../../../arm-none-eabi/lib/thumb/v7-m/libcr_nohost.a(__sys_tmpnam.o)
                0x0000000000009bb2                __sys_tmpnam
 *(.rodata .rodata.* .constdata .constdata.*)
 .rodata        0x0000000000009bb8       0x10 ./lpcusblib/Drivers/USB/Core/Host.o
 .rodata        0x0000000000009bc8        0xf ./fatfs/src/ff.o
 *fill*         0x0000000000009bd7        0x1 ff
 .rodata        0x0000000000009bd8       0x1d ./fatfs/src/fs_usb.o
 *fill*         0x0000000000009bf5        0x3 ff
 .rodata        0x0000000000009bf8      0x4d2 ./example/src/MassStorageHost.o
 *fill*         0x000000000000a0ca        0x2 ff
 .rodata.OscRateIn
                0x000000000000a0cc        0x4 /home/parichey/Documents/MCUXpresso_10.3.0_2200/workspace/lpc_board_nxp_lpcxpresso_1769/Debug/liblpc_board_nxp_lpcxpresso_1769.a(board.o)
                0x000000000000a0cc                OscRateIn
 .rodata.RTCOscRateIn
                0x000000000000a0d0        0x4 /home/parichey/Documents/MCUXpresso_10.3.0_2200/workspace/lpc_board_nxp_lpcxpresso_1769/Debug/liblpc_board_nxp_lpcxpresso_1769.a(board.o)
                0x000000000000a0d0                RTCOscRateIn
 .rodata.pinmuxing
                0x000000000000a0d4       0x5c /home/parichey/Documents/MCUXpresso_10.3.0_2200/workspace/lpc_board_nxp_lpcxpresso_1769/Debug/liblpc_board_nxp_lpcxpresso_1769.a(board_sysinit.o)
 .rodata.fp_display.str1.1
                0x000000000000a130       0x34 /usr/local/mcuxpressoide-10.3.0_2200/ide/plugins/com.nxp.mcuxpresso.tools.linux_10.3.0.201811011841/tools/bin/../lib/gcc/arm-none-eabi/7.3.1/../../../../arm-none-eabi/lib/thumb/v7-m/libcr_c.a(fpprintf.o)
                                         0x35 (size before relaxing)
 .rodata._initio.str1.1
                0x000000000000a164        0x4 /usr/local/mcuxpressoide-10.3.0_2200/ide/plugins/com.nxp.mcuxpresso.tools.linux_10.3.0.201811011841/tools/bin/../lib/gcc/arm-none-eabi/7.3.1/../../../../arm-none-eabi/lib/thumb/v7-m/libcr_c.a(initio.o)
 .rodata.__vfprintf.str1.1
                0x000000000000a168       0x31 /usr/local/mcuxpressoide-10.3.0_2200/ide/plugins/com.nxp.mcuxpresso.tools.linux_10.3.0.201811011841/tools/bin/../lib/gcc/arm-none-eabi/7.3.1/../../../../arm-none-eabi/lib/thumb/v7-m/libcr_c.a(printf.o)
                                         0x38 (size before relaxing)
 .rodata._Csys_alloc.str1.1
                0x000000000000a199       0x18 /usr/local/mcuxpressoide-10.3.0_2200/ide/plugins/com.nxp.mcuxpresso.tools.linux_10.3.0.201811011841/tools/bin/../lib/gcc/arm-none-eabi/7.3.1/../../../../arm-none-eabi/lib/thumb/v7-m/libcr_c.a(alloc.o)
 *fill*         0x000000000000a1b1        0x7 ff
 .rodata.__huge_vall
                0x000000000000a1b8        0x8 /usr/local/mcuxpressoide-10.3.0_2200/ide/plugins/com.nxp.mcuxpresso.tools.linux_10.3.0.201811011841/tools/bin/../lib/gcc/arm-none-eabi/7.3.1/../../../../arm-none-eabi/lib/thumb/v7-m/libcr_c.a(_hugeval.o)
                0x000000000000a1b8                __huge_vall
 .rodata.__num_Ciob_streams
                0x000000000000a1c0        0x4 /usr/local/mcuxpressoide-10.3.0_2200/ide/plugins/com.nxp.mcuxpresso.tools.linux_10.3.0.201811011841/tools/bin/../lib/gcc/arm-none-eabi/7.3.1/../../../../arm-none-eabi/lib/thumb/v7-m/libcr_nohost.a(__ciob.o)
                0x000000000000a1c0                __num_Ciob_streams
                0x000000000000a1c4                . = ALIGN (0x4)

.glue_7         0x000000000000a1c4        0x0
 .glue_7        0x000000000000a1c4        0x0 linker stubs

.glue_7t        0x000000000000a1c4        0x0
 .glue_7t       0x000000000000a1c4        0x0 linker stubs

.vfp11_veneer   0x000000000000a1c4        0x0
 .vfp11_veneer  0x000000000000a1c4        0x0 linker stubs

.v4_bx          0x000000000000a1c4        0x0
 .v4_bx         0x000000000000a1c4        0x0 linker stubs

.iplt           0x000000000000a1c4        0x0
 .iplt          0x000000000000a1c4        0x0 ./lpcusblib/Drivers/USB/Core/HCD/OHCI/OHCI.o

.rel.dyn        0x000000000000a1c4        0x0
 .rel.iplt      0x000000000000a1c4        0x0 ./lpcusblib/Drivers/USB/Core/HCD/OHCI/OHCI.o

.ARM.extab
 *(.ARM.extab* .gnu.linkonce.armextab.*)
                0x000000000000a1c4                __exidx_start = .

.ARM.exidx
 *(.ARM.exidx* .gnu.linkonce.armexidx.*)
                0x000000000000a1c4                __exidx_end = .
                0x000000000000a1c4                _etext = .

.data_RAM2      0x0000000010000000        0x0 load address 0x000000000000a1c4
 FILL mask 0xff
                [!provide]                        PROVIDE (__start_data_RAM2 = .)
 *(.ramfunc.$RAM2)
 *(.ramfunc.$RamLoc32)
 *(.data.$RAM2*)
 *(.data.$RamLoc32*)
                0x0000000010000000                . = ALIGN (0x4)
                [!provide]                        PROVIDE (__end_data_RAM2 = .)

.uninit_RESERVED
                0x000000002007c000        0x0
 *(.bss.$RESERVED*)
                0x000000002007c000                . = ALIGN (0x4)
                0x000000002007c000                _end_uninit_RESERVED = .

.data           0x000000002007c000       0x18 load address 0x000000000000a1c4
 FILL mask 0xff
                0x000000002007c000                _data = .
 *(vtable)
 *(.ramfunc*)
 *(.data*)
 .data.Stat     0x000000002007c000        0x1 ./fatfs/src/fs_usb.o
 *fill*         0x000000002007c001        0x3 ff
 .data.FlashDisk_MS_Interface
                0x000000002007c004       0x14 ./example/src/MassStorageHost.o
                0x000000002007c018                . = ALIGN (0x4)
                0x000000002007c018                _edata = .

.igot.plt       0x000000002007c018        0x0 load address 0x000000000000a1dc
 .igot.plt      0x000000002007c018        0x0 ./lpcusblib/Drivers/USB/Core/HCD/OHCI/OHCI.o

.bss_RAM2       0x0000000010000000     0x1508
                [!provide]                        PROVIDE (__start_bss_RAM2 = .)
 *(.bss.$RAM2*)
 .bss.$RAM2     0x0000000010000000      0x500 ./lpcusblib/Drivers/USB/Core/HCD/OHCI/OHCI.o
                0x0000000010000000                ohci_data
 .bss.$RAM2     0x0000000010000500     0x1000 ./lpcusblib/Drivers/USB/Core/USBMemory.o
 .bss.$RAM2     0x0000000010001500        0x8 ./lpcusblib/Drivers/USB/Core/USBTask.o
                0x0000000010001500                USB_ControlRequest
 *(.bss.$RamLoc32*)
                0x0000000010001508                . = ALIGN ((. != 0x0)?0x4:0x1)
                [!provide]                        PROVIDE (__end_bss_RAM2 = .)

.bss            0x000000002007c018     0x26fc
                0x000000002007c018                _bss = .
 *(.bss*)
 .bss.WaitMSRemaining.8413
                0x000000002007c018        0x2 ./lpcusblib/Drivers/USB/Core/Host.o
 .bss.PostWaitState.8414
                0x000000002007c01a        0x1 ./lpcusblib/Drivers/USB/Core/Host.o
 .bss.Mem_IsInitialized
                0x000000002007c01b        0x1 ./lpcusblib/Drivers/USB/Core/USBController.o
                0x000000002007c01b                Mem_IsInitialized
 .bss.FatFs     0x000000002007c01c        0x4 ./fatfs/src/ff.o
 .bss.Fsid      0x000000002007c020        0x2 ./fatfs/src/ff.o
 *fill*         0x000000002007c022        0x2 
 .bss.hDisk     0x000000002007c024        0x4 ./fatfs/src/fs_usb.o
 .bss.init.7300
                0x000000002007c028        0x4 ./fatfs/src/rtc.o
 .bss.DiskCapacity
                0x000000002007c02c        0x8 ./example/src/MassStorageHost.o
 .bss.buffer    0x000000002007c034     0x2000 ./example/src/MassStorageHost.o
 .bss.fatFS     0x000000002007e034      0x230 ./example/src/MassStorageHost.o
 .bss.fileObj   0x000000002007e264      0x224 ./example/src/MassStorageHost.o
 .bss.errno     0x000000002007e488        0x4 /usr/local/mcuxpressoide-10.3.0_2200/ide/plugins/com.nxp.mcuxpresso.tools.linux_10.3.0.201811011841/tools/bin/../lib/gcc/arm-none-eabi/7.3.1/../../../../arm-none-eabi/lib/thumb/v7-m/libcr_c.a(errno.o)
                0x000000002007e488                errno
 .bss.__end_of_heap
                0x000000002007e48c        0x4 /usr/local/mcuxpressoide-10.3.0_2200/ide/plugins/com.nxp.mcuxpresso.tools.linux_10.3.0.201811011841/tools/bin/../lib/gcc/arm-none-eabi/7.3.1/../../../../arm-none-eabi/lib/thumb/v7-m/libcr_c.a(__init_alloc.o)
                0x000000002007e48c                __end_of_heap
 .bss.__heaps   0x000000002007e490        0x4 /usr/local/mcuxpressoide-10.3.0_2200/ide/plugins/com.nxp.mcuxpresso.tools.linux_10.3.0.201811011841/tools/bin/../lib/gcc/arm-none-eabi/7.3.1/../../../../arm-none-eabi/lib/thumb/v7-m/libcr_c.a(__init_alloc.o)
                0x000000002007e490                __heaps
 .bss.__Ciob    0x000000002007e494      0x1e0 /usr/local/mcuxpressoide-10.3.0_2200/ide/plugins/com.nxp.mcuxpresso.tools.linux_10.3.0.201811011841/tools/bin/../lib/gcc/arm-none-eabi/7.3.1/../../../../arm-none-eabi/lib/thumb/v7-m/libcr_nohost.a(__ciob.o)
                0x000000002007e494                __Ciob
 *(COMMON)
 COMMON         0x000000002007e674        0x1 ./lpcusblib/Drivers/USB/Core/Host.o
                0x000000002007e674                USB_Host_ControlPipeSize
 COMMON         0x000000002007e675        0x1 ./lpcusblib/Drivers/USB/Core/HostStandardReq.o
                0x000000002007e675                USB_Host_ConfigurationNumber
 *fill*         0x000000002007e676        0x2 
 COMMON         0x000000002007e678       0x89 ./lpcusblib/Drivers/USB/Core/Pipe.o
                0x000000002007e678                hostportspeed
                0x000000002007e67c                PipeInfo
                0x000000002007e6fc                hostselected
                0x000000002007e700                pipeselected
 *fill*         0x000000002007e701        0x3 
 COMMON         0x000000002007e704        0x1 ./lpcusblib/Drivers/USB/Core/USBController.o
                0x000000002007e704                USB_CurrentMode
 *fill*         0x000000002007e705        0x3 
 COMMON         0x000000002007e708        0x5 ./lpcusblib/Drivers/USB/Core/USBTask.o
                0x000000002007e708                USB_IsInitialized
                0x000000002007e70c                USB_HostState
 *fill*         0x000000002007e70d        0x3 
 COMMON         0x000000002007e710        0x4 /home/parichey/Documents/MCUXpresso_10.3.0_2200/workspace/lpc_chip_175x_6x/Debug/liblpc_chip_175x_6x.a(chip_17xx_40xx.o)
                0x000000002007e710                SystemCoreClock
                0x000000002007e714                . = ALIGN (0x4)
                0x000000002007e714                _ebss = .
                [!provide]                        PROVIDE (end = .)

.noinit_RAM2    0x0000000010001508        0x0
 *(.noinit.$RAM2*)
 *(.noinit.$RamLoc32*)
                0x0000000010001508                . = ALIGN (0x4)

.noinit         0x000000002007e714        0x0
                0x000000002007e714                _noinit = .
 *(.noinit*)
                0x000000002007e714                . = ALIGN (0x4)
                0x000000002007e714                _end_noinit = .
                0x000000002007e714                PROVIDE (_pvHeapStart = DEFINED (__user_heap_base)?__user_heap_base:.)
                0x0000000020084000                PROVIDE (_vStackTop = DEFINED (__user_stack_top)?__user_stack_top:(__top_RamAHB32 - 0x0))
                [!provide]                        PROVIDE (__valid_user_code_checksum = (0x0 - ((((((_vStackTop + (ResetISR + 0x1)) + (NMI_Handler + 0x1)) + (HardFault_Handler + 0x1)) + (DEFINED (MemManage_Handler)?MemManage_Handler:0x0 + 0x1)) + (DEFINED (BusFault_Handler)?BusFault_Handler:0x0 + 0x1)) + (DEFINED (UsageFault_Handler)?UsageFault_Handler:0x0 + 0x1))))
                0x0000000000000000                _image_start = LOADADDR (.text)
                0x000000000000a1dc                _image_end = (LOADADDR (.data) + SIZEOF (.data))
                0x000000000000a1dc                _image_size = (_image_end - _image_start)
OUTPUT(lpcusblib_MassStorageHost.axf elf32-littlearm)

.debug_info     0x0000000000000000    0x10b56
 .debug_info    0x0000000000000000     0x1efe ./lpcusblib/Drivers/USB/Core/HCD/OHCI/OHCI.o
 .debug_info    0x0000000000001efe      0x6af ./lpcusblib/Drivers/USB/Core/HCD/HCD.o
 .debug_info    0x00000000000025ad      0xae3 ./lpcusblib/Drivers/USB/Core/HAL/LPC17XX/HAL_LPC17xx.o
 .debug_info    0x0000000000003090      0x89e ./lpcusblib/Drivers/USB/Core/ConfigDescriptor.o
 .debug_info    0x000000000000392e      0x992 ./lpcusblib/Drivers/USB/Core/Host.o
 .debug_info    0x00000000000042c0      0x915 ./lpcusblib/Drivers/USB/Core/HostStandardReq.o
 .debug_info    0x0000000000004bd5      0x8df ./lpcusblib/Drivers/USB/Core/Pipe.o
 .debug_info    0x00000000000054b4      0xb5e ./lpcusblib/Drivers/USB/Core/PipeStream.o
 .debug_info    0x0000000000006012      0x6b4 ./lpcusblib/Drivers/USB/Core/USBController.o
 .debug_info    0x00000000000066c6      0x5df ./lpcusblib/Drivers/USB/Core/USBMemory.o
 .debug_info    0x0000000000006ca5      0x5b4 ./lpcusblib/Drivers/USB/Core/USBTask.o
 .debug_info    0x0000000000007259     0x174a ./lpcusblib/Drivers/USB/Class/Host/MassStorageClassHost.o
 .debug_info    0x00000000000089a3     0x1670 ./fatfs/src/ff.o
 .debug_info    0x000000000000a013      0x763 ./fatfs/src/fs_usb.o
 .debug_info    0x000000000000a776      0x4e5 ./fatfs/src/rtc.o
 .debug_info    0x000000000000ac5b     0x111b ./example/src/MassStorageHost.o
 .debug_info    0x000000000000bd76      0x251 ./example/src/cr_startup_lpc175x_6x.o
 .debug_info    0x000000000000bfc7      0x232 ./example/src/sysinit.o
 .debug_info    0x000000000000c1f9     0x150a /home/parichey/Documents/MCUXpresso_10.3.0_2200/workspace/lpc_board_nxp_lpcxpresso_1769/Debug/liblpc_board_nxp_lpcxpresso_1769.a(board.o)
 .debug_info    0x000000000000d703      0x6c3 /home/parichey/Documents/MCUXpresso_10.3.0_2200/workspace/lpc_board_nxp_lpcxpresso_1769/Debug/liblpc_board_nxp_lpcxpresso_1769.a(board_sysinit.o)
 .debug_info    0x000000000000ddc6      0x558 /home/parichey/Documents/MCUXpresso_10.3.0_2200/workspace/lpc_chip_175x_6x/Debug/liblpc_chip_175x_6x.a(chip_17xx_40xx.o)
 .debug_info    0x000000000000e31e      0xba2 /home/parichey/Documents/MCUXpresso_10.3.0_2200/workspace/lpc_chip_175x_6x/Debug/liblpc_chip_175x_6x.a(clock_17xx_40xx.o)
 .debug_info    0x000000000000eec0      0x31e /home/parichey/Documents/MCUXpresso_10.3.0_2200/workspace/lpc_chip_175x_6x/Debug/liblpc_chip_175x_6x.a(iocon_17xx_40xx.o)
 .debug_info    0x000000000000f1de      0x5ef /home/parichey/Documents/MCUXpresso_10.3.0_2200/workspace/lpc_chip_175x_6x/Debug/liblpc_chip_175x_6x.a(rtc_17xx_40xx.o)
 .debug_info    0x000000000000f7cd      0x474 /home/parichey/Documents/MCUXpresso_10.3.0_2200/workspace/lpc_chip_175x_6x/Debug/liblpc_chip_175x_6x.a(sysinit_17xx_40xx.o)
 .debug_info    0x000000000000fc41      0xf15 /home/parichey/Documents/MCUXpresso_10.3.0_2200/workspace/lpc_chip_175x_6x/Debug/liblpc_chip_175x_6x.a(uart_17xx_40xx.o)

.debug_abbrev   0x0000000000000000     0x3411
 .debug_abbrev  0x0000000000000000      0x3f0 ./lpcusblib/Drivers/USB/Core/HCD/OHCI/OHCI.o
 .debug_abbrev  0x00000000000003f0      0x165 ./lpcusblib/Drivers/USB/Core/HCD/HCD.o
 .debug_abbrev  0x0000000000000555      0x23d ./lpcusblib/Drivers/USB/Core/HAL/LPC17XX/HAL_LPC17xx.o
 .debug_abbrev  0x0000000000000792      0x1f9 ./lpcusblib/Drivers/USB/Core/ConfigDescriptor.o
 .debug_abbrev  0x000000000000098b      0x284 ./lpcusblib/Drivers/USB/Core/Host.o
 .debug_abbrev  0x0000000000000c0f      0x1f4 ./lpcusblib/Drivers/USB/Core/HostStandardReq.o
 .debug_abbrev  0x0000000000000e03      0x1f6 ./lpcusblib/Drivers/USB/Core/Pipe.o
 .debug_abbrev  0x0000000000000ff9      0x21f ./lpcusblib/Drivers/USB/Core/PipeStream.o
 .debug_abbrev  0x0000000000001218      0x173 ./lpcusblib/Drivers/USB/Core/USBController.o
 .debug_abbrev  0x000000000000138b      0x181 ./lpcusblib/Drivers/USB/Core/USBMemory.o
 .debug_abbrev  0x000000000000150c      0x192 ./lpcusblib/Drivers/USB/Core/USBTask.o
 .debug_abbrev  0x000000000000169e      0x2cc ./lpcusblib/Drivers/USB/Class/Host/MassStorageClassHost.o
 .debug_abbrev  0x000000000000196a      0x1af ./fatfs/src/ff.o
 .debug_abbrev  0x0000000000001b19      0x16b ./fatfs/src/fs_usb.o
 .debug_abbrev  0x0000000000001c84      0x198 ./fatfs/src/rtc.o
 .debug_abbrev  0x0000000000001e1c      0x2fe ./example/src/MassStorageHost.o
 .debug_abbrev  0x000000000000211a      0x103 ./example/src/cr_startup_lpc175x_6x.o
 .debug_abbrev  0x000000000000221d       0xdd ./example/src/sysinit.o
 .debug_abbrev  0x00000000000022fa      0x3c8 /home/parichey/Documents/MCUXpresso_10.3.0_2200/workspace/lpc_board_nxp_lpcxpresso_1769/Debug/liblpc_board_nxp_lpcxpresso_1769.a(board.o)
 .debug_abbrev  0x00000000000026c2      0x180 /home/parichey/Documents/MCUXpresso_10.3.0_2200/workspace/lpc_board_nxp_lpcxpresso_1769/Debug/liblpc_board_nxp_lpcxpresso_1769.a(board_sysinit.o)
 .debug_abbrev  0x0000000000002842      0x151 /home/parichey/Documents/MCUXpresso_10.3.0_2200/workspace/lpc_chip_175x_6x/Debug/liblpc_chip_175x_6x.a(chip_17xx_40xx.o)
 .debug_abbrev  0x0000000000002993      0x309 /home/parichey/Documents/MCUXpresso_10.3.0_2200/workspace/lpc_chip_175x_6x/Debug/liblpc_chip_175x_6x.a(clock_17xx_40xx.o)
 .debug_abbrev  0x0000000000002c9c      0x14a /home/parichey/Documents/MCUXpresso_10.3.0_2200/workspace/lpc_chip_175x_6x/Debug/liblpc_chip_175x_6x.a(iocon_17xx_40xx.o)
 .debug_abbrev  0x0000000000002de6      0x18b /home/parichey/Documents/MCUXpresso_10.3.0_2200/workspace/lpc_chip_175x_6x/Debug/liblpc_chip_175x_6x.a(rtc_17xx_40xx.o)
 .debug_abbrev  0x0000000000002f71      0x18e /home/parichey/Documents/MCUXpresso_10.3.0_2200/workspace/lpc_chip_175x_6x/Debug/liblpc_chip_175x_6x.a(sysinit_17xx_40xx.o)
 .debug_abbrev  0x00000000000030ff      0x312 /home/parichey/Documents/MCUXpresso_10.3.0_2200/workspace/lpc_chip_175x_6x/Debug/liblpc_chip_175x_6x.a(uart_17xx_40xx.o)

.debug_aranges  0x0000000000000000      0xd28
 .debug_aranges
                0x0000000000000000      0x178 ./lpcusblib/Drivers/USB/Core/HCD/OHCI/OHCI.o
 .debug_aranges
                0x0000000000000178       0x30 ./lpcusblib/Drivers/USB/Core/HCD/HCD.o
 .debug_aranges
                0x00000000000001a8       0x60 ./lpcusblib/Drivers/USB/Core/HAL/LPC17XX/HAL_LPC17xx.o
 .debug_aranges
                0x0000000000000208       0x48 ./lpcusblib/Drivers/USB/Core/ConfigDescriptor.o
 .debug_aranges
                0x0000000000000250       0x60 ./lpcusblib/Drivers/USB/Core/Host.o
 .debug_aranges
                0x00000000000002b0       0x50 ./lpcusblib/Drivers/USB/Core/HostStandardReq.o
 .debug_aranges
                0x0000000000000300       0x48 ./lpcusblib/Drivers/USB/Core/Pipe.o
 .debug_aranges
                0x0000000000000348       0x80 ./lpcusblib/Drivers/USB/Core/PipeStream.o
 .debug_aranges
                0x00000000000003c8       0x38 ./lpcusblib/Drivers/USB/Core/USBController.o
 .debug_aranges
                0x0000000000000400       0x30 ./lpcusblib/Drivers/USB/Core/USBMemory.o
 .debug_aranges
                0x0000000000000430       0x28 ./lpcusblib/Drivers/USB/Core/USBTask.o
 .debug_aranges
                0x0000000000000458       0x98 ./lpcusblib/Drivers/USB/Class/Host/MassStorageClassHost.o
 .debug_aranges
                0x00000000000004f0      0x168 ./fatfs/src/ff.o
 .debug_aranges
                0x0000000000000658       0x40 ./fatfs/src/fs_usb.o
 .debug_aranges
                0x0000000000000698       0x38 ./fatfs/src/rtc.o
 .debug_aranges
                0x00000000000006d0       0xa0 ./example/src/MassStorageHost.o
 .debug_aranges
                0x0000000000000770       0x80 ./example/src/cr_startup_lpc175x_6x.o
 .debug_aranges
                0x00000000000007f0       0x20 ./example/src/sysinit.o
 .debug_aranges
                0x0000000000000810      0x160 /home/parichey/Documents/MCUXpresso_10.3.0_2200/workspace/lpc_board_nxp_lpcxpresso_1769/Debug/liblpc_board_nxp_lpcxpresso_1769.a(board.o)
 .debug_aranges
                0x0000000000000970       0x38 /home/parichey/Documents/MCUXpresso_10.3.0_2200/workspace/lpc_board_nxp_lpcxpresso_1769/Debug/liblpc_board_nxp_lpcxpresso_1769.a(board_sysinit.o)
 .debug_aranges
                0x00000000000009a8       0x38 /home/parichey/Documents/MCUXpresso_10.3.0_2200/workspace/lpc_chip_175x_6x/Debug/liblpc_chip_175x_6x.a(chip_17xx_40xx.o)
 .debug_aranges
                0x00000000000009e0      0x120 /home/parichey/Documents/MCUXpresso_10.3.0_2200/workspace/lpc_chip_175x_6x/Debug/liblpc_chip_175x_6x.a(clock_17xx_40xx.o)
 .debug_aranges
                0x0000000000000b00       0x30 /home/parichey/Documents/MCUXpresso_10.3.0_2200/workspace/lpc_chip_175x_6x/Debug/liblpc_chip_175x_6x.a(iocon_17xx_40xx.o)
 .debug_aranges
                0x0000000000000b30       0x70 /home/parichey/Documents/MCUXpresso_10.3.0_2200/workspace/lpc_chip_175x_6x/Debug/liblpc_chip_175x_6x.a(rtc_17xx_40xx.o)
 .debug_aranges
                0x0000000000000ba0       0x60 /home/parichey/Documents/MCUXpresso_10.3.0_2200/workspace/lpc_chip_175x_6x/Debug/liblpc_chip_175x_6x.a(sysinit_17xx_40xx.o)
 .debug_aranges
                0x0000000000000c00      0x128 /home/parichey/Documents/MCUXpresso_10.3.0_2200/workspace/lpc_chip_175x_6x/Debug/liblpc_chip_175x_6x.a(uart_17xx_40xx.o)

.debug_ranges   0x0000000000000000      0xb88
 .debug_ranges  0x0000000000000000      0x168 ./lpcusblib/Drivers/USB/Core/HCD/OHCI/OHCI.o
 .debug_ranges  0x0000000000000168       0x20 ./lpcusblib/Drivers/USB/Core/HCD/HCD.o
 .debug_ranges  0x0000000000000188       0x50 ./lpcusblib/Drivers/USB/Core/HAL/LPC17XX/HAL_LPC17xx.o
 .debug_ranges  0x00000000000001d8       0x38 ./lpcusblib/Drivers/USB/Core/ConfigDescriptor.o
 .debug_ranges  0x0000000000000210       0x50 ./lpcusblib/Drivers/USB/Core/Host.o
 .debug_ranges  0x0000000000000260       0x40 ./lpcusblib/Drivers/USB/Core/HostStandardReq.o
 .debug_ranges  0x00000000000002a0       0x38 ./lpcusblib/Drivers/USB/Core/Pipe.o
 .debug_ranges  0x00000000000002d8       0x70 ./lpcusblib/Drivers/USB/Core/PipeStream.o
 .debug_ranges  0x0000000000000348       0x28 ./lpcusblib/Drivers/USB/Core/USBController.o
 .debug_ranges  0x0000000000000370       0x20 ./lpcusblib/Drivers/USB/Core/USBMemory.o
 .debug_ranges  0x0000000000000390       0x18 ./lpcusblib/Drivers/USB/Core/USBTask.o
 .debug_ranges  0x00000000000003a8       0x88 ./lpcusblib/Drivers/USB/Class/Host/MassStorageClassHost.o
 .debug_ranges  0x0000000000000430      0x158 ./fatfs/src/ff.o
 .debug_ranges  0x0000000000000588       0x30 ./fatfs/src/fs_usb.o
 .debug_ranges  0x00000000000005b8       0x28 ./fatfs/src/rtc.o
 .debug_ranges  0x00000000000005e0       0x90 ./example/src/MassStorageHost.o
 .debug_ranges  0x0000000000000670       0x70 ./example/src/cr_startup_lpc175x_6x.o
 .debug_ranges  0x00000000000006e0       0x10 ./example/src/sysinit.o
 .debug_ranges  0x00000000000006f0      0x150 /home/parichey/Documents/MCUXpresso_10.3.0_2200/workspace/lpc_board_nxp_lpcxpresso_1769/Debug/liblpc_board_nxp_lpcxpresso_1769.a(board.o)
 .debug_ranges  0x0000000000000840       0x28 /home/parichey/Documents/MCUXpresso_10.3.0_2200/workspace/lpc_board_nxp_lpcxpresso_1769/Debug/liblpc_board_nxp_lpcxpresso_1769.a(board_sysinit.o)
 .debug_ranges  0x0000000000000868       0x28 /home/parichey/Documents/MCUXpresso_10.3.0_2200/workspace/lpc_chip_175x_6x/Debug/liblpc_chip_175x_6x.a(chip_17xx_40xx.o)
 .debug_ranges  0x0000000000000890      0x110 /home/parichey/Documents/MCUXpresso_10.3.0_2200/workspace/lpc_chip_175x_6x/Debug/liblpc_chip_175x_6x.a(clock_17xx_40xx.o)
 .debug_ranges  0x00000000000009a0       0x20 /home/parichey/Documents/MCUXpresso_10.3.0_2200/workspace/lpc_chip_175x_6x/Debug/liblpc_chip_175x_6x.a(iocon_17xx_40xx.o)
 .debug_ranges  0x00000000000009c0       0x60 /home/parichey/Documents/MCUXpresso_10.3.0_2200/workspace/lpc_chip_175x_6x/Debug/liblpc_chip_175x_6x.a(rtc_17xx_40xx.o)
 .debug_ranges  0x0000000000000a20       0x50 /home/parichey/Documents/MCUXpresso_10.3.0_2200/workspace/lpc_chip_175x_6x/Debug/liblpc_chip_175x_6x.a(sysinit_17xx_40xx.o)
 .debug_ranges  0x0000000000000a70      0x118 /home/parichey/Documents/MCUXpresso_10.3.0_2200/workspace/lpc_chip_175x_6x/Debug/liblpc_chip_175x_6x.a(uart_17xx_40xx.o)

.debug_macro    0x0000000000000000     0xae0f
 .debug_macro   0x0000000000000000      0x394 ./lpcusblib/Drivers/USB/Core/HCD/OHCI/OHCI.o
 .debug_macro   0x0000000000000394      0xa72 ./lpcusblib/Drivers/USB/Core/HCD/OHCI/OHCI.o
 .debug_macro   0x0000000000000e06       0x28 ./lpcusblib/Drivers/USB/Core/HCD/OHCI/OHCI.o
 .debug_macro   0x0000000000000e2e       0x2e ./lpcusblib/Drivers/USB/Core/HCD/OHCI/OHCI.o
 .debug_macro   0x0000000000000e5c       0x10 ./lpcusblib/Drivers/USB/Core/HCD/OHCI/OHCI.o
 .debug_macro   0x0000000000000e6c       0x10 ./lpcusblib/Drivers/USB/Core/HCD/OHCI/OHCI.o
 .debug_macro   0x0000000000000e7c      0x12d ./lpcusblib/Drivers/USB/Core/HCD/OHCI/OHCI.o
 .debug_macro   0x0000000000000fa9      0x5b2 ./lpcusblib/Drivers/USB/Core/HCD/OHCI/OHCI.o
 .debug_macro   0x000000000000155b       0x22 ./lpcusblib/Drivers/USB/Core/HCD/OHCI/OHCI.o
 .debug_macro   0x000000000000157d       0x10 ./lpcusblib/Drivers/USB/Core/HCD/OHCI/OHCI.o
 .debug_macro   0x000000000000158d       0x1c ./lpcusblib/Drivers/USB/Core/HCD/OHCI/OHCI.o
 .debug_macro   0x00000000000015a9       0xc7 ./lpcusblib/Drivers/USB/Core/HCD/OHCI/OHCI.o
 .debug_macro   0x0000000000001670       0x22 ./lpcusblib/Drivers/USB/Core/HCD/OHCI/OHCI.o
 .debug_macro   0x0000000000001692       0x86 ./lpcusblib/Drivers/USB/Core/HCD/OHCI/OHCI.o
 .debug_macro   0x0000000000001718       0x2b ./lpcusblib/Drivers/USB/Core/HCD/OHCI/OHCI.o
 .debug_macro   0x0000000000001743       0x3a ./lpcusblib/Drivers/USB/Core/HCD/OHCI/OHCI.o
 .debug_macro   0x000000000000177d       0x8d ./lpcusblib/Drivers/USB/Core/HCD/OHCI/OHCI.o
 .debug_macro   0x000000000000180a       0x22 ./lpcusblib/Drivers/USB/Core/HCD/OHCI/OHCI.o
 .debug_macro   0x000000000000182c       0x5d ./lpcusblib/Drivers/USB/Core/HCD/OHCI/OHCI.o
 .debug_macro   0x0000000000001889       0x82 ./lpcusblib/Drivers/USB/Core/HCD/OHCI/OHCI.o
 .debug_macro   0x000000000000190b       0x6c ./lpcusblib/Drivers/USB/Core/HCD/OHCI/OHCI.o
 .debug_macro   0x0000000000001977       0x10 ./lpcusblib/Drivers/USB/Core/HCD/OHCI/OHCI.o
 .debug_macro   0x0000000000001987       0x2d ./lpcusblib/Drivers/USB/Core/HCD/OHCI/OHCI.o
 .debug_macro   0x00000000000019b4       0x3a ./lpcusblib/Drivers/USB/Core/HCD/OHCI/OHCI.o
 .debug_macro   0x00000000000019ee       0x2d ./lpcusblib/Drivers/USB/Core/HCD/OHCI/OHCI.o
 .debug_macro   0x0000000000001a1b      0xbb1 ./lpcusblib/Drivers/USB/Core/HCD/OHCI/OHCI.o
 .debug_macro   0x00000000000025cc      0x22c ./lpcusblib/Drivers/USB/Core/HCD/OHCI/OHCI.o
 .debug_macro   0x00000000000027f8       0x42 ./lpcusblib/Drivers/USB/Core/HCD/OHCI/OHCI.o
 .debug_macro   0x000000000000283a       0x52 ./lpcusblib/Drivers/USB/Core/HCD/OHCI/OHCI.o
 .debug_macro   0x000000000000288c       0x78 ./lpcusblib/Drivers/USB/Core/HCD/OHCI/OHCI.o
 .debug_macro   0x0000000000002904       0x82 ./lpcusblib/Drivers/USB/Core/HCD/OHCI/OHCI.o
 .debug_macro   0x0000000000002986      0x48c ./lpcusblib/Drivers/USB/Core/HCD/OHCI/OHCI.o
 .debug_macro   0x0000000000002e12       0x34 ./lpcusblib/Drivers/USB/Core/HCD/OHCI/OHCI.o
 .debug_macro   0x0000000000002e46      0x4c5 ./lpcusblib/Drivers/USB/Core/HCD/OHCI/OHCI.o
 .debug_macro   0x000000000000330b      0x1b7 ./lpcusblib/Drivers/USB/Core/HCD/OHCI/OHCI.o
 .debug_macro   0x00000000000034c2       0x10 ./lpcusblib/Drivers/USB/Core/HCD/OHCI/OHCI.o
 .debug_macro   0x00000000000034d2      0x21b ./lpcusblib/Drivers/USB/Core/HCD/OHCI/OHCI.o
 .debug_macro   0x00000000000036ed      0x1b9 ./lpcusblib/Drivers/USB/Core/HCD/OHCI/OHCI.o
 .debug_macro   0x00000000000038a6       0x40 ./lpcusblib/Drivers/USB/Core/HCD/OHCI/OHCI.o
 .debug_macro   0x00000000000038e6       0x22 ./lpcusblib/Drivers/USB/Core/HCD/OHCI/OHCI.o
 .debug_macro   0x0000000000003908      0x162 ./lpcusblib/Drivers/USB/Core/HCD/OHCI/OHCI.o
 .debug_macro   0x0000000000003a6a       0x94 ./lpcusblib/Drivers/USB/Core/HCD/OHCI/OHCI.o
 .debug_macro   0x0000000000003afe       0xb8 ./lpcusblib/Drivers/USB/Core/HCD/OHCI/OHCI.o
 .debug_macro   0x0000000000003bb6       0x4c ./lpcusblib/Drivers/USB/Core/HCD/OHCI/OHCI.o
 .debug_macro   0x0000000000003c02       0x16 ./lpcusblib/Drivers/USB/Core/HCD/OHCI/OHCI.o
 .debug_macro   0x0000000000003c18      0x328 ./lpcusblib/Drivers/USB/Core/HCD/OHCI/OHCI.o
 .debug_macro   0x0000000000003f40       0x49 ./lpcusblib/Drivers/USB/Core/HCD/OHCI/OHCI.o
 .debug_macro   0x0000000000003f89       0x16 ./lpcusblib/Drivers/USB/Core/HCD/OHCI/OHCI.o
 .debug_macro   0x0000000000003f9f       0xca ./lpcusblib/Drivers/USB/Core/HCD/OHCI/OHCI.o
 .debug_macro   0x0000000000004069       0x11 ./lpcusblib/Drivers/USB/Core/HCD/OHCI/OHCI.o
 .debug_macro   0x000000000000407a       0x70 ./lpcusblib/Drivers/USB/Core/HCD/OHCI/OHCI.o
 .debug_macro   0x00000000000040ea       0x9a ./lpcusblib/Drivers/USB/Core/HCD/OHCI/OHCI.o
 .debug_macro   0x0000000000004184       0x20 ./lpcusblib/Drivers/USB/Core/HCD/OHCI/OHCI.o
 .debug_macro   0x00000000000041a4       0x28 ./lpcusblib/Drivers/USB/Core/HCD/OHCI/OHCI.o
 .debug_macro   0x00000000000041cc       0x10 ./lpcusblib/Drivers/USB/Core/HCD/OHCI/OHCI.o
 .debug_macro   0x00000000000041dc       0x56 ./lpcusblib/Drivers/USB/Core/HCD/OHCI/OHCI.o
 .debug_macro   0x0000000000004232       0x72 ./lpcusblib/Drivers/USB/Core/HCD/OHCI/OHCI.o
 .debug_macro   0x00000000000042a4       0x19 ./lpcusblib/Drivers/USB/Core/HCD/OHCI/OHCI.o
 .debug_macro   0x00000000000042bd       0x27 ./lpcusblib/Drivers/USB/Core/HCD/OHCI/OHCI.o
 .debug_macro   0x00000000000042e4      0x222 ./lpcusblib/Drivers/USB/Core/HCD/OHCI/OHCI.o
 .debug_macro   0x0000000000004506      0x36f ./lpcusblib/Drivers/USB/Core/HCD/HCD.o
 .debug_macro   0x0000000000004875      0x369 ./lpcusblib/Drivers/USB/Core/HAL/LPC17XX/HAL_LPC17xx.o
 .debug_macro   0x0000000000004bde       0x7b ./lpcusblib/Drivers/USB/Core/HAL/LPC17XX/HAL_LPC17xx.o
 .debug_macro   0x0000000000004c59       0x18 ./lpcusblib/Drivers/USB/Core/HAL/LPC17XX/HAL_LPC17xx.o
 .debug_macro   0x0000000000004c71       0x1e ./lpcusblib/Drivers/USB/Core/HAL/LPC17XX/HAL_LPC17xx.o
 .debug_macro   0x0000000000004c8f      0x36c ./lpcusblib/Drivers/USB/Core/ConfigDescriptor.o
 .debug_macro   0x0000000000004ffb       0x63 ./lpcusblib/Drivers/USB/Core/ConfigDescriptor.o
 .debug_macro   0x000000000000505e       0x1c ./lpcusblib/Drivers/USB/Core/ConfigDescriptor.o
 .debug_macro   0x000000000000507a      0x377 ./lpcusblib/Drivers/USB/Core/Host.o
 .debug_macro   0x00000000000053f1       0x87 ./lpcusblib/Drivers/USB/Core/Host.o
 .debug_macro   0x0000000000005478       0x12 ./lpcusblib/Drivers/USB/Core/Host.o
 .debug_macro   0x000000000000548a      0x363 ./lpcusblib/Drivers/USB/Core/HostStandardReq.o
 .debug_macro   0x00000000000057ed      0x367 ./lpcusblib/Drivers/USB/Core/Pipe.o
 .debug_macro   0x0000000000005b54       0x1c ./lpcusblib/Drivers/USB/Core/Pipe.o
 .debug_macro   0x0000000000005b70      0x36f ./lpcusblib/Drivers/USB/Core/PipeStream.o
 .debug_macro   0x0000000000005edf      0x364 ./lpcusblib/Drivers/USB/Core/USBController.o
 .debug_macro   0x0000000000006243       0x34 ./lpcusblib/Drivers/USB/Core/USBController.o
 .debug_macro   0x0000000000006277       0x10 ./lpcusblib/Drivers/USB/Core/USBController.o
 .debug_macro   0x0000000000006287      0x393 ./lpcusblib/Drivers/USB/Core/USBMemory.o
 .debug_macro   0x000000000000661a      0x371 ./lpcusblib/Drivers/USB/Core/USBTask.o
 .debug_macro   0x000000000000698b      0x511 ./lpcusblib/Drivers/USB/Class/Host/MassStorageClassHost.o
 .debug_macro   0x0000000000006e9c       0x12 ./lpcusblib/Drivers/USB/Class/Host/MassStorageClassHost.o
 .debug_macro   0x0000000000006eae       0x22 ./lpcusblib/Drivers/USB/Class/Host/MassStorageClassHost.o
 .debug_macro   0x0000000000006ed0       0x16 ./lpcusblib/Drivers/USB/Class/Host/MassStorageClassHost.o
 .debug_macro   0x0000000000006ee6      0x12a ./lpcusblib/Drivers/USB/Class/Host/MassStorageClassHost.o
 .debug_macro   0x0000000000007010       0x16 ./lpcusblib/Drivers/USB/Class/Host/MassStorageClassHost.o
 .debug_macro   0x0000000000007026       0x46 ./lpcusblib/Drivers/USB/Class/Host/MassStorageClassHost.o
 .debug_macro   0x000000000000706c       0x16 ./lpcusblib/Drivers/USB/Class/Host/MassStorageClassHost.o
 .debug_macro   0x0000000000007082      0x154 ./lpcusblib/Drivers/USB/Class/Host/MassStorageClassHost.o